Archive member included to satisfy reference by file (symbol)

/home/julian/programs/stm32/Ac6/SystemWorkbench/plugins/fr.ac6.mcu.externaltools.arm-none.linux64_1.17.0.201812190825/tools/compiler/bin/../lib/gcc/arm-none-eabi/7.3.1/thumb/v7e-m/fpv4-sp/hard/libgcc.a(_aeabi_uldivmod.o)
                              Drivers/STM32F4xx_HAL_Driver/Src/stm32f4xx_hal_rcc.o (__aeabi_uldivmod)
/home/julian/programs/stm32/Ac6/SystemWorkbench/plugins/fr.ac6.mcu.externaltools.arm-none.linux64_1.17.0.201812190825/tools/compiler/bin/../lib/gcc/arm-none-eabi/7.3.1/thumb/v7e-m/fpv4-sp/hard/libgcc.a(_udivmoddi4.o)
                              /home/julian/programs/stm32/Ac6/SystemWorkbench/plugins/fr.ac6.mcu.externaltools.arm-none.linux64_1.17.0.201812190825/tools/compiler/bin/../lib/gcc/arm-none-eabi/7.3.1/thumb/v7e-m/fpv4-sp/hard/libgcc.a(_aeabi_uldivmod.o) (__udivmoddi4)
/home/julian/programs/stm32/Ac6/SystemWorkbench/plugins/fr.ac6.mcu.externaltools.arm-none.linux64_1.17.0.201812190825/tools/compiler/bin/../lib/gcc/arm-none-eabi/7.3.1/thumb/v7e-m/fpv4-sp/hard/libgcc.a(_dvmd_tls.o)
                              /home/julian/programs/stm32/Ac6/SystemWorkbench/plugins/fr.ac6.mcu.externaltools.arm-none.linux64_1.17.0.201812190825/tools/compiler/bin/../lib/gcc/arm-none-eabi/7.3.1/thumb/v7e-m/fpv4-sp/hard/libgcc.a(_aeabi_uldivmod.o) (__aeabi_ldiv0)
/home/julian/programs/stm32/Ac6/SystemWorkbench/plugins/fr.ac6.mcu.externaltools.arm-none.linux64_1.17.0.201812190825/tools/compiler/bin/../lib/gcc/arm-none-eabi/7.3.1/../../../../arm-none-eabi/lib/thumb/v7e-m/fpv4-sp/hard/libc_nano.a(lib_a-atoi.o)
                              BSP/Src/esp8266.o (atoi)
/home/julian/programs/stm32/Ac6/SystemWorkbench/plugins/fr.ac6.mcu.externaltools.arm-none.linux64_1.17.0.201812190825/tools/compiler/bin/../lib/gcc/arm-none-eabi/7.3.1/../../../../arm-none-eabi/lib/thumb/v7e-m/fpv4-sp/hard/libc_nano.a(lib_a-calloc.o)
                              Core/Src/main.o (calloc)
/home/julian/programs/stm32/Ac6/SystemWorkbench/plugins/fr.ac6.mcu.externaltools.arm-none.linux64_1.17.0.201812190825/tools/compiler/bin/../lib/gcc/arm-none-eabi/7.3.1/../../../../arm-none-eabi/lib/thumb/v7e-m/fpv4-sp/hard/libc_nano.a(lib_a-errno.o)
                              Core/Src/syscalls.o (__errno)
/home/julian/programs/stm32/Ac6/SystemWorkbench/plugins/fr.ac6.mcu.externaltools.arm-none.linux64_1.17.0.201812190825/tools/compiler/bin/../lib/gcc/arm-none-eabi/7.3.1/../../../../arm-none-eabi/lib/thumb/v7e-m/fpv4-sp/hard/libc_nano.a(lib_a-exit.o)
                              /home/julian/programs/stm32/Ac6/SystemWorkbench/plugins/fr.ac6.mcu.externaltools.arm-none.linux64_1.17.0.201812190825/tools/compiler/bin/../lib/gcc/arm-none-eabi/7.3.1/../../../../arm-none-eabi/lib/thumb/v7e-m/fpv4-sp/hard/crt0.o (exit)
/home/julian/programs/stm32/Ac6/SystemWorkbench/plugins/fr.ac6.mcu.externaltools.arm-none.linux64_1.17.0.201812190825/tools/compiler/bin/../lib/gcc/arm-none-eabi/7.3.1/../../../../arm-none-eabi/lib/thumb/v7e-m/fpv4-sp/hard/libc_nano.a(lib_a-impure.o)
                              /home/julian/programs/stm32/Ac6/SystemWorkbench/plugins/fr.ac6.mcu.externaltools.arm-none.linux64_1.17.0.201812190825/tools/compiler/bin/../lib/gcc/arm-none-eabi/7.3.1/../../../../arm-none-eabi/lib/thumb/v7e-m/fpv4-sp/hard/libc_nano.a(lib_a-exit.o) (_global_impure_ptr)
/home/julian/programs/stm32/Ac6/SystemWorkbench/plugins/fr.ac6.mcu.externaltools.arm-none.linux64_1.17.0.201812190825/tools/compiler/bin/../lib/gcc/arm-none-eabi/7.3.1/../../../../arm-none-eabi/lib/thumb/v7e-m/fpv4-sp/hard/libc_nano.a(lib_a-init.o)
                              /home/julian/programs/stm32/Ac6/SystemWorkbench/plugins/fr.ac6.mcu.externaltools.arm-none.linux64_1.17.0.201812190825/tools/compiler/bin/../lib/gcc/arm-none-eabi/7.3.1/../../../../arm-none-eabi/lib/thumb/v7e-m/fpv4-sp/hard/crt0.o (__libc_init_array)
/home/julian/programs/stm32/Ac6/SystemWorkbench/plugins/fr.ac6.mcu.externaltools.arm-none.linux64_1.17.0.201812190825/tools/compiler/bin/../lib/gcc/arm-none-eabi/7.3.1/../../../../arm-none-eabi/lib/thumb/v7e-m/fpv4-sp/hard/libc_nano.a(lib_a-memcpy-stub.o)
                              Middlewares/Third_Party/FreeRTOS/Source/queue.o (memcpy)
/home/julian/programs/stm32/Ac6/SystemWorkbench/plugins/fr.ac6.mcu.externaltools.arm-none.linux64_1.17.0.201812190825/tools/compiler/bin/../lib/gcc/arm-none-eabi/7.3.1/../../../../arm-none-eabi/lib/thumb/v7e-m/fpv4-sp/hard/libc_nano.a(lib_a-memset.o)
                              /home/julian/programs/stm32/Ac6/SystemWorkbench/plugins/fr.ac6.mcu.externaltools.arm-none.linux64_1.17.0.201812190825/tools/compiler/bin/../lib/gcc/arm-none-eabi/7.3.1/../../../../arm-none-eabi/lib/thumb/v7e-m/fpv4-sp/hard/crt0.o (memset)
/home/julian/programs/stm32/Ac6/SystemWorkbench/plugins/fr.ac6.mcu.externaltools.arm-none.linux64_1.17.0.201812190825/tools/compiler/bin/../lib/gcc/arm-none-eabi/7.3.1/../../../../arm-none-eabi/lib/thumb/v7e-m/fpv4-sp/hard/libc_nano.a(lib_a-nano-callocr.o)
[...]
Memory Configuration

Name             Origin             Length             Attributes
RAM              0x0000000020000000 0x0000000000020000 xrw
FLASH            0x0000000008000000 0x0000000000080000 xr
*default*        0x0000000000000000 0xffffffffffffffff

Linker script and memory map

LOAD /home/julian/programs/stm32/Ac6/SystemWorkbench/plugins/fr.ac6.mcu.externaltools.arm-none.linux64_1.17.0.201812190825/tools/compiler/bin/../lib/gcc/arm-none-eabi/7.3.1/thumb/v7e-m/fpv4-sp/hard/crti.o
LOAD /home/julian/programs/stm32/Ac6/SystemWorkbench/plugins/fr.ac6.mcu.externaltools.arm-none.linux64_1.17.0.201812190825/tools/compiler/bin/../lib/gcc/arm-none-eabi/7.3.1/thumb/v7e-m/fpv4-sp/hard/crtbegin.o
LOAD /home/julian/programs/stm32/Ac6/SystemWorkbench/plugins/fr.ac6.mcu.externaltools.arm-none.linux64_1.17.0.201812190825/tools/compiler/bin/../lib/gcc/arm-none-eabi/7.3.1/../../../../arm-none-eabi/lib/thumb/v7e-m/fpv4-sp/hard/crt0.o
LOAD BSP/Src/DHT.o
LOAD BSP/Src/UartRingbuffer.o
LOAD BSP/Src/bsp.o
LOAD BSP/Src/esp8266.o
LOAD BSP/Src/gpio.o
LOAD BSP/Src/led.o
LOAD BSP/Src/usart.o
LOAD Core/Src/freertos.o
LOAD Core/Src/main.o
LOAD Core/Src/stm32f4xx_hal_msp.o
LOAD Core/Src/stm32f4xx_it.o
LOAD Core/Src/syscalls.o
LOAD Core/Src/system_stm32f4xx.o
LOAD Drivers/STM32F4xx_HAL_Driver/Src/stm32f4xx_hal.o
LOAD Drivers/STM32F4xx_HAL_Driver/Src/stm32f4xx_hal_cortex.o
LOAD Drivers/STM32F4xx_HAL_Driver/Src/stm32f4xx_hal_dma.o
LOAD Drivers/STM32F4xx_HAL_Driver/Src/stm32f4xx_hal_dma_ex.o
LOAD Drivers/STM32F4xx_HAL_Driver/Src/stm32f4xx_hal_exti.o
LOAD Drivers/STM32F4xx_HAL_Driver/Src/stm32f4xx_hal_flash.o
LOAD Drivers/STM32F4xx_HAL_Driver/Src/stm32f4xx_hal_flash_ex.o
LOAD Drivers/STM32F4xx_HAL_Driver/Src/stm32f4xx_hal_flash_ramfunc.o
LOAD Drivers/STM32F4xx_HAL_Driver/Src/stm32f4xx_hal_gpio.o
LOAD Drivers/STM32F4xx_HAL_Driver/Src/stm32f4xx_hal_pwr.o
LOAD Drivers/STM32F4xx_HAL_Driver/Src/stm32f4xx_hal_pwr_ex.o
LOAD Drivers/STM32F4xx_HAL_Driver/Src/stm32f4xx_hal_rcc.o
LOAD Drivers/STM32F4xx_HAL_Driver/Src/stm32f4xx_hal_rcc_ex.o
LOAD Drivers/STM32F4xx_HAL_Driver/Src/stm32f4xx_hal_tim.o
LOAD Drivers/STM32F4xx_HAL_Driver/Src/stm32f4xx_hal_tim_ex.o
LOAD Drivers/STM32F4xx_HAL_Driver/Src/stm32f4xx_hal_uart.o
LOAD Middlewares/Third_Party/FreeRTOS/Source/CMSIS_RTOS/cmsis_os.o
LOAD Middlewares/Third_Party/FreeRTOS/Source/croutine.o
LOAD Middlewares/Third_Party/FreeRTOS/Source/event_groups.o
LOAD Middlewares/Third_Party/FreeRTOS/Source/list.o
LOAD Middlewares/Third_Party/FreeRTOS/Source/queue.o
LOAD Middlewares/Third_Party/FreeRTOS/Source/stream_buffer.o
LOAD Middlewares/Third_Party/FreeRTOS/Source/tasks.o
LOAD Middlewares/Third_Party/FreeRTOS/Source/timers.o
LOAD Middlewares/Third_Party/FreeRTOS/Source/portable/GCC/ARM_CM4F/port.o
LOAD Middlewares/Third_Party/FreeRTOS/Source/portable/MemMang/heap_4.o
LOAD startup/startup_stm32f411xe.o
LOAD /home/julian/programs/stm32/Ac6/SystemWorkbench/plugins/fr.ac6.mcu.externaltools.arm-none.linux64_1.17.0.201812190825/tools/compiler/bin/../lib/gcc/arm-none-eabi/7.3.1/../../../../arm-none-eabi/lib/thumb/v7e-m/fpv4-sp/hard/libm.a
START GROUP
LOAD /home/julian/programs/stm32/Ac6/SystemWorkbench/plugins/fr.ac6.mcu.externaltools.arm-none.linux64_1.17.0.201812190825/tools/compiler/bin/../lib/gcc/arm-none-eabi/7.3.1/thumb/v7e-m/fpv4-sp/hard/libgcc.a
LOAD /home/julian/programs/stm32/Ac6/SystemWorkbench/plugins/fr.ac6.mcu.externaltools.arm-none.linux64_1.17.0.201812190825/tools/compiler/bin/../lib/gcc/arm-none-eabi/7.3.1/../../../../arm-none-eabi/lib/thumb/v7e-m/fpv4-sp/hard/libc_nano.a
END GROUP
START GROUP
LOAD /home/julian/programs/stm32/Ac6/SystemWorkbench/plugins/fr.ac6.mcu.externaltools.arm-none.linux64_1.17.0.201812190825/tools/compiler/bin/../lib/gcc/arm-none-eabi/7.3.1/thumb/v7e-m/fpv4-sp/hard/libgcc.a
LOAD /home/julian/programs/stm32/Ac6/SystemWorkbench/plugins/fr.ac6.mcu.externaltools.arm-none.linux64_1.17.0.201812190825/tools/compiler/bin/../lib/gcc/arm-none-eabi/7.3.1/../../../../arm-none-eabi/lib/thumb/v7e-m/fpv4-sp/hard/libc_nano.a
LOAD /home/julian/programs/stm32/Ac6/SystemWorkbench/plugins/fr.ac6.mcu.externaltools.arm-none.linux64_1.17.0.201812190825/tools/compiler/bin/../lib/gcc/arm-none-eabi/7.3.1/../../../../arm-none-eabi/lib/thumb/v7e-m/fpv4-sp/hard/libnosys.a
END GROUP
START GROUP
LOAD /home/julian/programs/stm32/Ac6/SystemWorkbench/plugins/fr.ac6.mcu.externaltools.arm-none.linux64_1.17.0.201812190825/tools/compiler/bin/../lib/gcc/arm-none-eabi/7.3.1/thumb/v7e-m/fpv4-sp/hard/libgcc.a
LOAD /home/julian/programs/stm32/Ac6/SystemWorkbench/plugins/fr.ac6.mcu.externaltools.arm-none.linux64_1.17.0.201812190825/tools/compiler/bin/../lib/gcc/arm-none-eabi/7.3.1/../../../../arm-none-eabi/lib/thumb/v7e-m/fpv4-sp/hard/libc_nano.a
LOAD /home/julian/programs/stm32/Ac6/SystemWorkbench/plugins/fr.ac6.mcu.externaltools.arm-none.linux64_1.17.0.201812190825/tools/compiler/bin/../lib/gcc/arm-none-eabi/7.3.1/../../../../arm-none-eabi/lib/thumb/v7e-m/fpv4-sp/hard/libnosys.a
END GROUP
LOAD /home/julian/programs/stm32/Ac6/SystemWorkbench/plugins/fr.ac6.mcu.externaltools.arm-none.linux64_1.17.0.201812190825/tools/compiler/bin/../lib/gcc/arm-none-eabi/7.3.1/thumb/v7e-m/fpv4-sp/hard/crtend.o
LOAD /home/julian/programs/stm32/Ac6/SystemWorkbench/plugins/fr.ac6.mcu.externaltools.arm-none.linux64_1.17.0.201812190825/tools/compiler/bin/../lib/gcc/arm-none-eabi/7.3.1/thumb/v7e-m/fpv4-sp/hard/crtn.o
                0x0000000020020000                _estack = 0x20020000
                0x0000000000000200                _Min_Heap_Size = 0x200
                0x0000000000000400                _Min_Stack_Size = 0x400

.isr_vector     0x0000000008000000      0x198
                0x0000000008000000                . = ALIGN (0x4)
 *(.isr_vector)
 .isr_vector    0x0000000008000000      0x198 startup/startup_stm32f411xe.o
                0x0000000008000000                g_pfnVectors
                0x0000000008000198                . = ALIGN (0x4)

.text           0x00000000080001a0     0x79d4
                0x00000000080001a0                . = ALIGN (0x4)
 *(.text)
 .text          0x00000000080001a0       0x40 /home/julian/programs/stm32/Ac6/SystemWorkbench/plugins/fr.ac6.mcu.externaltools.arm-none.linux64_1.17.0.201812190825/tools/compiler/bin/../lib/gcc/arm-none-eabi/7.3.1/thumb/v7e-m/fpv4-sp/hard/crtbegin.o
 .text          0x00000000080001e0       0x30 /home/julian/programs/stm32/Ac6/SystemWorkbench/plugins/fr.ac6.mcu.externaltools.arm-none.linux64_1.17.0.201812190825/tools/compiler/bin/../lib/gcc/arm-none-eabi/7.3.1/thumb/v7e-m/fpv4-sp/hard/libgcc.a(_aeabi_uldivmod.o)
                0x00000000080001e0                __aeabi_uldivmod
 .text          0x0000000008000210      0x2cc /home/julian/programs/stm32/Ac6/SystemWorkbench/plugins/fr.ac6.mcu.externaltools.arm-none.linux64_1.17.0.201812190825/tools/compiler/bin/../lib/gcc/arm-none-eabi/7.3.1/thumb/v7e-m/fpv4-sp/hard/libgcc.a(_udivmoddi4.o)
                0x0000000008000210                __udivmoddi4
 .text          0x00000000080004dc        0x4 /home/julian/programs/stm32/Ac6/SystemWorkbench/plugins/fr.ac6.mcu.externaltools.arm-none.linux64_1.17.0.201812190825/tools/compiler/bin/../lib/gcc/arm-none-eabi/7.3.1/thumb/v7e-m/fpv4-sp/hard/libgcc.a(_dvmd_tls.o)
                0x00000000080004dc                __aeabi_ldiv0
                0x00000000080004dc                __aeabi_idiv0
 .text          0x00000000080004e0       0x14 /home/julian/programs/stm32/Ac6/SystemWorkbench/plugins/fr.ac6.mcu.externaltools.arm-none.linux64_1.17.0.201812190825/tools/compiler/bin/../lib/gcc/arm-none-eabi/7.3.1/../../../../arm-none-eabi/lib/thumb/v7e-m/fpv4-sp/hard/libc_nano.a(lib_a-strcmp.o)
                0x00000000080004e0                strcmp
 .text          0x00000000080004f4       0x10 /home/julian/programs/stm32/Ac6/SystemWorkbench/plugins/fr.ac6.mcu.externaltools.arm-none.linux64_1.17.0.201812190825/tools/compiler/bin/../lib/gcc/arm-none-eabi/7.3.1/../../../../arm-none-eabi/lib/thumb/v7e-m/fpv4-sp/hard/libc_nano.a(lib_a-strlen.o)
                0x00000000080004f4                strlen
 *fill*         0x0000000008000504        0xc 
 .text          0x0000000008000510       0xa0 /home/julian/programs/stm32/Ac6/SystemWorkbench/plugins/fr.ac6.mcu.externaltools.arm-none.linux64_1.17.0.201812190825/tools/compiler/bin/../lib/gcc/arm-none-eabi/7.3.1/../../../../arm-none-eabi/lib/thumb/v7e-m/fpv4-sp/hard/libc_nano.a(lib_a-memchr.o)
                0x0000000008000510                memchr
 .text          0x00000000080005b0      0x378 /home/julian/programs/stm32/Ac6/SystemWorkbench/plugins/fr.ac6.mcu.externaltools.arm-none.linux64_1.17.0.201812190825/tools/compiler/bin/../lib/gcc/arm-none-eabi/7.3.1/thumb/v7e-m/fpv4-sp/hard/libgcc.a(_arm_addsubdf3.o)
                0x00000000080005b0                __aeabi_drsub
                0x00000000080005b8                __aeabi_dsub
                0x00000000080005b8                __subdf3
                0x00000000080005bc                __adddf3
                0x00000000080005bc                __aeabi_dadd
                0x0000000008000834                __aeabi_ui2d
                0x0000000008000834                __floatunsidf
                0x0000000008000854                __floatsidf
                0x0000000008000854                __aeabi_i2d
                0x0000000008000878                __extendsfdf2
                0x0000000008000878                __aeabi_f2d
                0x00000000080008bc                __aeabi_ul2d
                0x00000000080008bc                __floatundidf
                0x00000000080008cc                __floatdidf
                0x00000000080008cc                __aeabi_l2d
 .text          0x0000000008000928      0x424 /home/julian/programs/stm32/Ac6/SystemWorkbench/plugins/fr.ac6.mcu.externaltools.arm-none.linux64_1.17.0.201812190825/tools/compiler/bin/../lib/gcc/arm-none-eabi/7.3.1/thumb/v7e-m/fpv4-sp/hard/libgcc.a(_arm_muldivdf3.o)
                0x0000000008000928                __aeabi_dmul
                0x0000000008000928                __muldf3
                0x0000000008000b7c                __aeabi_ddiv
                0x0000000008000b7c                __divdf3
 .text          0x0000000008000d4c      0x110 /home/julian/programs/stm32/Ac6/SystemWorkbench/plugins/fr.ac6.mcu.externaltools.arm-none.linux64_1.17.0.201812190825/tools/compiler/bin/../lib/gcc/arm-none-eabi/7.3.1/thumb/v7e-m/fpv4-sp/hard/libgcc.a(_arm_cmpdf2.o)
                0x0000000008000d4c                __gtdf2
                0x0000000008000d4c                __gedf2
                0x0000000008000d54                __ltdf2
                0x0000000008000d54                __ledf2
                0x0000000008000d5c                __cmpdf2
                0x0000000008000d5c                __eqdf2
                0x0000000008000d5c                __nedf2
                0x0000000008000dd8                __aeabi_cdrcmple
                0x0000000008000de8                __aeabi_cdcmple
                0x0000000008000de8                __aeabi_cdcmpeq
                0x0000000008000df8                __aeabi_dcmpeq
                0x0000000008000e0c                __aeabi_dcmplt
                0x0000000008000e20                __aeabi_dcmple
                0x0000000008000e34                __aeabi_dcmpge
                0x0000000008000e48                __aeabi_dcmpgt
 .text          0x0000000008000e5c       0x2c /home/julian/programs/stm32/Ac6/SystemWorkbench/plugins/fr.ac6.mcu.externaltools.arm-none.linux64_1.17.0.201812190825/tools/compiler/bin/../lib/gcc/arm-none-eabi/7.3.1/thumb/v7e-m/fpv4-sp/hard/libgcc.a(_arm_unorddf2.o)
                0x0000000008000e5c                __aeabi_dcmpun
                0x0000000008000e5c                __unorddf2
 .text          0x0000000008000e88       0x50 /home/julian/programs/stm32/Ac6/SystemWorkbench/plugins/fr.ac6.mcu.externaltools.arm-none.linux64_1.17.0.201812190825/tools/compiler/bin/../lib/gcc/arm-none-eabi/7.3.1/thumb/v7e-m/fpv4-sp/hard/libgcc.a(_arm_fixdfsi.o)
                0x0000000008000e88                __fixdfsi
                0x0000000008000e88                __aeabi_d2iz
 *(.text*)
 .text.DWT_Delay_Init
                0x0000000008000ed8       0x44 BSP/Src/DHT.o
                0x0000000008000ed8                DWT_Delay_Init
 .text.Set_Pin_Output
                0x0000000008000f1c       0x1e BSP/Src/DHT.o
                0x0000000008000f1c                Set_Pin_Output
 .text.Set_Pin_Input
                0x0000000008000f3a       0x20 BSP/Src/DHT.o
                0x0000000008000f3a                Set_Pin_Input
 *fill*         0x0000000008000f5a        0x2 
 .text.DHT_Start
                0x0000000008000f5c       0x7c BSP/Src/DHT.o
                0x0000000008000f5c                DHT_Start
 .text.DHT_Check_Response
                0x0000000008000fd8       0x90 BSP/Src/DHT.o
                0x0000000008000fd8                DHT_Check_Response
 .text.DHT_Read
                0x0000000008001068       0x80 BSP/Src/DHT.o
                0x0000000008001068                DHT_Read
 .text.DHT_GetData
                0x00000000080010e8       0x80 BSP/Src/DHT.o
                0x00000000080010e8                DHT_GetData
 .text.Ringbuf_init
                0x0000000008001168       0x64 BSP/Src/UartRingbuffer.o
                0x0000000008001168                Ringbuf_init
 .text.store_char
                0x00000000080011cc       0x1e BSP/Src/UartRingbuffer.o
                0x00000000080011cc                store_char
 .text.Look_for
                0x00000000080011ea       0x36 BSP/Src/UartRingbuffer.o
                0x00000000080011ea                Look_for
 .text.Uart_read
                0x0000000008001220       0x7c BSP/Src/UartRingbuffer.o
                0x0000000008001220                Uart_read
 .text.Uart_write
                0x000000000800129c       0x90 BSP/Src/UartRingbuffer.o
                0x000000000800129c                Uart_write
 .text.IsDataAvailable
                0x000000000800132c       0x4c BSP/Src/UartRingbuffer.o
                0x000000000800132c                IsDataAvailable
 .text.Uart_sendstring
                0x0000000008001378       0x18 BSP/Src/UartRingbuffer.o
                0x0000000008001378                Uart_sendstring
 .text.GetDataFromBuffer
                0x0000000008001390       0x7a BSP/Src/UartRingbuffer.o
                0x0000000008001390                GetDataFromBuffer
 *fill*         0x000000000800140a        0x2 
 .text.Uart_flush
                0x000000000800140c       0x54 BSP/Src/UartRingbuffer.o
                0x000000000800140c                Uart_flush
 .text.Uart_peek
                0x0000000008001460       0x60 BSP/Src/UartRingbuffer.o
                0x0000000008001460                Uart_peek
 .text.Copy_upto
                0x00000000080014c0       0x94 BSP/Src/UartRingbuffer.o
                0x00000000080014c0                Copy_upto
 .text.Wait_for
                0x0000000008001554       0x68 BSP/Src/UartRingbuffer.o
                0x0000000008001554                Wait_for
 .text.Get_after
                0x00000000080015bc       0x36 BSP/Src/UartRingbuffer.o
                0x00000000080015bc                Get_after
 *fill*         0x00000000080015f2        0x2 
 .text.Wait_for_timeout
                0x00000000080015f4       0x84 BSP/Src/UartRingbuffer.o
                0x00000000080015f4                Wait_for_timeout
 .text.Uart_isr
                0x0000000008001678       0xe0 BSP/Src/UartRingbuffer.o
                0x0000000008001678                Uart_isr
 .text.vSetTemp
                0x0000000008001758       0x30 BSP/Src/bsp.o
                0x0000000008001758                vSetTemp
 .text.vSetHum  0x0000000008001788       0x30 BSP/Src/bsp.o
                0x0000000008001788                vSetHum
 .text.vConnectWifi_StaticIp
                0x00000000080017b8        0x8 BSP/Src/bsp.o
                0x00000000080017b8                vConnectWifi_StaticIp
 .text.vRefreshWebserver
                0x00000000080017c0        0x8 BSP/Src/bsp.o
                0x00000000080017c0                vRefreshWebserver
 .text.vReadDHTSensor
                0x00000000080017c8        0x8 BSP/Src/bsp.o
                0x00000000080017c8                vReadDHTSensor
 .text.vLogDataThingSpeaker
                0x00000000080017d0        0x8 BSP/Src/bsp.o
                0x00000000080017d0                vLogDataThingSpeaker
 .text.vSendToUart
                0x00000000080017d8        0x8 BSP/Src/bsp.o
                0x00000000080017d8                vSendToUart
 .text.vTurnLedOn
                0x00000000080017e0        0x8 BSP/Src/bsp.o
                0x00000000080017e0                vTurnLedOn
 .text.vTurnLedOff
                0x00000000080017e8        0x8 BSP/Src/bsp.o
                0x00000000080017e8                vTurnLedOff
 .text.Error_Handler
                0x00000000080017f0        0x4 BSP/Src/bsp.o
                0x00000000080017f0                Error_Handler
 .text.SystemClock_Config
                0x00000000080017f4       0xa4 BSP/Src/bsp.o
                0x00000000080017f4                SystemClock_Config
 .text.BSP_Init
                0x0000000008001898       0x1c BSP/Src/bsp.o
                0x0000000008001898                BSP_Init
 .text.setValue
                0x00000000080018b4       0x34 BSP/Src/esp8266.o
 .text.setRanges
                0x00000000080018e8       0x38 BSP/Src/esp8266.o
 .text.bufclr   0x0000000008001920       0x18 BSP/Src/esp8266.o
 .text.strtoIntValue
                0x0000000008001938       0x16 BSP/Src/esp8266.o
 *fill*         0x000000000800194e        0x2 
 .text.Handle_controlData
                0x0000000008001950       0xc0 BSP/Src/esp8266.o
 .text.ESP_Init
                0x0000000008001a10      0x110 BSP/Src/esp8266.o
                0x0000000008001a10                ESP_Init
 .text.Server_Send
                0x0000000008001b20       0x90 BSP/Src/esp8266.o
                0x0000000008001b20                Server_Send
 .text.HandleScheduleData
                0x0000000008001bb0       0x88 BSP/Src/esp8266.o
                0x0000000008001bb0                HandleScheduleData
 .text.wait_timeout
                0x0000000008001c38       0x1e BSP/Src/esp8266.o
                0x0000000008001c38                wait_timeout
 *fill*         0x0000000008001c56        0x2 
 .text.Server_Send_main
                0x0000000008001c58      0x184 BSP/Src/esp8266.o
                0x0000000008001c58                Server_Send_main
 .text.Server_Handle
                0x0000000008001ddc       0xec BSP/Src/esp8266.o
                0x0000000008001ddc                Server_Handle
 .text.Server_Start
                0x0000000008001ec8      0x368 BSP/Src/esp8266.o
                0x0000000008001ec8                Server_Start
 .text.ESP_Send_Multi
                0x0000000008002230      0x124 BSP/Src/esp8266.o
                0x0000000008002230                ESP_Send_Multi
 .text.MX_GPIO_Init
                0x0000000008002354       0x90 BSP/Src/gpio.o
                0x0000000008002354                MX_GPIO_Init
 .text.vLED_on  0x00000000080023e4        0xe BSP/Src/led.o
                0x00000000080023e4                vLED_on
 .text.vLED_off
                0x00000000080023f2        0xe BSP/Src/led.o
                0x00000000080023f2                vLED_off
 .text.vLED_Init
                0x0000000008002400       0x94 BSP/Src/led.o
                0x0000000008002400                vLED_Init
 .text.MX_USART1_UART_Init
                0x0000000008002494       0x34 BSP/Src/usart.o
                0x0000000008002494                MX_USART1_UART_Init
 .text.MX_USART2_UART_Init
                0x00000000080024c8       0x34 BSP/Src/usart.o
                0x00000000080024c8                MX_USART2_UART_Init
 .text.HAL_UART_MspInit
                0x00000000080024fc      0x170 BSP/Src/usart.o
                0x00000000080024fc                HAL_UART_MspInit
 .text.vTaskSendDataThingSpeak
                0x000000000800266c       0x74 Core/Src/main.o
                0x000000000800266c                vTaskSendDataThingSpeak
 .text.vTaskRefreshWebserver
                0x00000000080026e0       0x2c Core/Src/main.o
                0x00000000080026e0                vTaskRefreshWebserver
 .text.vTaskControlTempHum
                0x000000000800270c       0xa4 Core/Src/main.o
                0x000000000800270c                vTaskControlTempHum
 .text.vTaskGetDataDHT
                0x00000000080027b0       0x98 Core/Src/main.o
                0x00000000080027b0                vTaskGetDataDHT
 .text.vTaskDelayedCommand
                0x0000000008002848       0x6c Core/Src/main.o
                0x0000000008002848                vTaskDelayedCommand
 .text.prvTimerCallbackHandler
                0x00000000080028b4       0x2c Core/Src/main.o
                0x00000000080028b4                prvTimerCallbackHandler
 .text.HandleScheduledCommand
                0x00000000080028e0      0x1a8 Core/Src/main.o
                0x00000000080028e0                HandleScheduledCommand
 .text.vDelayTask
                0x0000000008002a88       0x54 Core/Src/main.o
                0x0000000008002a88                vDelayTask
 .text.main     0x0000000008002adc      0x244 Core/Src/main.o
                0x0000000008002adc                main
 .text.HAL_MspInit
                0x0000000008002d20       0x54 Core/Src/stm32f4xx_hal_msp.o
                0x0000000008002d20                HAL_MspInit
 .text.NMI_Handler
                0x0000000008002d74        0x2 Core/Src/stm32f4xx_it.o
                0x0000000008002d74                NMI_Handler
 .text.HardFault_Handler
                0x0000000008002d76        0x2 Core/Src/stm32f4xx_it.o
                0x0000000008002d76                HardFault_Handler
 .text.MemManage_Handler
                0x0000000008002d78        0x2 Core/Src/stm32f4xx_it.o
                0x0000000008002d78                MemManage_Handler
 .text.BusFault_Handler
                0x0000000008002d7a        0x2 Core/Src/stm32f4xx_it.o
                0x0000000008002d7a                BusFault_Handler
 .text.UsageFault_Handler
                0x0000000008002d7c        0x2 Core/Src/stm32f4xx_it.o
                0x0000000008002d7c                UsageFault_Handler
 .text.DebugMon_Handler
                0x0000000008002d7e        0x2 Core/Src/stm32f4xx_it.o
                0x0000000008002d7e                DebugMon_Handler
 .text.SysTick_Handler
                0x0000000008002d80       0x14 Core/Src/stm32f4xx_it.o
                0x0000000008002d80                SysTick_Handler
 .text.USART1_IRQHandler
                0x0000000008002d94       0x10 Core/Src/stm32f4xx_it.o
                0x0000000008002d94                USART1_IRQHandler
 .text.USART2_IRQHandler
                0x0000000008002da4       0x10 Core/Src/stm32f4xx_it.o
                0x0000000008002da4                USART2_IRQHandler
 .text.USART6_IRQHandler
                0x0000000008002db4        0x8 Core/Src/stm32f4xx_it.o
                0x0000000008002db4                USART6_IRQHandler
 .text.FPU_IRQHandler
                0x0000000008002dbc        0x2 Core/Src/stm32f4xx_it.o
                0x0000000008002dbc                FPU_IRQHandler
 *fill*         0x0000000008002dbe        0x2 
 .text._sbrk    0x0000000008002dc0       0x3c Core/Src/syscalls.o
                0x0000000008002dc0                _sbrk
 .text.SystemInit
                0x0000000008002dfc       0x14 Core/Src/system_stm32f4xx.o
                0x0000000008002dfc                SystemInit
 .text.HAL_InitTick
                0x0000000008002e10       0x48 Drivers/STM32F4xx_HAL_Driver/Src/stm32f4xx_hal.o
                0x0000000008002e10                HAL_InitTick
 .text.HAL_Init
                0x0000000008002e58       0x34 Drivers/STM32F4xx_HAL_Driver/Src/stm32f4xx_hal.o
                0x0000000008002e58                HAL_Init
 .text.HAL_IncTick
                0x0000000008002e8c       0x18 Drivers/STM32F4xx_HAL_Driver/Src/stm32f4xx_hal.o
                0x0000000008002e8c                HAL_IncTick
 .text.HAL_GetTick
                0x0000000008002ea4        0xc Drivers/STM32F4xx_HAL_Driver/Src/stm32f4xx_hal.o
                0x0000000008002ea4                HAL_GetTick
 .text.HAL_Delay
                0x0000000008002eb0       0x28 Drivers/STM32F4xx_HAL_Driver/Src/stm32f4xx_hal.o
                0x0000000008002eb0                HAL_Delay
 .text.HAL_NVIC_SetPriorityGrouping
                0x0000000008002ed8       0x24 Drivers/STM32F4xx_HAL_Driver/Src/stm32f4xx_hal_cortex.o
                0x0000000008002ed8                HAL_NVIC_SetPriorityGrouping
 .text.HAL_NVIC_SetPriority
                0x0000000008002efc       0x68 Drivers/STM32F4xx_HAL_Driver/Src/stm32f4xx_hal_cortex.o
                0x0000000008002efc                HAL_NVIC_SetPriority
 .text.HAL_NVIC_EnableIRQ
                0x0000000008002f64       0x1c Drivers/STM32F4xx_HAL_Driver/Src/stm32f4xx_hal_cortex.o
                0x0000000008002f64                HAL_NVIC_EnableIRQ
 .text.HAL_SYSTICK_Config
                0x0000000008002f80       0x2c Drivers/STM32F4xx_HAL_Driver/Src/stm32f4xx_hal_cortex.o
                0x0000000008002f80                HAL_SYSTICK_Config
 .text.HAL_GPIO_Init
                0x0000000008002fac      0x1b0 Drivers/STM32F4xx_HAL_Driver/Src/stm32f4xx_hal_gpio.o
                0x0000000008002fac                HAL_GPIO_Init
 .text.HAL_GPIO_ReadPin
                0x000000000800315c        0xe Drivers/STM32F4xx_HAL_Driver/Src/stm32f4xx_hal_gpio.o
                0x000000000800315c                HAL_GPIO_ReadPin
 .text.HAL_GPIO_WritePin
                0x000000000800316a        0xc Drivers/STM32F4xx_HAL_Driver/Src/stm32f4xx_hal_gpio.o
                0x000000000800316a                HAL_GPIO_WritePin
 *fill*         0x0000000008003176        0x2 
 .text.HAL_RCC_OscConfig
                0x0000000008003178      0x3f8 Drivers/STM32F4xx_HAL_Driver/Src/stm32f4xx_hal_rcc.o
                0x0000000008003178                HAL_RCC_OscConfig
 .text.HAL_RCC_GetSysClockFreq
                0x0000000008003570       0xd8 Drivers/STM32F4xx_HAL_Driver/Src/stm32f4xx_hal_rcc.o
                0x0000000008003570                HAL_RCC_GetSysClockFreq
 .text.HAL_RCC_ClockConfig
                0x0000000008003648      0x160 Drivers/STM32F4xx_HAL_Driver/Src/stm32f4xx_hal_rcc.o
                0x0000000008003648                HAL_RCC_ClockConfig
 .text.HAL_RCC_GetHCLKFreq
                0x00000000080037a8        0xc Drivers/STM32F4xx_HAL_Driver/Src/stm32f4xx_hal_rcc.o
                0x00000000080037a8                HAL_RCC_GetHCLKFreq
 .text.HAL_RCC_GetPCLK1Freq
                0x00000000080037b4       0x20 Drivers/STM32F4xx_HAL_Driver/Src/stm32f4xx_hal_rcc.o
                0x00000000080037b4                HAL_RCC_GetPCLK1Freq
 .text.HAL_RCC_GetPCLK2Freq
                0x00000000080037d4       0x20 Drivers/STM32F4xx_HAL_Driver/Src/stm32f4xx_hal_rcc.o
                0x00000000080037d4                HAL_RCC_GetPCLK2Freq
 .text.UART_SetConfig
                0x00000000080037f4      0x134 Drivers/STM32F4xx_HAL_Driver/Src/stm32f4xx_hal_uart.o
 .text.HAL_UART_Init
                0x0000000008003928       0x5e Drivers/STM32F4xx_HAL_Driver/Src/stm32f4xx_hal_uart.o
                0x0000000008003928                HAL_UART_Init
 .text.vListInitialise
                0x0000000008003986       0x16 Middlewares/Third_Party/FreeRTOS/Source/list.o
                0x0000000008003986                vListInitialise
 .text.vListInitialiseItem
                0x000000000800399c        0x6 Middlewares/Third_Party/FreeRTOS/Source/list.o
                0x000000000800399c                vListInitialiseItem
 .text.vListInsertEnd
                0x00000000080039a2       0x18 Middlewares/Third_Party/FreeRTOS/Source/list.o
                0x00000000080039a2                vListInsertEnd
 .text.vListInsert
                0x00000000080039ba       0x34 Middlewares/Third_Party/FreeRTOS/Source/list.o
                0x00000000080039ba                vListInsert
 .text.uxListRemove
                0x00000000080039ee       0x28 Middlewares/Third_Party/FreeRTOS/Source/list.o
                0x00000000080039ee                uxListRemove
 .text.prvGetDisinheritPriorityAfterTimeout
                0x0000000008003a16       0x12 Middlewares/Third_Party/FreeRTOS/Source/queue.o
 .text.prvIsQueueFull
                0x0000000008003a28       0x1e Middlewares/Third_Party/FreeRTOS/Source/queue.o
 .text.prvIsQueueEmpty
                0x0000000008003a46       0x1a Middlewares/Third_Party/FreeRTOS/Source/queue.o
 .text.prvCopyDataToQueue
                0x0000000008003a60       0x76 Middlewares/Third_Party/FreeRTOS/Source/queue.o
 .text.prvCopyDataFromQueue
                0x0000000008003ad6       0x24 Middlewares/Third_Party/FreeRTOS/Source/queue.o
 .text.prvUnlockQueue
                0x0000000008003afa       0x6e Middlewares/Third_Party/FreeRTOS/Source/queue.o
 .text.xQueueGenericReset
                0x0000000008003b68       0x84 Middlewares/Third_Party/FreeRTOS/Source/queue.o
                0x0000000008003b68                xQueueGenericReset
 .text.prvInitialiseNewQueue
                0x0000000008003bec       0x1c Middlewares/Third_Party/FreeRTOS/Source/queue.o
 .text.xQueueGenericCreate
                0x0000000008003c08       0x42 Middlewares/Third_Party/FreeRTOS/Source/queue.o
                0x0000000008003c08                xQueueGenericCreate
 *fill*         0x0000000008003c4a        0x2 
 .text.xQueueGenericSend
                0x0000000008003c4c      0x17c Middlewares/Third_Party/FreeRTOS/Source/queue.o
                0x0000000008003c4c                xQueueGenericSend
 .text.prvInitialiseMutex
                0x0000000008003dc8       0x18 Middlewares/Third_Party/FreeRTOS/Source/queue.o
 .text.xQueueCreateMutex
                0x0000000008003de0       0x16 Middlewares/Third_Party/FreeRTOS/Source/queue.o
                0x0000000008003de0                xQueueCreateMutex
 .text.xQueueGenericSendFromISR
                0x0000000008003df6       0xce Middlewares/Third_Party/FreeRTOS/Source/queue.o
                0x0000000008003df6                xQueueGenericSendFromISR
 .text.xQueueReceive
                0x0000000008003ec4      0x158 Middlewares/Third_Party/FreeRTOS/Source/queue.o
                0x0000000008003ec4                xQueueReceive
 .text.xQueueSemaphoreTake
                0x000000000800401c      0x19c Middlewares/Third_Party/FreeRTOS/Source/queue.o
                0x000000000800401c                xQueueSemaphoreTake
 .text.vQueueAddToRegistry
                0x00000000080041b8       0x28 Middlewares/Third_Party/FreeRTOS/Source/queue.o
                0x00000000080041b8                vQueueAddToRegistry
 .text.vQueueWaitForMessageRestricted
                0x00000000080041e0       0x52 Middlewares/Third_Party/FreeRTOS/Source/queue.o
                0x00000000080041e0                vQueueWaitForMessageRestricted
 .text.prvTaskCheckFreeStackSpace
                0x0000000008004232       0x14 Middlewares/Third_Party/FreeRTOS/Source/tasks.o
 *fill*         0x0000000008004246        0x2 
 .text.prvResetNextTaskUnblockTime
                0x0000000008004248       0x24 Middlewares/Third_Party/FreeRTOS/Source/tasks.o
 .text.prvDeleteTCB
                0x000000000800426c       0x12 Middlewares/Third_Party/FreeRTOS/Source/tasks.o
 .text.prvInitialiseNewTask
                0x000000000800427e       0x9a Middlewares/Third_Party/FreeRTOS/Source/tasks.o
 .text.prvInitialiseTaskLists
                0x0000000008004318       0x58 Middlewares/Third_Party/FreeRTOS/Source/tasks.o
 .text.prvAddNewTaskToReadyList
                0x0000000008004370       0xac Middlewares/Third_Party/FreeRTOS/Source/tasks.o
 .text.prvCheckTasksWaitingTermination
                0x000000000800441c       0x44 Middlewares/Third_Party/FreeRTOS/Source/tasks.o
 .text.prvIdleTask
                0x0000000008004460       0x28 Middlewares/Third_Party/FreeRTOS/Source/tasks.o
 .text.prvAddCurrentTaskToDelayedList
                0x0000000008004488       0x88 Middlewares/Third_Party/FreeRTOS/Source/tasks.o
 .text.xTaskCreate
                0x0000000008004510       0x62 Middlewares/Third_Party/FreeRTOS/Source/tasks.o
                0x0000000008004510                xTaskCreate
 *fill*         0x0000000008004572        0x2 
 .text.vTaskDelete
                0x0000000008004574       0xdc Middlewares/Third_Party/FreeRTOS/Source/tasks.o
                0x0000000008004574                vTaskDelete
 .text.vTaskStartScheduler
                0x0000000008004650       0x7c Middlewares/Third_Party/FreeRTOS/Source/tasks.o
                0x0000000008004650                vTaskStartScheduler
 .text.vTaskSuspendAll
                0x00000000080046cc       0x14 Middlewares/Third_Party/FreeRTOS/Source/tasks.o
                0x00000000080046cc                vTaskSuspendAll
 .text.xTaskGetTickCount
                0x00000000080046e0        0xc Middlewares/Third_Party/FreeRTOS/Source/tasks.o
                0x00000000080046e0                xTaskGetTickCount
 .text.xTaskIncrementTick
                0x00000000080046ec      0x10c Middlewares/Third_Party/FreeRTOS/Source/tasks.o
                0x00000000080046ec                xTaskIncrementTick
 .text.xTaskResumeAll
                0x00000000080047f8       0xf0 Middlewares/Third_Party/FreeRTOS/Source/tasks.o
                0x00000000080047f8                xTaskResumeAll
 .text.vTaskDelayUntil
                0x00000000080048e8       0xa4 Middlewares/Third_Party/FreeRTOS/Source/tasks.o
                0x00000000080048e8                vTaskDelayUntil
 .text.vTaskDelay
                0x000000000800498c       0x4c Middlewares/Third_Party/FreeRTOS/Source/tasks.o
                0x000000000800498c                vTaskDelay
 .text.vTaskSwitchContext
                0x00000000080049d8       0x90 Middlewares/Third_Party/FreeRTOS/Source/tasks.o
                0x00000000080049d8                vTaskSwitchContext
 .text.vTaskPlaceOnEventList
                0x0000000008004a68       0x34 Middlewares/Third_Party/FreeRTOS/Source/tasks.o
                0x0000000008004a68                vTaskPlaceOnEventList
 .text.vTaskPlaceOnEventListRestricted
                0x0000000008004a9c       0x3c Middlewares/Third_Party/FreeRTOS/Source/tasks.o
                0x0000000008004a9c                vTaskPlaceOnEventListRestricted
 .text.xTaskRemoveFromEventList
                0x0000000008004ad8       0x84 Middlewares/Third_Party/FreeRTOS/Source/tasks.o
                0x0000000008004ad8                xTaskRemoveFromEventList
 .text.vTaskInternalSetTimeOutState
                0x0000000008004b5c       0x14 Middlewares/Third_Party/FreeRTOS/Source/tasks.o
                0x0000000008004b5c                vTaskInternalSetTimeOutState
 .text.xTaskCheckForTimeOut
                0x0000000008004b70       0x80 Middlewares/Third_Party/FreeRTOS/Source/tasks.o
                0x0000000008004b70                xTaskCheckForTimeOut
 .text.vTaskMissedYield
                0x0000000008004bf0       0x10 Middlewares/Third_Party/FreeRTOS/Source/tasks.o
                0x0000000008004bf0                vTaskMissedYield
 .text.uxTaskGetStackHighWaterMark
                0x0000000008004c00       0x1c Middlewares/Third_Party/FreeRTOS/Source/tasks.o
                0x0000000008004c00                uxTaskGetStackHighWaterMark
 .text.xTaskGetSchedulerState
                0x0000000008004c1c       0x20 Middlewares/Third_Party/FreeRTOS/Source/tasks.o
                0x0000000008004c1c                xTaskGetSchedulerState
 .text.xTaskPriorityInherit
                0x0000000008004c3c       0xb8 Middlewares/Third_Party/FreeRTOS/Source/tasks.o
                0x0000000008004c3c                xTaskPriorityInherit
 .text.xTaskPriorityDisinherit
                0x0000000008004cf4       0xb0 Middlewares/Third_Party/FreeRTOS/Source/tasks.o
                0x0000000008004cf4                xTaskPriorityDisinherit
 .text.vTaskPriorityDisinheritAfterTimeout
                0x0000000008004da4       0xb8 Middlewares/Third_Party/FreeRTOS/Source/tasks.o
                0x0000000008004da4                vTaskPriorityDisinheritAfterTimeout
 .text.pvTaskIncrementMutexHeldCount
                0x0000000008004e5c       0x20 Middlewares/Third_Party/FreeRTOS/Source/tasks.o
                0x0000000008004e5c                pvTaskIncrementMutexHeldCount
 .text.prvGetNextExpireTime
                0x0000000008004e7c       0x20 Middlewares/Third_Party/FreeRTOS/Source/timers.o
 .text.prvInsertTimerInActiveList
                0x0000000008004e9c       0x44 Middlewares/Third_Party/FreeRTOS/Source/timers.o
 .text.prvCheckForValidListAndQueue
                0x0000000008004ee0       0x4c Middlewares/Third_Party/FreeRTOS/Source/timers.o
 .text.prvInitialiseNewTimer
                0x0000000008004f2c       0x4c Middlewares/Third_Party/FreeRTOS/Source/timers.o
 .text.xTimerCreateTimerTask
                0x0000000008004f78       0x4c Middlewares/Third_Party/FreeRTOS/Source/timers.o
                0x0000000008004f78                xTimerCreateTimerTask
 .text.xTimerCreate
                0x0000000008004fc4       0x38 Middlewares/Third_Party/FreeRTOS/Source/timers.o
                0x0000000008004fc4                xTimerCreate
 .text.xTimerGenericCommand
                0x0000000008004ffc       0x6c Middlewares/Third_Party/FreeRTOS/Source/timers.o
                0x0000000008004ffc                xTimerGenericCommand
 .text.prvSwitchTimerLists
                0x0000000008005068       0x8c Middlewares/Third_Party/FreeRTOS/Source/timers.o
 .text.prvSampleTimeNow
                0x00000000080050f4       0x2c Middlewares/Third_Party/FreeRTOS/Source/timers.o
 .text.prvProcessExpiredTimer
                0x0000000008005120       0x6c Middlewares/Third_Party/FreeRTOS/Source/timers.o
 .text.prvProcessTimerOrBlockTask
                0x000000000800518c       0x70 Middlewares/Third_Party/FreeRTOS/Source/timers.o
 .text.prvProcessReceivedCommands
                0x00000000080051fc       0xfc Middlewares/Third_Party/FreeRTOS/Source/timers.o
 .text.prvTimerTask
                0x00000000080052f8       0x16 Middlewares/Third_Party/FreeRTOS/Source/timers.o
 .text.pvTimerGetTimerID
                0x000000000800530e       0x26 Middlewares/Third_Party/FreeRTOS/Source/timers.o
                0x000000000800530e                pvTimerGetTimerID
 .text.prvTaskExitError
                0x0000000008005334       0x40 Middlewares/Third_Party/FreeRTOS/Source/portable/GCC/ARM_CM4F/port.o
 .text.prvPortStartFirstTask
                0x0000000008005374       0x28 Middlewares/Third_Party/FreeRTOS/Source/portable/GCC/ARM_CM4F/port.o
 .text.vPortEnableVFP
                0x000000000800539c       0x14 Middlewares/Third_Party/FreeRTOS/Source/portable/GCC/ARM_CM4F/port.o
 .text.pxPortInitialiseStack
                0x00000000080053b0       0x2c Middlewares/Third_Party/FreeRTOS/Source/portable/GCC/ARM_CM4F/port.o
                0x00000000080053b0                pxPortInitialiseStack
 *fill*         0x00000000080053dc        0x4 
 .text.SVC_Handler
                0x00000000080053e0       0x24 Middlewares/Third_Party/FreeRTOS/Source/portable/GCC/ARM_CM4F/port.o
                0x00000000080053e0                SVC_Handler
 .text.vPortEnterCritical
                0x0000000008005404       0x44 Middlewares/Third_Party/FreeRTOS/Source/portable/GCC/ARM_CM4F/port.o
                0x0000000008005404                vPortEnterCritical
 .text.vPortExitCritical
                0x0000000008005448       0x2c Middlewares/Third_Party/FreeRTOS/Source/portable/GCC/ARM_CM4F/port.o
                0x0000000008005448                vPortExitCritical
 *fill*         0x0000000008005474        0xc 
 .text.PendSV_Handler
                0x0000000008005480       0x64 Middlewares/Third_Party/FreeRTOS/Source/portable/GCC/ARM_CM4F/port.o
                0x0000000008005480                PendSV_Handler
 .text.xPortSysTickHandler
                0x00000000080054e4       0x2c Middlewares/Third_Party/FreeRTOS/Source/portable/GCC/ARM_CM4F/port.o
                0x00000000080054e4                xPortSysTickHandler
 .text.vPortSetupTimerInterrupt
                0x0000000008005510       0x38 Middlewares/Third_Party/FreeRTOS/Source/portable/GCC/ARM_CM4F/port.o
                0x0000000008005510                vPortSetupTimerInterrupt
 .text.xPortStartScheduler
                0x0000000008005548      0x108 Middlewares/Third_Party/FreeRTOS/Source/portable/GCC/ARM_CM4F/port.o
                0x0000000008005548                xPortStartScheduler
 .text.vPortValidateInterruptPriority
                0x0000000008005650       0x58 Middlewares/Third_Party/FreeRTOS/Source/portable/GCC/ARM_CM4F/port.o
                0x0000000008005650                vPortValidateInterruptPriority
 .text.prvHeapInit
                0x00000000080056a8       0x4c Middlewares/Third_Party/FreeRTOS/Source/portable/MemMang/heap_4.o
 .text.prvInsertBlockIntoFreeList
                0x00000000080056f4       0x54 Middlewares/Third_Party/FreeRTOS/Source/portable/MemMang/heap_4.o
 .text.pvPortMalloc
                0x0000000008005748       0xfc Middlewares/Third_Party/FreeRTOS/Source/portable/MemMang/heap_4.o
                0x0000000008005748                pvPortMalloc
 .text.vPortFree
                0x0000000008005844       0x70 Middlewares/Third_Party/FreeRTOS/Source/portable/MemMang/heap_4.o
                0x0000000008005844                vPortFree
 .text.Reset_Handler
                0x00000000080058b4       0x50 startup/startup_stm32f411xe.o
                0x00000000080058b4                Reset_Handler
 .text.Default_Handler
                0x0000000008005904        0x2 startup/startup_stm32f411xe.o
                0x0000000008005904                RTC_Alarm_IRQHandler
                0x0000000008005904                EXTI2_IRQHandler
                0x0000000008005904                SPI4_IRQHandler
                0x0000000008005904                TIM1_CC_IRQHandler
                0x0000000008005904                DMA2_Stream5_IRQHandler
                0x0000000008005904                DMA1_Stream5_IRQHandler
                0x0000000008005904                PVD_IRQHandler
                0x0000000008005904                SDIO_IRQHandler
                0x0000000008005904                TAMP_STAMP_IRQHandler
                0x0000000008005904                EXTI3_IRQHandler
                0x0000000008005904                TIM1_UP_TIM10_IRQHandler
                0x0000000008005904                I2C3_ER_IRQHandler
                0x0000000008005904                EXTI0_IRQHandler
                0x0000000008005904                I2C2_EV_IRQHandler
                0x0000000008005904                DMA1_Stream2_IRQHandler
                0x0000000008005904                DMA2_Stream2_IRQHandler
                0x0000000008005904                SPI1_IRQHandler
                0x0000000008005904                TIM1_BRK_TIM9_IRQHandler
                0x0000000008005904                DMA2_Stream3_IRQHandler
                0x0000000008005904                DMA2_Stream0_IRQHandler
                0x0000000008005904                TIM4_IRQHandler
                0x0000000008005904                I2C1_EV_IRQHandler
                0x0000000008005904                DMA1_Stream6_IRQHandler
                0x0000000008005904                DMA1_Stream1_IRQHandler
                0x0000000008005904                TIM3_IRQHandler
                0x0000000008005904                RCC_IRQHandler
                0x0000000008005904                Default_Handler
                0x0000000008005904                EXTI15_10_IRQHandler
                0x0000000008005904                ADC_IRQHandler
                0x0000000008005904                DMA1_Stream7_IRQHandler
                0x0000000008005904                SPI5_IRQHandler
                0x0000000008005904                TIM5_IRQHandler
                0x0000000008005904                DMA2_Stream7_IRQHandler
                0x0000000008005904                I2C3_EV_IRQHandler
                0x0000000008005904                EXTI9_5_IRQHandler
                0x0000000008005904                RTC_WKUP_IRQHandler
                0x0000000008005904                SPI2_IRQHandler
                0x0000000008005904                DMA1_Stream0_IRQHandler
                0x0000000008005904                EXTI4_IRQHandler
                0x0000000008005904                WWDG_IRQHandler
                0x0000000008005904                TIM2_IRQHandler
                0x0000000008005904                OTG_FS_WKUP_IRQHandler
                0x0000000008005904                TIM1_TRG_COM_TIM11_IRQHandler
                0x0000000008005904                EXTI1_IRQHandler
                0x0000000008005904                I2C2_ER_IRQHandler
                0x0000000008005904                DMA2_Stream1_IRQHandler
                0x0000000008005904                FLASH_IRQHandler
                0x0000000008005904                DMA2_Stream4_IRQHandler
                0x0000000008005904                OTG_FS_IRQHandler
                0x0000000008005904                SPI3_IRQHandler
                0x0000000008005904                DMA1_Stream4_IRQHandler
                0x0000000008005904                I2C1_ER_IRQHandler
                0x0000000008005904                DMA2_Stream6_IRQHandler
                0x0000000008005904                DMA1_Stream3_IRQHandler
 .text.atoi     0x0000000008005906        0x8 /home/julian/programs/stm32/Ac6/SystemWorkbench/plugins/fr.ac6.mcu.externaltools.arm-none.linux64_1.17.0.201812190825/tools/compiler/bin/../lib/gcc/arm-none-eabi/7.3.1/../../../../arm-none-eabi/lib/thumb/v7e-m/fpv4-sp/hard/libc_nano.a(lib_a-atoi.o)
                0x0000000008005906                atoi
 *fill*         0x000000000800590e        0x2 
 .text.calloc   0x0000000008005910       0x10 /home/julian/programs/stm32/Ac6/SystemWorkbench/plugins/fr.ac6.mcu.externaltools.arm-none.linux64_1.17.0.201812190825/tools/compiler/bin/../lib/gcc/arm-none-eabi/7.3.1/../../../../arm-none-eabi/lib/thumb/v7e-m/fpv4-sp/hard/libc_nano.a(lib_a-calloc.o)
                0x0000000008005910                calloc
 .text.__errno  0x0000000008005920        0xc /home/julian/programs/stm32/Ac6/SystemWorkbench/plugins/fr.ac6.mcu.externaltools.arm-none.linux64_1.17.0.201812190825/tools/compiler/bin/../lib/gcc/arm-none-eabi/7.3.1/../../../../arm-none-eabi/lib/thumb/v7e-m/fpv4-sp/hard/libc_nano.a(lib_a-errno.o)
                0x0000000008005920                __errno
 .text.__libc_init_array
                0x000000000800592c       0x48 /home/julian/programs/stm32/Ac6/SystemWorkbench/plugins/fr.ac6.mcu.externaltools.arm-none.linux64_1.17.0.201812190825/tools/compiler/bin/../lib/gcc/arm-none-eabi/7.3.1/../../../../arm-none-eabi/lib/thumb/v7e-m/fpv4-sp/hard/libc_nano.a(lib_a-init.o)
                0x000000000800592c                __libc_init_array
 .text.memcpy   0x0000000008005974       0x16 /home/julian/programs/stm32/Ac6/SystemWorkbench/plugins/fr.ac6.mcu.externaltools.arm-none.linux64_1.17.0.201812190825/tools/compiler/bin/../lib/gcc/arm-none-eabi/7.3.1/../../../../arm-none-eabi/lib/thumb/v7e-m/fpv4-sp/hard/libc_nano.a(lib_a-memcpy-stub.o)
                0x0000000008005974                memcpy
 .text.memset   0x000000000800598a       0x10 /home/julian/programs/stm32/Ac6/SystemWorkbench/plugins/fr.ac6.mcu.externaltools.arm-none.linux64_1.17.0.201812190825/tools/compiler/bin/../lib/gcc/arm-none-eabi/7.3.1/../../../../arm-none-eabi/lib/thumb/v7e-m/fpv4-sp/hard/libc_nano.a(lib_a-memset.o)
                0x000000000800598a                memset
 .text._calloc_r
                0x000000000800599a       0x1c /home/julian/programs/stm32/Ac6/SystemWorkbench/plugins/fr.ac6.mcu.externaltools.arm-none.linux64_1.17.0.201812190825/tools/compiler/bin/../lib/gcc/arm-none-eabi/7.3.1/../../../../arm-none-eabi/lib/thumb/v7e-m/fpv4-sp/hard/libc_nano.a(lib_a-nano-callocr.o)
                0x000000000800599a                _calloc_r
 *fill*         0x00000000080059b6        0x2 
 .text._malloc_r
                0x00000000080059b8       0xb4 /home/julian/programs/stm32/Ac6/SystemWorkbench/plugins/fr.ac6.mcu.externaltools.arm-none.linux64_1.17.0.201812190825/tools/compiler/bin/../lib/gcc/arm-none-eabi/7.3.1/../../../../arm-none-eabi/lib/thumb/v7e-m/fpv4-sp/hard/libc_nano.a(lib_a-nano-mallocr.o)
                0x00000000080059b8                _malloc_r
 .text.__cvt    0x0000000008005a6c       0xc2 /home/julian/programs/stm32/Ac6/SystemWorkbench/plugins/fr.ac6.mcu.externaltools.arm-none.linux64_1.17.0.201812190825/tools/compiler/bin/../lib/gcc/arm-none-eabi/7.3.1/../../../../arm-none-eabi/lib/thumb/v7e-m/fpv4-sp/hard/libc_nano.a(lib_a-nano-vfprintf_float.o)
                0x0000000008005a6c                __cvt
 .text.__exponent
                0x0000000008005b2e       0x66 /home/julian/programs/stm32/Ac6/SystemWorkbench/plugins/fr.ac6.mcu.externaltools.arm-none.linux64_1.17.0.201812190825/tools/compiler/bin/../lib/gcc/arm-none-eabi/7.3.1/../../../../arm-none-eabi/lib/thumb/v7e-m/fpv4-sp/hard/libc_nano.a(lib_a-nano-vfprintf_float.o)
                0x0000000008005b2e                __exponent
 .text._printf_float
                0x0000000008005b94      0x480 /home/julian/programs/stm32/Ac6/SystemWorkbench/plugins/fr.ac6.mcu.externaltools.arm-none.linux64_1.17.0.201812190825/tools/compiler/bin/../lib/gcc/arm-none-eabi/7.3.1/../../../../arm-none-eabi/lib/thumb/v7e-m/fpv4-sp/hard/libc_nano.a(lib_a-nano-vfprintf_float.o)
                0x0000000008005b94                _printf_float
 .text._printf_common
                0x0000000008006014       0xea /home/julian/programs/stm32/Ac6/SystemWorkbench/plugins/fr.ac6.mcu.externaltools.arm-none.linux64_1.17.0.201812190825/tools/compiler/bin/../lib/gcc/arm-none-eabi/7.3.1/../../../../arm-none-eabi/lib/thumb/v7e-m/fpv4-sp/hard/libc_nano.a(lib_a-nano-vfprintf_i.o)
                0x0000000008006014                _printf_common
 *fill*         0x00000000080060fe        0x2 
 .text._printf_i
                0x0000000008006100      0x224 /home/julian/programs/stm32/Ac6/SystemWorkbench/plugins/fr.ac6.mcu.externaltools.arm-none.linux64_1.17.0.201812190825/tools/compiler/bin/../lib/gcc/arm-none-eabi/7.3.1/../../../../arm-none-eabi/lib/thumb/v7e-m/fpv4-sp/hard/libc_nano.a(lib_a-nano-vfprintf_i.o)
                0x0000000008006100                _printf_i
 .text._sbrk_r  0x0000000008006324       0x20 /home/julian/programs/stm32/Ac6/SystemWorkbench/plugins/fr.ac6.mcu.externaltools.arm-none.linux64_1.17.0.201812190825/tools/compiler/bin/../lib/gcc/arm-none-eabi/7.3.1/../../../../arm-none-eabi/lib/thumb/v7e-m/fpv4-sp/hard/libc_nano.a(lib_a-sbrkr.o)
                0x0000000008006324                _sbrk_r
 .text.sprintf  0x0000000008006344       0x40 /home/julian/programs/stm32/Ac6/SystemWorkbench/plugins/fr.ac6.mcu.externaltools.arm-none.linux64_1.17.0.201812190825/tools/compiler/bin/../lib/gcc/arm-none-eabi/7.3.1/../../../../arm-none-eabi/lib/thumb/v7e-m/fpv4-sp/hard/libc_nano.a(lib_a-sprintf.o)
                0x0000000008006344                sprintf
                0x0000000008006344                siprintf
 .text.strcat   0x0000000008006384       0x1e /home/julian/programs/stm32/Ac6/SystemWorkbench/plugins/fr.ac6.mcu.externaltools.arm-none.linux64_1.17.0.201812190825/tools/compiler/bin/../lib/gcc/arm-none-eabi/7.3.1/../../../../arm-none-eabi/lib/thumb/v7e-m/fpv4-sp/hard/libc_nano.a(lib_a-strcat.o)
                0x0000000008006384                strcat
 .text.strcpy   0x00000000080063a2       0x10 /home/julian/programs/stm32/Ac6/SystemWorkbench/plugins/fr.ac6.mcu.externaltools.arm-none.linux64_1.17.0.201812190825/tools/compiler/bin/../lib/gcc/arm-none-eabi/7.3.1/../../../../arm-none-eabi/lib/thumb/v7e-m/fpv4-sp/hard/libc_nano.a(lib_a-strcpy.o)
                0x00000000080063a2                strcpy
 .text._strtol_l.isra.0
                0x00000000080063b2       0xf6 /home/julian/programs/stm32/Ac6/SystemWorkbench/plugins/fr.ac6.mcu.externaltools.arm-none.linux64_1.17.0.201812190825/tools/compiler/bin/../lib/gcc/arm-none-eabi/7.3.1/../../../../arm-none-eabi/lib/thumb/v7e-m/fpv4-sp/hard/libc_nano.a(lib_a-strtol.o)
 .text.strtol   0x00000000080064a8       0x2c /home/julian/programs/stm32/Ac6/SystemWorkbench/plugins/fr.ac6.mcu.externaltools.arm-none.linux64_1.17.0.201812190825/tools/compiler/bin/../lib/gcc/arm-none-eabi/7.3.1/../../../../arm-none-eabi/lib/thumb/v7e-m/fpv4-sp/hard/libc_nano.a(lib_a-strtol.o)
                0x00000000080064a8                strtol
 .text.quorem   0x00000000080064d4      0x118 /home/julian/programs/stm32/Ac6/SystemWorkbench/plugins/fr.ac6.mcu.externaltools.arm-none.linux64_1.17.0.201812190825/tools/compiler/bin/../lib/gcc/arm-none-eabi/7.3.1/../../../../arm-none-eabi/lib/thumb/v7e-m/fpv4-sp/hard/libc_nano.a(lib_a-dtoa.o)
 *fill*         0x00000000080065ec        0x4 
 .text._dtoa_r  0x00000000080065f0      0xb70 /home/julian/programs/stm32/Ac6/SystemWorkbench/plugins/fr.ac6.mcu.externaltools.arm-none.linux64_1.17.0.201812190825/tools/compiler/bin/../lib/gcc/arm-none-eabi/7.3.1/../../../../arm-none-eabi/lib/thumb/v7e-m/fpv4-sp/hard/libc_nano.a(lib_a-dtoa.o)
                0x00000000080065f0                _dtoa_r
 .text.__locale_ctype_ptr_l
                0x0000000008007160        0x6 /home/julian/programs/stm32/Ac6/SystemWorkbench/plugins/fr.ac6.mcu.externaltools.arm-none.linux64_1.17.0.201812190825/tools/compiler/bin/../lib/gcc/arm-none-eabi/7.3.1/../../../../arm-none-eabi/lib/thumb/v7e-m/fpv4-sp/hard/libc_nano.a(lib_a-locale.o)
                0x0000000008007160                __locale_ctype_ptr_l
 *fill*         0x0000000008007166        0x2 
 .text._localeconv_r
                0x0000000008007168       0x1c /home/julian/programs/stm32/Ac6/SystemWorkbench/plugins/fr.ac6.mcu.externaltools.arm-none.linux64_1.17.0.201812190825/tools/compiler/bin/../lib/gcc/arm-none-eabi/7.3.1/../../../../arm-none-eabi/lib/thumb/v7e-m/fpv4-sp/hard/libc_nano.a(lib_a-localeconv.o)
                0x0000000008007168                _localeconv_r
 .text.malloc   0x0000000008007184       0x10 /home/julian/programs/stm32/Ac6/SystemWorkbench/plugins/fr.ac6.mcu.externaltools.arm-none.linux64_1.17.0.201812190825/tools/compiler/bin/../lib/gcc/arm-none-eabi/7.3.1/../../../../arm-none-eabi/lib/thumb/v7e-m/fpv4-sp/hard/libc_nano.a(lib_a-malloc.o)
                0x0000000008007184                malloc
 .text.__ascii_mbtowc
                0x0000000008007194       0x24 /home/julian/programs/stm32/Ac6/SystemWorkbench/plugins/fr.ac6.mcu.externaltools.arm-none.linux64_1.17.0.201812190825/tools/compiler/bin/../lib/gcc/arm-none-eabi/7.3.1/../../../../arm-none-eabi/lib/thumb/v7e-m/fpv4-sp/hard/libc_nano.a(lib_a-mbtowc_r.o)
                0x0000000008007194                __ascii_mbtowc
 .text.__malloc_lock
                0x00000000080071b8        0x2 /home/julian/programs/stm32/Ac6/SystemWorkbench/plugins/fr.ac6.mcu.externaltools.arm-none.linux64_1.17.0.201812190825/tools/compiler/bin/../lib/gcc/arm-none-eabi/7.3.1/../../../../arm-none-eabi/lib/thumb/v7e-m/fpv4-sp/hard/libc_nano.a(lib_a-mlock.o)
                0x00000000080071b8                __malloc_lock
 .text.__malloc_unlock
                0x00000000080071ba        0x2 /home/julian/programs/stm32/Ac6/SystemWorkbench/plugins/fr.ac6.mcu.externaltools.arm-none.linux64_1.17.0.201812190825/tools/compiler/bin/../lib/gcc/arm-none-eabi/7.3.1/../../../../arm-none-eabi/lib/thumb/v7e-m/fpv4-sp/hard/libc_nano.a(lib_a-mlock.o)
                0x00000000080071ba                __malloc_unlock
 .text._Balloc  0x00000000080071bc       0x68 /home/julian/programs/stm32/Ac6/SystemWorkbench/plugins/fr.ac6.mcu.externaltools.arm-none.linux64_1.17.0.201812190825/tools/compiler/bin/../lib/gcc/arm-none-eabi/7.3.1/../../../../arm-none-eabi/lib/thumb/v7e-m/fpv4-sp/hard/libc_nano.a(lib_a-mprec.o)
                0x00000000080071bc                _Balloc
 .text._Bfree   0x0000000008007224       0x2e /home/julian/programs/stm32/Ac6/SystemWorkbench/plugins/fr.ac6.mcu.externaltools.arm-none.linux64_1.17.0.201812190825/tools/compiler/bin/../lib/gcc/arm-none-eabi/7.3.1/../../../../arm-none-eabi/lib/thumb/v7e-m/fpv4-sp/hard/libc_nano.a(lib_a-mprec.o)
                0x0000000008007224                _Bfree
 .text.__multadd
                0x0000000008007252       0x76 /home/julian/programs/stm32/Ac6/SystemWorkbench/plugins/fr.ac6.mcu.externaltools.arm-none.linux64_1.17.0.201812190825/tools/compiler/bin/../lib/gcc/arm-none-eabi/7.3.1/../../../../arm-none-eabi/lib/thumb/v7e-m/fpv4-sp/hard/libc_nano.a(lib_a-mprec.o)
                0x0000000008007252                __multadd
 .text.__hi0bits
                0x00000000080072c8       0x3e /home/julian/programs/stm32/Ac6/SystemWorkbench/plugins/fr.ac6.mcu.externaltools.arm-none.linux64_1.17.0.201812190825/tools/compiler/bin/../lib/gcc/arm-none-eabi/7.3.1/../../../../arm-none-eabi/lib/thumb/v7e-m/fpv4-sp/hard/libc_nano.a(lib_a-mprec.o)
                0x00000000080072c8                __hi0bits
 .text.__lo0bits
                0x0000000008007306       0x5e /home/julian/programs/stm32/Ac6/SystemWorkbench/plugins/fr.ac6.mcu.externaltools.arm-none.linux64_1.17.0.201812190825/tools/compiler/bin/../lib/gcc/arm-none-eabi/7.3.1/../../../../arm-none-eabi/lib/thumb/v7e-m/fpv4-sp/hard/libc_nano.a(lib_a-mprec.o)
                0x0000000008007306                __lo0bits
 .text.__i2b    0x0000000008007364       0x12 /home/julian/programs/stm32/Ac6/SystemWorkbench/plugins/fr.ac6.mcu.externaltools.arm-none.linux64_1.17.0.201812190825/tools/compiler/bin/../lib/gcc/arm-none-eabi/7.3.1/../../../../arm-none-eabi/lib/thumb/v7e-m/fpv4-sp/hard/libc_nano.a(lib_a-mprec.o)
                0x0000000008007364                __i2b
 .text.__multiply
                0x0000000008007376      0x12c /home/julian/programs/stm32/Ac6/SystemWorkbench/plugins/fr.ac6.mcu.externaltools.arm-none.linux64_1.17.0.201812190825/tools/compiler/bin/../lib/gcc/arm-none-eabi/7.3.1/../../../../arm-none-eabi/lib/thumb/v7e-m/fpv4-sp/hard/libc_nano.a(lib_a-mprec.o)
                0x0000000008007376                __multiply
 *fill*         0x00000000080074a2        0x2 
 .text.__pow5mult
                0x00000000080074a4       0x9c /home/julian/programs/stm32/Ac6/SystemWorkbench/plugins/fr.ac6.mcu.externaltools.arm-none.linux64_1.17.0.201812190825/tools/compiler/bin/../lib/gcc/arm-none-eabi/7.3.1/../../../../arm-none-eabi/lib/thumb/v7e-m/fpv4-sp/hard/libc_nano.a(lib_a-mprec.o)
                0x00000000080074a4                __pow5mult
 .text.__lshift
                0x0000000008007540       0xa8 /home/julian/programs/stm32/Ac6/SystemWorkbench/plugins/fr.ac6.mcu.externaltools.arm-none.linux64_1.17.0.201812190825/tools/compiler/bin/../lib/gcc/arm-none-eabi/7.3.1/../../../../arm-none-eabi/lib/thumb/v7e-m/fpv4-sp/hard/libc_nano.a(lib_a-mprec.o)
                0x0000000008007540                __lshift
 .text.__mcmp   0x00000000080075e8       0x34 /home/julian/programs/stm32/Ac6/SystemWorkbench/plugins/fr.ac6.mcu.externaltools.arm-none.linux64_1.17.0.201812190825/tools/compiler/bin/../lib/gcc/arm-none-eabi/7.3.1/../../../../arm-none-eabi/lib/thumb/v7e-m/fpv4-sp/hard/libc_nano.a(lib_a-mprec.o)
                0x00000000080075e8                __mcmp
 .text.__mdiff  0x000000000800761c       0xba /home/julian/programs/stm32/Ac6/SystemWorkbench/plugins/fr.ac6.mcu.externaltools.arm-none.linux64_1.17.0.201812190825/tools/compiler/bin/../lib/gcc/arm-none-eabi/7.3.1/../../../../arm-none-eabi/lib/thumb/v7e-m/fpv4-sp/hard/libc_nano.a(lib_a-mprec.o)
                0x000000000800761c                __mdiff
 .text.__d2b    0x00000000080076d6       0x9e /home/julian/programs/stm32/Ac6/SystemWorkbench/plugins/fr.ac6.mcu.externaltools.arm-none.linux64_1.17.0.201812190825/tools/compiler/bin/../lib/gcc/arm-none-eabi/7.3.1/../../../../arm-none-eabi/lib/thumb/v7e-m/fpv4-sp/hard/libc_nano.a(lib_a-mprec.o)
                0x00000000080076d6                __d2b
 .text._free_r  0x0000000008007774       0x9c /home/julian/programs/stm32/Ac6/SystemWorkbench/plugins/fr.ac6.mcu.externaltools.arm-none.linux64_1.17.0.201812190825/tools/compiler/bin/../lib/gcc/arm-none-eabi/7.3.1/../../../../arm-none-eabi/lib/thumb/v7e-m/fpv4-sp/hard/libc_nano.a(lib_a-nano-freer.o)
                0x0000000008007774                _free_r
 .text.__ssputs_r
                0x0000000008007810       0xb4 /home/julian/programs/stm32/Ac6/SystemWorkbench/plugins/fr.ac6.mcu.externaltools.arm-none.linux64_1.17.0.201812190825/tools/compiler/bin/../lib/gcc/arm-none-eabi/7.3.1/../../../../arm-none-eabi/lib/thumb/v7e-m/fpv4-sp/hard/libc_nano.a(lib_a-nano-svfprintf.o)
                0x0000000008007810                __ssputs_r
 .text._svfprintf_r
                0x00000000080078c4      0x1f0 /home/julian/programs/stm32/Ac6/SystemWorkbench/plugins/fr.ac6.mcu.externaltools.arm-none.linux64_1.17.0.201812190825/tools/compiler/bin/../lib/gcc/arm-none-eabi/7.3.1/../../../../arm-none-eabi/lib/thumb/v7e-m/fpv4-sp/hard/libc_nano.a(lib_a-nano-svfprintf.o)
                0x00000000080078c4                _svfprintf_r
                0x00000000080078c4                _svfiprintf_r
 .text.__ascii_wctomb
                0x0000000008007ab4       0x1a /home/julian/programs/stm32/Ac6/SystemWorkbench/plugins/fr.ac6.mcu.externaltools.arm-none.linux64_1.17.0.201812190825/tools/compiler/bin/../lib/gcc/arm-none-eabi/7.3.1/../../../../arm-none-eabi/lib/thumb/v7e-m/fpv4-sp/hard/libc_nano.a(lib_a-wctomb_r.o)
                0x0000000008007ab4                __ascii_wctomb
 .text.memmove  0x0000000008007ace       0x32 /home/julian/programs/stm32/Ac6/SystemWorkbench/plugins/fr.ac6.mcu.externaltools.arm-none.linux64_1.17.0.201812190825/tools/compiler/bin/../lib/gcc/arm-none-eabi/7.3.1/../../../../arm-none-eabi/lib/thumb/v7e-m/fpv4-sp/hard/libc_nano.a(lib_a-memmove.o)
                0x0000000008007ace                memmove
 .text._realloc_r
                0x0000000008007b00       0x4c /home/julian/programs/stm32/Ac6/SystemWorkbench/plugins/fr.ac6.mcu.externaltools.arm-none.linux64_1.17.0.201812190825/tools/compiler/bin/../lib/gcc/arm-none-eabi/7.3.1/../../../../arm-none-eabi/lib/thumb/v7e-m/fpv4-sp/hard/libc_nano.a(lib_a-nano-reallocr.o)
                0x0000000008007b00                _realloc_r
 .text._malloc_usable_size_r
                0x0000000008007b4c       0x10 /home/julian/programs/stm32/Ac6/SystemWorkbench/plugins/fr.ac6.mcu.externaltools.arm-none.linux64_1.17.0.201812190825/tools/compiler/bin/../lib/gcc/arm-none-eabi/7.3.1/../../../../arm-none-eabi/lib/thumb/v7e-m/fpv4-sp/hard/libc_nano.a(lib_a-nano-msizer.o)
                0x0000000008007b4c                _malloc_usable_size_r
 *(.glue_7)
 .glue_7        0x0000000008007b5c        0x0 linker stubs
 *(.glue_7t)
 .glue_7t       0x0000000008007b5c        0x0 linker stubs
 *(.eh_frame)
 .eh_frame      0x0000000008007b5c        0x0 /home/julian/programs/stm32/Ac6/SystemWorkbench/plugins/fr.ac6.mcu.externaltools.arm-none.linux64_1.17.0.201812190825/tools/compiler/bin/../lib/gcc/arm-none-eabi/7.3.1/thumb/v7e-m/fpv4-sp/hard/crtbegin.o
 *(.init)
 .init          0x0000000008007b5c        0x4 /home/julian/programs/stm32/Ac6/SystemWorkbench/plugins/fr.ac6.mcu.externaltools.arm-none.linux64_1.17.0.201812190825/tools/compiler/bin/../lib/gcc/arm-none-eabi/7.3.1/thumb/v7e-m/fpv4-sp/hard/crti.o
                0x0000000008007b5c                _init
 .init          0x0000000008007b60        0x8 /home/julian/programs/stm32/Ac6/SystemWorkbench/plugins/fr.ac6.mcu.externaltools.arm-none.linux64_1.17.0.201812190825/tools/compiler/bin/../lib/gcc/arm-none-eabi/7.3.1/thumb/v7e-m/fpv4-sp/hard/crtn.o
 *(.fini)
 .fini          0x0000000008007b68        0x4 /home/julian/programs/stm32/Ac6/SystemWorkbench/plugins/fr.ac6.mcu.externaltools.arm-none.linux64_1.17.0.201812190825/tools/compiler/bin/../lib/gcc/arm-none-eabi/7.3.1/thumb/v7e-m/fpv4-sp/hard/crti.o
                0x0000000008007b68                _fini
 .fini          0x0000000008007b6c        0x8 /home/julian/programs/stm32/Ac6/SystemWorkbench/plugins/fr.ac6.mcu.externaltools.arm-none.linux64_1.17.0.201812190825/tools/compiler/bin/../lib/gcc/arm-none-eabi/7.3.1/thumb/v7e-m/fpv4-sp/hard/crtn.o
                0x0000000008007b74                . = ALIGN (0x4)
                0x0000000008007b74                _etext = .

.vfp11_veneer   0x0000000008007b74        0x0
 .vfp11_veneer  0x0000000008007b74        0x0 linker stubs

.v4_bx          0x0000000008007b74        0x0
 .v4_bx         0x0000000008007b74        0x0 linker stubs

.iplt           0x0000000008007b74        0x0
 .iplt          0x0000000008007b74        0x0 /home/julian/programs/stm32/Ac6/SystemWorkbench/plugins/fr.ac6.mcu.externaltools.arm-none.linux64_1.17.0.201812190825/tools/compiler/bin/../lib/gcc/arm-none-eabi/7.3.1/thumb/v7e-m/fpv4-sp/hard/crtbegin.o

.rodata         0x0000000008007b78     0x1888
                0x0000000008007b78                . = ALIGN (0x4)
 *(.rodata)
 .rodata        0x0000000008007b78       0x18 Core/Src/system_stm32f4xx.o
                0x0000000008007b78                AHBPrescTable
                0x0000000008007b88                APBPrescTable
 *(.rodata*)
 .rodata.str1.4
                0x0000000008007b90       0x42 BSP/Src/bsp.o
 *fill*         0x0000000008007bd2        0x2 
 .rodata.str1.4
                0x0000000008007bd4     0x138e BSP/Src/esp8266.o
                                       0x13b6 (size before relaxing)
 *fill*         0x0000000008008f62        0x2 
 .rodata.str1.4
                0x0000000008008f64      0x224 Core/Src/main.o
                                        0x244 (size before relaxing)
 .rodata.str1.4
                0x0000000008009188        0x5 Middlewares/Third_Party/FreeRTOS/Source/tasks.o
 *fill*         0x000000000800918d        0x3 
 .rodata.str1.4
                0x0000000008009190       0x10 Middlewares/Third_Party/FreeRTOS/Source/timers.o
 .rodata._printf_float.str1.1
                0x00000000080091a0       0x12 /home/julian/programs/stm32/Ac6/SystemWorkbench/plugins/fr.ac6.mcu.externaltools.arm-none.linux64_1.17.0.201812190825/tools/compiler/bin/../lib/gcc/arm-none-eabi/7.3.1/../../../../arm-none-eabi/lib/thumb/v7e-m/fpv4-sp/hard/libc_nano.a(lib_a-nano-vfprintf_float.o)
 .rodata._printf_i.str1.1
                0x00000000080091b2       0x22 /home/julian/programs/stm32/Ac6/SystemWorkbench/plugins/fr.ac6.mcu.externaltools.arm-none.linux64_1.17.0.201812190825/tools/compiler/bin/../lib/gcc/arm-none-eabi/7.3.1/../../../../arm-none-eabi/lib/thumb/v7e-m/fpv4-sp/hard/libc_nano.a(lib_a-nano-vfprintf_i.o)
 .rodata._dtoa_r.str1.1
                0x00000000080091d4        0xd /home/julian/programs/stm32/Ac6/SystemWorkbench/plugins/fr.ac6.mcu.externaltools.arm-none.linux64_1.17.0.201812190825/tools/compiler/bin/../lib/gcc/arm-none-eabi/7.3.1/../../../../arm-none-eabi/lib/thumb/v7e-m/fpv4-sp/hard/libc_nano.a(lib_a-dtoa.o)
                                          0xf (size before relaxing)
 .rodata._setlocale_r.str1.1
                0x00000000080091e1        0x8 /home/julian/programs/stm32/Ac6/SystemWorkbench/plugins/fr.ac6.mcu.externaltools.arm-none.linux64_1.17.0.201812190825/tools/compiler/bin/../lib/gcc/arm-none-eabi/7.3.1/../../../../arm-none-eabi/lib/thumb/v7e-m/fpv4-sp/hard/libc_nano.a(lib_a-locale.o)
                                          0x9 (size before relaxing)
 .rodata.str1.1
                0x00000000080091e9        0x2 /home/julian/programs/stm32/Ac6/SystemWorkbench/plugins/fr.ac6.mcu.externaltools.arm-none.linux64_1.17.0.201812190825/tools/compiler/bin/../lib/gcc/arm-none-eabi/7.3.1/../../../../arm-none-eabi/lib/thumb/v7e-m/fpv4-sp/hard/libc_nano.a(lib_a-locale.o)
 *fill*         0x00000000080091eb        0x5 
 .rodata.__mprec_bigtens
                0x00000000080091f0       0x28 /home/julian/programs/stm32/Ac6/SystemWorkbench/plugins/fr.ac6.mcu.externaltools.arm-none.linux64_1.17.0.201812190825/tools/compiler/bin/../lib/gcc/arm-none-eabi/7.3.1/../../../../arm-none-eabi/lib/thumb/v7e-m/fpv4-sp/hard/libc_nano.a(lib_a-mprec.o)
                0x00000000080091f0                __mprec_bigtens
 .rodata.__mprec_tens
                0x0000000008009218       0xc8 /home/julian/programs/stm32/Ac6/SystemWorkbench/plugins/fr.ac6.mcu.externaltools.arm-none.linux64_1.17.0.201812190825/tools/compiler/bin/../lib/gcc/arm-none-eabi/7.3.1/../../../../arm-none-eabi/lib/thumb/v7e-m/fpv4-sp/hard/libc_nano.a(lib_a-mprec.o)
                0x0000000008009218                __mprec_tens
 .rodata.p05.7359
                0x00000000080092e0        0xc /home/julian/programs/stm32/Ac6/SystemWorkbench/plugins/fr.ac6.mcu.externaltools.arm-none.linux64_1.17.0.201812190825/tools/compiler/bin/../lib/gcc/arm-none-eabi/7.3.1/../../../../arm-none-eabi/lib/thumb/v7e-m/fpv4-sp/hard/libc_nano.a(lib_a-mprec.o)
 .rodata._svfprintf_r.str1.1
                0x00000000080092ec       0x11 /home/julian/programs/stm32/Ac6/SystemWorkbench/plugins/fr.ac6.mcu.externaltools.arm-none.linux64_1.17.0.201812190825/tools/compiler/bin/../lib/gcc/arm-none-eabi/7.3.1/../../../../arm-none-eabi/lib/thumb/v7e-m/fpv4-sp/hard/libc_nano.a(lib_a-nano-svfprintf.o)
 .rodata._ctype_
                0x00000000080092fd      0x101 /home/julian/programs/stm32/Ac6/SystemWorkbench/plugins/fr.ac6.mcu.externaltools.arm-none.linux64_1.17.0.201812190825/tools/compiler/bin/../lib/gcc/arm-none-eabi/7.3.1/../../../../arm-none-eabi/lib/thumb/v7e-m/fpv4-sp/hard/libc_nano.a(lib_a-ctype_.o)
                0x00000000080092fd                _ctype_
                0x0000000008009400                . = ALIGN (0x4)
 *fill*         0x00000000080093fe        0x2 

.ARM.extab
 *(.ARM.extab* .gnu.linkonce.armextab.*)

.ARM            0x0000000008009400        0x8
                0x0000000008009400                __exidx_start = .
 *(.ARM.exidx*)
 .ARM.exidx     0x0000000008009400        0x8 /home/julian/programs/stm32/Ac6/SystemWorkbench/plugins/fr.ac6.mcu.externaltools.arm-none.linux64_1.17.0.201812190825/tools/compiler/bin/../lib/gcc/arm-none-eabi/7.3.1/thumb/v7e-m/fpv4-sp/hard/libgcc.a(_udivmoddi4.o)
                0x0000000008009408                __exidx_end = .

.rel.dyn        0x0000000008009408        0x0
 .rel.iplt      0x0000000008009408        0x0 /home/julian/programs/stm32/Ac6/SystemWorkbench/plugins/fr.ac6.mcu.externaltools.arm-none.linux64_1.17.0.201812190825/tools/compiler/bin/../lib/gcc/arm-none-eabi/7.3.1/thumb/v7e-m/fpv4-sp/hard/crtbegin.o

.preinit_array  0x0000000008009408        0x0
                0x0000000008009408                PROVIDE (__preinit_array_start = .)
 *(.preinit_array*)
                0x0000000008009408                PROVIDE (__preinit_array_end = .)

.init_array     0x0000000008009408        0x4
                0x0000000008009408                PROVIDE (__init_array_start = .)
 *(SORT_BY_NAME(.init_array.*))
 *(.init_array*)
 .init_array    0x0000000008009408        0x4 /home/julian/programs/stm32/Ac6/SystemWorkbench/plugins/fr.ac6.mcu.externaltools.arm-none.linux64_1.17.0.201812190825/tools/compiler/bin/../lib/gcc/arm-none-eabi/7.3.1/thumb/v7e-m/fpv4-sp/hard/crtbegin.o
                0x000000000800940c                PROVIDE (__init_array_end = .)

.fini_array     0x000000000800940c        0x4
                [!provide]                        PROVIDE (__fini_array_start = .)
 *(SORT_BY_NAME(.fini_array.*))
 *(.fini_array*)
 .fini_array    0x000000000800940c        0x4 /home/julian/programs/stm32/Ac6/SystemWorkbench/plugins/fr.ac6.mcu.externaltools.arm-none.linux64_1.17.0.201812190825/tools/compiler/bin/../lib/gcc/arm-none-eabi/7.3.1/thumb/v7e-m/fpv4-sp/hard/crtbegin.o
                [!provide]                        PROVIDE (__fini_array_end = .)
                0x0000000008009410                _sidata = LOADADDR (.data)

.data           0x0000000020000000      0x214 load address 0x0000000008009410
                0x0000000020000000                . = ALIGN (0x4)
                0x0000000020000000                _sdata = .
 *(.data)
 .data          0x0000000020000000       0x14 BSP/Src/esp8266.o
                0x0000000020000000                receiveCommand
                0x0000000020000004                scheduledCommands
                0x0000000020000008                home_tail
                0x000000002000000c                home_header
                0x0000000020000010                error
 .data          0x0000000020000014       0x20 BSP/Src/led.o
                0x0000000020000014                gpio_ledRed
                0x000000002000001c                gpio_ledBlue
                0x0000000020000024                gpio_ledOrange
                0x000000002000002c                gpio_ledGreen
 .data          0x0000000020000034        0x4 Core/Src/system_stm32f4xx.o
                0x0000000020000034                SystemCoreClock
 .data          0x0000000020000038        0x8 Drivers/STM32F4xx_HAL_Driver/Src/stm32f4xx_hal.o
                0x0000000020000038                uwTickFreq
                0x000000002000003c                uwTickPrio
 .data          0x0000000020000040        0x4 Middlewares/Third_Party/FreeRTOS/Source/portable/GCC/ARM_CM4F/port.o
 *(.data*)
 .data._impure_ptr
                0x0000000020000044        0x4 /home/julian/programs/stm32/Ac6/SystemWorkbench/plugins/fr.ac6.mcu.externaltools.arm-none.linux64_1.17.0.201812190825/tools/compiler/bin/../lib/gcc/arm-none-eabi/7.3.1/../../../../arm-none-eabi/lib/thumb/v7e-m/fpv4-sp/hard/libc_nano.a(lib_a-impure.o)
                0x0000000020000044                _impure_ptr
 .data.impure_data
                0x0000000020000048       0x60 /home/julian/programs/stm32/Ac6/SystemWorkbench/plugins/fr.ac6.mcu.externaltools.arm-none.linux64_1.17.0.201812190825/tools/compiler/bin/../lib/gcc/arm-none-eabi/7.3.1/../../../../arm-none-eabi/lib/thumb/v7e-m/fpv4-sp/hard/libc_nano.a(lib_a-impure.o)
 .data.__global_locale
                0x00000000200000a8      0x16c /home/julian/programs/stm32/Ac6/SystemWorkbench/plugins/fr.ac6.mcu.externaltools.arm-none.linux64_1.17.0.201812190825/tools/compiler/bin/../lib/gcc/arm-none-eabi/7.3.1/../../../../arm-none-eabi/lib/thumb/v7e-m/fpv4-sp/hard/libc_nano.a(lib_a-locale.o)
                0x00000000200000a8                __global_locale
                0x0000000020000214                . = ALIGN (0x4)
                0x0000000020000214                _edata = .

.igot.plt       0x0000000020000214        0x0 load address 0x0000000008009624
 .igot.plt      0x0000000020000214        0x0 /home/julian/programs/stm32/Ac6/SystemWorkbench/plugins/fr.ac6.mcu.externaltools.arm-none.linux64_1.17.0.201812190825/tools/compiler/bin/../lib/gcc/arm-none-eabi/7.3.1/thumb/v7e-m/fpv4-sp/hard/crtbegin.o
                0x0000000020000214                . = ALIGN (0x4)

.bss            0x0000000020000214     0x4730 load address 0x0000000008009624
                0x0000000020000214                _sbss = .
                0x0000000020000214                __bss_start__ = _sbss
 *(.bss)
 .bss           0x0000000020000214       0x1c /home/julian/programs/stm32/Ac6/SystemWorkbench/plugins/fr.ac6.mcu.externaltools.arm-none.linux64_1.17.0.201812190825/tools/compiler/bin/../lib/gcc/arm-none-eabi/7.3.1/thumb/v7e-m/fpv4-sp/hard/crtbegin.o
 .bss           0x0000000020000230        0x1 BSP/Src/DHT.o
                0x0000000020000230                Presence
 *fill*         0x0000000020000231        0x3 
 .bss           0x0000000020000234      0x820 BSP/Src/UartRingbuffer.o
                0x0000000020000234                rx_buffer1
                0x000000002000043c                tx_buffer1
                0x0000000020000644                rx_buffer2
                0x000000002000084c                tx_buffer2
 .bss           0x0000000020000a54        0x8 Core/Src/main.o
 .bss           0x0000000020000a5c        0x8 Core/Src/syscalls.o
                0x0000000020000a60                __env
 .bss           0x0000000020000a64      0x12c Middlewares/Third_Party/FreeRTOS/Source/tasks.o
                0x0000000020000b64                pxCurrentTCB
 .bss           0x0000000020000b90       0x3c Middlewares/Third_Party/FreeRTOS/Source/timers.o
 .bss           0x0000000020000bcc        0x8 Middlewares/Third_Party/FreeRTOS/Source/portable/GCC/ARM_CM4F/port.o
 .bss           0x0000000020000bd4     0x3c20 Middlewares/Third_Party/FreeRTOS/Source/portable/MemMang/heap_4.o
 *(.bss*)
 .bss.__malloc_free_list
                0x00000000200047f4        0x4 /home/julian/programs/stm32/Ac6/SystemWorkbench/plugins/fr.ac6.mcu.externaltools.arm-none.linux64_1.17.0.201812190825/tools/compiler/bin/../lib/gcc/arm-none-eabi/7.3.1/../../../../arm-none-eabi/lib/thumb/v7e-m/fpv4-sp/hard/libc_nano.a(lib_a-nano-mallocr.o)
                0x00000000200047f4                __malloc_free_list
 .bss.__malloc_sbrk_start
                0x00000000200047f8        0x4 /home/julian/programs/stm32/Ac6/SystemWorkbench/plugins/fr.ac6.mcu.externaltools.arm-none.linux64_1.17.0.201812190825/tools/compiler/bin/../lib/gcc/arm-none-eabi/7.3.1/../../../../arm-none-eabi/lib/thumb/v7e-m/fpv4-sp/hard/libc_nano.a(lib_a-nano-mallocr.o)
                0x00000000200047f8                __malloc_sbrk_start
 *(COMMON)
 COMMON         0x00000000200047fc        0x7 BSP/Src/DHT.o
                0x00000000200047fc                Rh_byte1
                0x00000000200047fd                Temp_byte1
                0x00000000200047fe                Rh_byte2
                0x0000000020004800                SUM
                0x0000000020004802                Temp_byte2
 *fill*         0x0000000020004803        0x1 
 COMMON         0x0000000020004804       0x10 BSP/Src/UartRingbuffer.o
                0x0000000020004804                _tx_buffer2
                0x0000000020004808                _rx_buffer1
                0x000000002000480c                _tx_buffer1
                0x0000000020004810                _rx_buffer2
 COMMON         0x0000000020004814       0xcc BSP/Src/usart.o
                0x0000000020004814                huart1
                0x0000000020004858                huart6
                0x000000002000489c                huart2
 COMMON         0x00000000200048e0       0x1c Core/Src/main.o
                0x00000000200048e0                xDhtQueue
                0x00000000200048e4                vLedGreen
                0x00000000200048e8                vLedRed
                0x00000000200048ec                xMutexEsp8266
                0x00000000200048f0                vLedBlue
                0x00000000200048f4                vLedOrange
                0x00000000200048f8                xSemaphoreOneShotTask
 COMMON         0x00000000200048fc        0x4 Drivers/STM32F4xx_HAL_Driver/Src/stm32f4xx_hal.o
                0x00000000200048fc                uwTick
 COMMON         0x0000000020004900       0x40 Middlewares/Third_Party/FreeRTOS/Source/queue.o
                0x0000000020004900                xQueueRegistry
 COMMON         0x0000000020004940        0x4 /home/julian/programs/stm32/Ac6/SystemWorkbench/plugins/fr.ac6.mcu.externaltools.arm-none.linux64_1.17.0.201812190825/tools/compiler/bin/../lib/gcc/arm-none-eabi/7.3.1/../../../../arm-none-eabi/lib/thumb/v7e-m/fpv4-sp/hard/libc_nano.a(lib_a-reent.o)
                0x0000000020004940                errno
                0x0000000020004944                . = ALIGN (0x4)
                0x0000000020004944                _ebss = .
                0x0000000020004944                __bss_end__ = _ebss

._user_heap_stack
                0x0000000020004944      0x604 load address 0x0000000008009624
                0x0000000020004948                . = ALIGN (0x8)
 *fill*         0x0000000020004944        0x4 
                0x0000000020004948                PROVIDE (end = .)
                [!provide]                        PROVIDE (_end = .)
                0x0000000020004b48                . = (. + _Min_Heap_Size)
 *fill*         0x0000000020004948      0x200 
                0x0000000020004f48                . = (. + _Min_Stack_Size)
 *fill*         0x0000000020004b48      0x400 
                0x0000000020004f48                . = ALIGN (0x8)

/DISCARD/
 libc.a(*)
 libm.a(*)
 libgcc.a(*)

.ARM.attributes
                0x0000000000000000       0x30
 *(.ARM.attributes)
 .ARM.attributes
                0x0000000000000000       0x22 /home/julian/programs/stm32/Ac6/SystemWorkbench/plugins/fr.ac6.mcu.externaltools.arm-none.linux64_1.17.0.201812190825/tools/compiler/bin/../lib/gcc/arm-none-eabi/7.3.1/thumb/v7e-m/fpv4-sp/hard/crti.o
 .ARM.attributes
                0x0000000000000022       0x34 /home/julian/programs/stm32/Ac6/SystemWorkbench/plugins/fr.ac6.mcu.externaltools.arm-none.linux64_1.17.0.201812190825/tools/compiler/bin/../lib/gcc/arm-none-eabi/7.3.1/thumb/v7e-m/fpv4-sp/hard/crtbegin.o
 .ARM.attributes
                0x0000000000000056       0x39 BSP/Src/DHT.o
 .ARM.attributes
                0x000000000000008f       0x39 BSP/Src/UartRingbuffer.o
 .ARM.attributes
                0x00000000000000c8       0x39 BSP/Src/bsp.o
 .ARM.attributes
                0x0000000000000101       0x39 BSP/Src/esp8266.o
 .ARM.attributes
                0x000000000000013a       0x39 BSP/Src/gpio.o
 .ARM.attributes
                0x0000000000000173       0x39 BSP/Src/led.o
 .ARM.attributes
                0x00000000000001ac       0x39 BSP/Src/usart.o
 .ARM.attributes
                0x00000000000001e5       0x39 Core/Src/main.o
 .ARM.attributes
                0x000000000000021e       0x39 Core/Src/stm32f4xx_hal_msp.o
 .ARM.attributes
                0x0000000000000257       0x39 Core/Src/stm32f4xx_it.o
 .ARM.attributes
                0x0000000000000290       0x39 Core/Src/syscalls.o
 .ARM.attributes
                0x00000000000002c9       0x39 Core/Src/system_stm32f4xx.o
 .ARM.attributes
                0x0000000000000302       0x39 Drivers/STM32F4xx_HAL_Driver/Src/stm32f4xx_hal.o
 .ARM.attributes
                0x000000000000033b       0x39 Drivers/STM32F4xx_HAL_Driver/Src/stm32f4xx_hal_cortex.o
 .ARM.attributes
                0x0000000000000374       0x39 Drivers/STM32F4xx_HAL_Driver/Src/stm32f4xx_hal_gpio.o
 .ARM.attributes
                0x00000000000003ad       0x39 Drivers/STM32F4xx_HAL_Driver/Src/stm32f4xx_hal_rcc.o
 .ARM.attributes
                0x00000000000003e6       0x39 Drivers/STM32F4xx_HAL_Driver/Src/stm32f4xx_hal_uart.o
 .ARM.attributes
                0x000000000000041f       0x39 Middlewares/Third_Party/FreeRTOS/Source/list.o
 .ARM.attributes
                0x0000000000000458       0x39 Middlewares/Third_Party/FreeRTOS/Source/queue.o
 .ARM.attributes
                0x0000000000000491       0x39 Middlewares/Third_Party/FreeRTOS/Source/tasks.o
 .ARM.attributes
                0x00000000000004ca       0x39 Middlewares/Third_Party/FreeRTOS/Source/timers.o
 .ARM.attributes
                0x0000000000000503       0x39 Middlewares/Third_Party/FreeRTOS/Source/portable/GCC/ARM_CM4F/port.o
 .ARM.attributes
                0x000000000000053c       0x39 Middlewares/Third_Party/FreeRTOS/Source/portable/MemMang/heap_4.o
 .ARM.attributes
                0x0000000000000575       0x21 startup/startup_stm32f411xe.o
 .ARM.attributes
                0x0000000000000596       0x22 /home/julian/programs/stm32/Ac6/SystemWorkbench/plugins/fr.ac6.mcu.externaltools.arm-none.linux64_1.17.0.201812190825/tools/compiler/bin/../lib/gcc/arm-none-eabi/7.3.1/thumb/v7e-m/fpv4-sp/hard/libgcc.a(_aeabi_uldivmod.o)
 .ARM.attributes
                0x00000000000005b8       0x34 /home/julian/programs/stm32/Ac6/SystemWorkbench/plugins/fr.ac6.mcu.externaltools.arm-none.linux64_1.17.0.201812190825/tools/compiler/bin/../lib/gcc/arm-none-eabi/7.3.1/thumb/v7e-m/fpv4-sp/hard/libgcc.a(_udivmoddi4.o)
 .ARM.attributes
                0x00000000000005ec       0x22 /home/julian/programs/stm32/Ac6/SystemWorkbench/plugins/fr.ac6.mcu.externaltools.arm-none.linux64_1.17.0.201812190825/tools/compiler/bin/../lib/gcc/arm-none-eabi/7.3.1/thumb/v7e-m/fpv4-sp/hard/libgcc.a(_dvmd_tls.o)
 .ARM.attributes
                0x000000000000060e       0x34 /home/julian/programs/stm32/Ac6/SystemWorkbench/plugins/fr.ac6.mcu.externaltools.arm-none.linux64_1.17.0.201812190825/tools/compiler/bin/../lib/gcc/arm-none-eabi/7.3.1/../../../../arm-none-eabi/lib/thumb/v7e-m/fpv4-sp/hard/libc_nano.a(lib_a-atoi.o)
 .ARM.attributes
                0x0000000000000642       0x34 /home/julian/programs/stm32/Ac6/SystemWorkbench/plugins/fr.ac6.mcu.externaltools.arm-none.linux64_1.17.0.201812190825/tools/compiler/bin/../lib/gcc/arm-none-eabi/7.3.1/../../../../arm-none-eabi/lib/thumb/v7e-m/fpv4-sp/hard/libc_nano.a(lib_a-calloc.o)
 .ARM.attributes
                0x0000000000000676       0x34 /home/julian/programs/stm32/Ac6/SystemWorkbench/plugins/fr.ac6.mcu.externaltools.arm-none.linux64_1.17.0.201812190825/tools/compiler/bin/../lib/gcc/arm-none-eabi/7.3.1/../../../../arm-none-eabi/lib/thumb/v7e-m/fpv4-sp/hard/libc_nano.a(lib_a-errno.o)
 .ARM.attributes
                0x00000000000006aa       0x34 /home/julian/programs/stm32/Ac6/SystemWorkbench/plugins/fr.ac6.mcu.externaltools.arm-none.linux64_1.17.0.201812190825/tools/compiler/bin/../lib/gcc/arm-none-eabi/7.3.1/../../../../arm-none-eabi/lib/thumb/v7e-m/fpv4-sp/hard/libc_nano.a(lib_a-impure.o)
 .ARM.attributes
                0x00000000000006de       0x34 /home/julian/programs/stm32/Ac6/SystemWorkbench/plugins/fr.ac6.mcu.externaltools.arm-none.linux64_1.17.0.201812190825/tools/compiler/bin/../lib/gcc/arm-none-eabi/7.3.1/../../../../arm-none-eabi/lib/thumb/v7e-m/fpv4-sp/hard/libc_nano.a(lib_a-init.o)
 .ARM.attributes
                0x0000000000000712       0x34 /home/julian/programs/stm32/Ac6/SystemWorkbench/plugins/fr.ac6.mcu.externaltools.arm-none.linux64_1.17.0.201812190825/tools/compiler/bin/../lib/gcc/arm-none-eabi/7.3.1/../../../../arm-none-eabi/lib/thumb/v7e-m/fpv4-sp/hard/libc_nano.a(lib_a-memcpy-stub.o)
 .ARM.attributes
                0x0000000000000746       0x34 /home/julian/programs/stm32/Ac6/SystemWorkbench/plugins/fr.ac6.mcu.externaltools.arm-none.linux64_1.17.0.201812190825/tools/compiler/bin/../lib/gcc/arm-none-eabi/7.3.1/../../../../arm-none-eabi/lib/thumb/v7e-m/fpv4-sp/hard/libc_nano.a(lib_a-memset.o)
 .ARM.attributes
                0x000000000000077a       0x34 /home/julian/programs/stm32/Ac6/SystemWorkbench/plugins/fr.ac6.mcu.externaltools.arm-none.linux64_1.17.0.201812190825/tools/compiler/bin/../lib/gcc/arm-none-eabi/7.3.1/../../../../arm-none-eabi/lib/thumb/v7e-m/fpv4-sp/hard/libc_nano.a(lib_a-nano-callocr.o)
 .ARM.attributes
                0x00000000000007ae       0x34 /home/julian/programs/stm32/Ac6/SystemWorkbench/plugins/fr.ac6.mcu.externaltools.arm-none.linux64_1.17.0.201812190825/tools/compiler/bin/../lib/gcc/arm-none-eabi/7.3.1/../../../../arm-none-eabi/lib/thumb/v7e-m/fpv4-sp/hard/libc_nano.a(lib_a-nano-mallocr.o)
 .ARM.attributes
                0x00000000000007e2       0x34 /home/julian/programs/stm32/Ac6/SystemWorkbench/plugins/fr.ac6.mcu.externaltools.arm-none.linux64_1.17.0.201812190825/tools/compiler/bin/../lib/gcc/arm-none-eabi/7.3.1/../../../../arm-none-eabi/lib/thumb/v7e-m/fpv4-sp/hard/libc_nano.a(lib_a-nano-vfprintf_float.o)
 .ARM.attributes
                0x0000000000000816       0x34 /home/julian/programs/stm32/Ac6/SystemWorkbench/plugins/fr.ac6.mcu.externaltools.arm-none.linux64_1.17.0.201812190825/tools/compiler/bin/../lib/gcc/arm-none-eabi/7.3.1/../../../../arm-none-eabi/lib/thumb/v7e-m/fpv4-sp/hard/libc_nano.a(lib_a-nano-vfprintf_i.o)
 .ARM.attributes
                0x000000000000084a       0x34 /home/julian/programs/stm32/Ac6/SystemWorkbench/plugins/fr.ac6.mcu.externaltools.arm-none.linux64_1.17.0.201812190825/tools/compiler/bin/../lib/gcc/arm-none-eabi/7.3.1/../../../../arm-none-eabi/lib/thumb/v7e-m/fpv4-sp/hard/libc_nano.a(lib_a-sbrkr.o)
 .ARM.attributes
                0x000000000000087e       0x34 /home/julian/programs/stm32/Ac6/SystemWorkbench/plugins/fr.ac6.mcu.externaltools.arm-none.linux64_1.17.0.201812190825/tools/compiler/bin/../lib/gcc/arm-none-eabi/7.3.1/../../../../arm-none-eabi/lib/thumb/v7e-m/fpv4-sp/hard/libc_nano.a(lib_a-sprintf.o)
 .ARM.attributes
                0x00000000000008b2       0x34 /home/julian/programs/stm32/Ac6/SystemWorkbench/plugins/fr.ac6.mcu.externaltools.arm-none.linux64_1.17.0.201812190825/tools/compiler/bin/../lib/gcc/arm-none-eabi/7.3.1/../../../../arm-none-eabi/lib/thumb/v7e-m/fpv4-sp/hard/libc_nano.a(lib_a-strcat.o)
 .ARM.attributes
                0x00000000000008e6       0x20 /home/julian/programs/stm32/Ac6/SystemWorkbench/plugins/fr.ac6.mcu.externaltools.arm-none.linux64_1.17.0.201812190825/tools/compiler/bin/../lib/gcc/arm-none-eabi/7.3.1/../../../../arm-none-eabi/lib/thumb/v7e-m/fpv4-sp/hard/libc_nano.a(lib_a-strcmp.o)
 .ARM.attributes
                0x0000000000000906       0x34 /home/julian/programs/stm32/Ac6/SystemWorkbench/plugins/fr.ac6.mcu.externaltools.arm-none.linux64_1.17.0.201812190825/tools/compiler/bin/../lib/gcc/arm-none-eabi/7.3.1/../../../../arm-none-eabi/lib/thumb/v7e-m/fpv4-sp/hard/libc_nano.a(lib_a-strcpy.o)
 .ARM.attributes
                0x000000000000093a       0x1b /home/julian/programs/stm32/Ac6/SystemWorkbench/plugins/fr.ac6.mcu.externaltools.arm-none.linux64_1.17.0.201812190825/tools/compiler/bin/../lib/gcc/arm-none-eabi/7.3.1/../../../../arm-none-eabi/lib/thumb/v7e-m/fpv4-sp/hard/libc_nano.a(lib_a-strlen.o)
 .ARM.attributes
                0x0000000000000955       0x34 /home/julian/programs/stm32/Ac6/SystemWorkbench/plugins/fr.ac6.mcu.externaltools.arm-none.linux64_1.17.0.201812190825/tools/compiler/bin/../lib/gcc/arm-none-eabi/7.3.1/../../../../arm-none-eabi/lib/thumb/v7e-m/fpv4-sp/hard/libc_nano.a(lib_a-strtol.o)
 .ARM.attributes
                0x0000000000000989       0x34 /home/julian/programs/stm32/Ac6/SystemWorkbench/plugins/fr.ac6.mcu.externaltools.arm-none.linux64_1.17.0.201812190825/tools/compiler/bin/../lib/gcc/arm-none-eabi/7.3.1/../../../../arm-none-eabi/lib/thumb/v7e-m/fpv4-sp/hard/libc_nano.a(lib_a-dtoa.o)
 .ARM.attributes
                0x00000000000009bd       0x34 /home/julian/programs/stm32/Ac6/SystemWorkbench/plugins/fr.ac6.mcu.externaltools.arm-none.linux64_1.17.0.201812190825/tools/compiler/bin/../lib/gcc/arm-none-eabi/7.3.1/../../../../arm-none-eabi/lib/thumb/v7e-m/fpv4-sp/hard/libc_nano.a(lib_a-locale.o)
 .ARM.attributes
                0x00000000000009f1       0x34 /home/julian/programs/stm32/Ac6/SystemWorkbench/plugins/fr.ac6.mcu.externaltools.arm-none.linux64_1.17.0.201812190825/tools/compiler/bin/../lib/gcc/arm-none-eabi/7.3.1/../../../../arm-none-eabi/lib/thumb/v7e-m/fpv4-sp/hard/libc_nano.a(lib_a-localeconv.o)
 .ARM.attributes
                0x0000000000000a25       0x34 /home/julian/programs/stm32/Ac6/SystemWorkbench/plugins/fr.ac6.mcu.externaltools.arm-none.linux64_1.17.0.201812190825/tools/compiler/bin/../lib/gcc/arm-none-eabi/7.3.1/../../../../arm-none-eabi/lib/thumb/v7e-m/fpv4-sp/hard/libc_nano.a(lib_a-malloc.o)
 .ARM.attributes
                0x0000000000000a59       0x34 /home/julian/programs/stm32/Ac6/SystemWorkbench/plugins/fr.ac6.mcu.externaltools.arm-none.linux64_1.17.0.201812190825/tools/compiler/bin/../lib/gcc/arm-none-eabi/7.3.1/../../../../arm-none-eabi/lib/thumb/v7e-m/fpv4-sp/hard/libc_nano.a(lib_a-mbtowc_r.o)
 .ARM.attributes
                0x0000000000000a8d       0x20 /home/julian/programs/stm32/Ac6/SystemWorkbench/plugins/fr.ac6.mcu.externaltools.arm-none.linux64_1.17.0.201812190825/tools/compiler/bin/../lib/gcc/arm-none-eabi/7.3.1/../../../../arm-none-eabi/lib/thumb/v7e-m/fpv4-sp/hard/libc_nano.a(lib_a-memchr.o)
 .ARM.attributes
                0x0000000000000aad       0x34 /home/julian/programs/stm32/Ac6/SystemWorkbench/plugins/fr.ac6.mcu.externaltools.arm-none.linux64_1.17.0.201812190825/tools/compiler/bin/../lib/gcc/arm-none-eabi/7.3.1/../../../../arm-none-eabi/lib/thumb/v7e-m/fpv4-sp/hard/libc_nano.a(lib_a-mlock.o)
 .ARM.attributes
                0x0000000000000ae1       0x34 /home/julian/programs/stm32/Ac6/SystemWorkbench/plugins/fr.ac6.mcu.externaltools.arm-none.linux64_1.17.0.201812190825/tools/compiler/bin/../lib/gcc/arm-none-eabi/7.3.1/../../../../arm-none-eabi/lib/thumb/v7e-m/fpv4-sp/hard/libc_nano.a(lib_a-mprec.o)
 .ARM.attributes
                0x0000000000000b15       0x34 /home/julian/programs/stm32/Ac6/SystemWorkbench/plugins/fr.ac6.mcu.externaltools.arm-none.linux64_1.17.0.201812190825/tools/compiler/bin/../lib/gcc/arm-none-eabi/7.3.1/../../../../arm-none-eabi/lib/thumb/v7e-m/fpv4-sp/hard/libc_nano.a(lib_a-nano-freer.o)
 .ARM.attributes
                0x0000000000000b49       0x34 /home/julian/programs/stm32/Ac6/SystemWorkbench/plugins/fr.ac6.mcu.externaltools.arm-none.linux64_1.17.0.201812190825/tools/compiler/bin/../lib/gcc/arm-none-eabi/7.3.1/../../../../arm-none-eabi/lib/thumb/v7e-m/fpv4-sp/hard/libc_nano.a(lib_a-nano-svfprintf.o)
 .ARM.attributes
                0x0000000000000b7d       0x34 /home/julian/programs/stm32/Ac6/SystemWorkbench/plugins/fr.ac6.mcu.externaltools.arm-none.linux64_1.17.0.201812190825/tools/compiler/bin/../lib/gcc/arm-none-eabi/7.3.1/../../../../arm-none-eabi/lib/thumb/v7e-m/fpv4-sp/hard/libc_nano.a(lib_a-reent.o)
 .ARM.attributes
                0x0000000000000bb1       0x34 /home/julian/programs/stm32/Ac6/SystemWorkbench/plugins/fr.ac6.mcu.externaltools.arm-none.linux64_1.17.0.201812190825/tools/compiler/bin/../lib/gcc/arm-none-eabi/7.3.1/../../../../arm-none-eabi/lib/thumb/v7e-m/fpv4-sp/hard/libc_nano.a(lib_a-wctomb_r.o)
 .ARM.attributes
                0x0000000000000be5       0x34 /home/julian/programs/stm32/Ac6/SystemWorkbench/plugins/fr.ac6.mcu.externaltools.arm-none.linux64_1.17.0.201812190825/tools/compiler/bin/../lib/gcc/arm-none-eabi/7.3.1/../../../../arm-none-eabi/lib/thumb/v7e-m/fpv4-sp/hard/libc_nano.a(lib_a-ctype_.o)
 .ARM.attributes
                0x0000000000000c19       0x34 /home/julian/programs/stm32/Ac6/SystemWorkbench/plugins/fr.ac6.mcu.externaltools.arm-none.linux64_1.17.0.201812190825/tools/compiler/bin/../lib/gcc/arm-none-eabi/7.3.1/../../../../arm-none-eabi/lib/thumb/v7e-m/fpv4-sp/hard/libc_nano.a(lib_a-memmove.o)
 .ARM.attributes
                0x0000000000000c4d       0x34 /home/julian/programs/stm32/Ac6/SystemWorkbench/plugins/fr.ac6.mcu.externaltools.arm-none.linux64_1.17.0.201812190825/tools/compiler/bin/../lib/gcc/arm-none-eabi/7.3.1/../../../../arm-none-eabi/lib/thumb/v7e-m/fpv4-sp/hard/libc_nano.a(lib_a-nano-reallocr.o)
 .ARM.attributes