Archive member included to satisfy reference by file (symbol)

/home/julian/programs/stm32/Ac6/SystemWorkbench/plugins/fr.ac6.mcu.externaltools.arm-none.linux64_1.17.0.201812190825/tools/compiler/bin/../lib/gcc/arm-none-eabi/7.3.1/thumb/v7e-m/fpv4-sp/hard/libgcc.a(_aeabi_uldivmod.o)
                              Drivers/STM32F4xx_HAL_Driver/Src/stm32f4xx_hal_rcc.o (__aeabi_uldivmod)
/home/julian/programs/stm32/Ac6/SystemWorkbench/plugins/fr.ac6.mcu.externaltools.arm-none.linux64_1.17.0.201812190825/tools/compiler/bin/../lib/gcc/arm-none-eabi/7.3.1/thumb/v7e-m/fpv4-sp/hard/libgcc.a(_udivmoddi4.o)
                              /home/julian/programs/stm32/Ac6/SystemWorkbench/plugins/fr.ac6.mcu.externaltools.arm-none.linux64_1.17.0.201812190825/tools/compiler/bin/../lib/gcc/arm-none-eabi/7.3.1/thumb/v7e-m/fpv4-sp/hard/libgcc.a(_aeabi_uldivmod.o) (__udivmoddi4)
/home/julian/programs/stm32/Ac6/SystemWorkbench/plugins/fr.ac6.mcu.externaltools.arm-none.linux64_1.17.0.201812190825/tools/compiler/bin/../lib/gcc/arm-none-eabi/7.3.1/thumb/v7e-m/fpv4-sp/hard/libgcc.a(_dvmd_tls.o)
                              /home/julian/programs/stm32/Ac6/SystemWorkbench/plugins/fr.ac6.mcu.externaltools.arm-none.linux64_1.17.0.201812190825/tools/compiler/bin/../lib/gcc/arm-none-eabi/7.3.1/thumb/v7e-m/fpv4-sp/hard/libgcc.a(_aeabi_uldivmod.o) (__aeabi_ldiv0)
/home/julian/programs/stm32/Ac6/SystemWorkbench/plugins/fr.ac6.mcu.externaltools.arm-none.linux64_1.17.0.201812190825/tools/compiler/bin/../lib/gcc/arm-none-eabi/7.3.1/../../../../arm-none-eabi/lib/thumb/v7e-m/fpv4-sp/hard/libc_nano.a(lib_a-atoi.o)
                              BSP/Src/esp8266.o (atoi)
/home/julian/programs/stm32/Ac6/SystemWorkbench/plugins/fr.ac6.mcu.externaltools.arm-none.linux64_1.17.0.201812190825/tools/compiler/bin/../lib/gcc/arm-none-eabi/7.3.1/../../../../arm-none-eabi/lib/thumb/v7e-m/fpv4-sp/hard/libc_nano.a(lib_a-calloc.o)
                              Core/Src/main.o (calloc)
/home/julian/programs/stm32/Ac6/SystemWorkbench/plugins/fr.ac6.mcu.externaltools.arm-none.linux64_1.17.0.201812190825/tools/compiler/bin/../lib/gcc/arm-none-eabi/7.3.1/../../../../arm-none-eabi/lib/thumb/v7e-m/fpv4-sp/hard/libc_nano.a(lib_a-errno.o)
                              Core/Src/syscalls.o (__errno)
/home/julian/programs/stm32/Ac6/SystemWorkbench/plugins/fr.ac6.mcu.externaltools.arm-none.linux64_1.17.0.201812190825/tools/compiler/bin/../lib/gcc/arm-none-eabi/7.3.1/../../../../arm-none-eabi/lib/thumb/v7e-m/fpv4-sp/hard/libc_nano.a(lib_a-exit.o)
                              /home/julian/programs/stm32/Ac6/SystemWorkbench/plugins/fr.ac6.mcu.externaltools.arm-none.linux64_1.17.0.201812190825/tools/compiler/bin/../lib/gcc/arm-none-eabi/7.3.1/../../../../arm-none-eabi/lib/thumb/v7e-m/fpv4-sp/hard/crt0.o (exit)
/home/julian/programs/stm32/Ac6/SystemWorkbench/plugins/fr.ac6.mcu.externaltools.arm-none.linux64_1.17.0.201812190825/tools/compiler/bin/../lib/gcc/arm-none-eabi/7.3.1/../../../../arm-none-eabi/lib/thumb/v7e-m/fpv4-sp/hard/libc_nano.a(lib_a-impure.o)
                              /home/julian/programs/stm32/Ac6/SystemWorkbench/plugins/fr.ac6.mcu.externaltools.arm-none.linux64_1.17.0.201812190825/tools/compiler/bin/../lib/gcc/arm-none-eabi/7.3.1/../../../../arm-none-eabi/lib/thumb/v7e-m/fpv4-sp/hard/libc_nano.a(lib_a-exit.o) (_global_impure_ptr)
/home/julian/programs/stm32/Ac6/SystemWorkbench/plugins/fr.ac6.mcu.externaltools.arm-none.linux64_1.17.0.201812190825/tools/compiler/bin/../lib/gcc/arm-none-eabi/7.3.1/../../../../arm-none-eabi/lib/thumb/v7e-m/fpv4-sp/hard/libc_nano.a(lib_a-init.o)
                              /home/julian/programs/stm32/Ac6/SystemWorkbench/plugins/fr.ac6.mcu.externaltools.arm-none.linux64_1.17.0.201812190825/tools/compiler/bin/../lib/gcc/arm-none-eabi/7.3.1/../../../../arm-none-eabi/lib/thumb/v7e-m/fpv4-sp/hard/crt0.o (__libc_init_array)
/home/julian/programs/stm32/Ac6/SystemWorkbench/plugins/fr.ac6.mcu.externaltools.arm-none.linux64_1.17.0.201812190825/tools/compiler/bin/../lib/gcc/arm-none-eabi/7.3.1/../../../../arm-none-eabi/lib/thumb/v7e-m/fpv4-sp/hard/libc_nano.a(lib_a-memcpy-stub.o)
                              Middlewares/Third_Party/FreeRTOS/Source/queue.o (memcpy)
/home/julian/programs/stm32/Ac6/SystemWorkbench/plugins/fr.ac6.mcu.externaltools.arm-none.linux64_1.17.0.201812190825/tools/compiler/bin/../lib/gcc/arm-none-eabi/7.3.1/../../../../arm-none-eabi/lib/thumb/v7e-m/fpv4-sp/hard/libc_nano.a(lib_a-memset.o)
                              /home/julian/programs/stm32/Ac6/SystemWorkbench/plugins/fr.ac6.mcu.externaltools.arm-none.linux64_1.17.0.201812190825/tools/compiler/bin/../lib/gcc/arm-none-eabi/7.3.1/../../../../arm-none-eabi/lib/thumb/v7e-m/fpv4-sp/hard/crt0.o (memset)
/home/julian/programs/stm32/Ac6/SystemWorkbench/plugins/fr.ac6.mcu.externaltools.arm-none.linux64_1.17.0.201812190825/tools/compiler/bin/../lib/gcc/arm-none-eabi/7.3.1/../../../../arm-none-eabi/lib/thumb/v7e-m/fpv4-sp/hard/libc_nano.a(lib_a-nano-callocr.o)
[...]
Memory Configuration

Name             Origin             Length             Attributes
RAM              0x0000000020000000 0x0000000000020000 xrw
FLASH            0x0000000008000000 0x0000000000080000 xr
*default*        0x0000000000000000 0xffffffffffffffff

Linker script and memory map

LOAD /home/julian/programs/stm32/Ac6/SystemWorkbench/plugins/fr.ac6.mcu.externaltools.arm-none.linux64_1.17.0.201812190825/tools/compiler/bin/../lib/gcc/arm-none-eabi/7.3.1/thumb/v7e-m/fpv4-sp/hard/crti.o
LOAD /home/julian/programs/stm32/Ac6/SystemWorkbench/plugins/fr.ac6.mcu.externaltools.arm-none.linux64_1.17.0.201812190825/tools/compiler/bin/../lib/gcc/arm-none-eabi/7.3.1/thumb/v7e-m/fpv4-sp/hard/crtbegin.o
LOAD /home/julian/programs/stm32/Ac6/SystemWorkbench/plugins/fr.ac6.mcu.externaltools.arm-none.linux64_1.17.0.201812190825/tools/compiler/bin/../lib/gcc/arm-none-eabi/7.3.1/../../../../arm-none-eabi/lib/thumb/v7e-m/fpv4-sp/hard/crt0.o
LOAD BSP/Src/DHT.o
LOAD BSP/Src/UartRingbuffer.o
LOAD BSP/Src/bsp.o
LOAD BSP/Src/esp8266.o
LOAD BSP/Src/gpio.o
LOAD BSP/Src/led.o
LOAD BSP/Src/usart.o
LOAD Core/Src/freertos.o
LOAD Core/Src/main.o
LOAD Core/Src/stm32f4xx_hal_msp.o
LOAD Core/Src/stm32f4xx_it.o
LOAD Core/Src/syscalls.o
LOAD Core/Src/system_stm32f4xx.o
LOAD Drivers/STM32F4xx_HAL_Driver/Src/stm32f4xx_hal.o
LOAD Drivers/STM32F4xx_HAL_Driver/Src/stm32f4xx_hal_cortex.o
LOAD Drivers/STM32F4xx_HAL_Driver/Src/stm32f4xx_hal_dma.o
LOAD Drivers/STM32F4xx_HAL_Driver/Src/stm32f4xx_hal_dma_ex.o
LOAD Drivers/STM32F4xx_HAL_Driver/Src/stm32f4xx_hal_exti.o
LOAD Drivers/STM32F4xx_HAL_Driver/Src/stm32f4xx_hal_flash.o
LOAD Drivers/STM32F4xx_HAL_Driver/Src/stm32f4xx_hal_flash_ex.o
LOAD Drivers/STM32F4xx_HAL_Driver/Src/stm32f4xx_hal_flash_ramfunc.o
LOAD Drivers/STM32F4xx_HAL_Driver/Src/stm32f4xx_hal_gpio.o
LOAD Drivers/STM32F4xx_HAL_Driver/Src/stm32f4xx_hal_pwr.o
LOAD Drivers/STM32F4xx_HAL_Driver/Src/stm32f4xx_hal_pwr_ex.o
LOAD Drivers/STM32F4xx_HAL_Driver/Src/stm32f4xx_hal_rcc.o
LOAD Drivers/STM32F4xx_HAL_Driver/Src/stm32f4xx_hal_rcc_ex.o
LOAD Drivers/STM32F4xx_HAL_Driver/Src/stm32f4xx_hal_tim.o
LOAD Drivers/STM32F4xx_HAL_Driver/Src/stm32f4xx_hal_tim_ex.o
LOAD Drivers/STM32F4xx_HAL_Driver/Src/stm32f4xx_hal_uart.o
LOAD Middlewares/Third_Party/FreeRTOS/Source/CMSIS_RTOS/cmsis_os.o
LOAD Middlewares/Third_Party/FreeRTOS/Source/croutine.o
LOAD Middlewares/Third_Party/FreeRTOS/Source/event_groups.o
LOAD Middlewares/Third_Party/FreeRTOS/Source/list.o
LOAD Middlewares/Third_Party/FreeRTOS/Source/queue.o
LOAD Middlewares/Third_Party/FreeRTOS/Source/stream_buffer.o
LOAD Middlewares/Third_Party/FreeRTOS/Source/tasks.o
LOAD Middlewares/Third_Party/FreeRTOS/Source/timers.o
LOAD Middlewares/Third_Party/FreeRTOS/Source/portable/GCC/ARM_CM4F/port.o
LOAD Middlewares/Third_Party/FreeRTOS/Source/portable/MemMang/heap_4.o
LOAD startup/startup_stm32f411xe.o
LOAD /home/julian/programs/stm32/Ac6/SystemWorkbench/plugins/fr.ac6.mcu.externaltools.arm-none.linux64_1.17.0.201812190825/tools/compiler/bin/../lib/gcc/arm-none-eabi/7.3.1/../../../../arm-none-eabi/lib/thumb/v7e-m/fpv4-sp/hard/libm.a
START GROUP
LOAD /home/julian/programs/stm32/Ac6/SystemWorkbench/plugins/fr.ac6.mcu.externaltools.arm-none.linux64_1.17.0.201812190825/tools/compiler/bin/../lib/gcc/arm-none-eabi/7.3.1/thumb/v7e-m/fpv4-sp/hard/libgcc.a
LOAD /home/julian/programs/stm32/Ac6/SystemWorkbench/plugins/fr.ac6.mcu.externaltools.arm-none.linux64_1.17.0.201812190825/tools/compiler/bin/../lib/gcc/arm-none-eabi/7.3.1/../../../../arm-none-eabi/lib/thumb/v7e-m/fpv4-sp/hard/libc_nano.a
END GROUP
START GROUP
LOAD /home/julian/programs/stm32/Ac6/SystemWorkbench/plugins/fr.ac6.mcu.externaltools.arm-none.linux64_1.17.0.201812190825/tools/compiler/bin/../lib/gcc/arm-none-eabi/7.3.1/thumb/v7e-m/fpv4-sp/hard/libgcc.a
LOAD /home/julian/programs/stm32/Ac6/SystemWorkbench/plugins/fr.ac6.mcu.externaltools.arm-none.linux64_1.17.0.201812190825/tools/compiler/bin/../lib/gcc/arm-none-eabi/7.3.1/../../../../arm-none-eabi/lib/thumb/v7e-m/fpv4-sp/hard/libc_nano.a
LOAD /home/julian/programs/stm32/Ac6/SystemWorkbench/plugins/fr.ac6.mcu.externaltools.arm-none.linux64_1.17.0.201812190825/tools/compiler/bin/../lib/gcc/arm-none-eabi/7.3.1/../../../../arm-none-eabi/lib/thumb/v7e-m/fpv4-sp/hard/libnosys.a
END GROUP
START GROUP
LOAD /home/julian/programs/stm32/Ac6/SystemWorkbench/plugins/fr.ac6.mcu.externaltools.arm-none.linux64_1.17.0.201812190825/tools/compiler/bin/../lib/gcc/arm-none-eabi/7.3.1/thumb/v7e-m/fpv4-sp/hard/libgcc.a
LOAD /home/julian/programs/stm32/Ac6/SystemWorkbench/plugins/fr.ac6.mcu.externaltools.arm-none.linux64_1.17.0.201812190825/tools/compiler/bin/../lib/gcc/arm-none-eabi/7.3.1/../../../../arm-none-eabi/lib/thumb/v7e-m/fpv4-sp/hard/libc_nano.a
LOAD /home/julian/programs/stm32/Ac6/SystemWorkbench/plugins/fr.ac6.mcu.externaltools.arm-none.linux64_1.17.0.201812190825/tools/compiler/bin/../lib/gcc/arm-none-eabi/7.3.1/../../../../arm-none-eabi/lib/thumb/v7e-m/fpv4-sp/hard/libnosys.a
END GROUP
LOAD /home/julian/programs/stm32/Ac6/SystemWorkbench/plugins/fr.ac6.mcu.externaltools.arm-none.linux64_1.17.0.201812190825/tools/compiler/bin/../lib/gcc/arm-none-eabi/7.3.1/thumb/v7e-m/fpv4-sp/hard/crtend.o
LOAD /home/julian/programs/stm32/Ac6/SystemWorkbench/plugins/fr.ac6.mcu.externaltools.arm-none.linux64_1.17.0.201812190825/tools/compiler/bin/../lib/gcc/arm-none-eabi/7.3.1/thumb/v7e-m/fpv4-sp/hard/crtn.o
                0x0000000020020000                _estack = 0x20020000
                0x0000000000000200                _Min_Heap_Size = 0x200
                0x0000000000000400                _Min_Stack_Size = 0x400

.isr_vector     0x0000000008000000      0x198
                0x0000000008000000                . = ALIGN (0x4)
 *(.isr_vector)
 .isr_vector    0x0000000008000000      0x198 startup/startup_stm32f411xe.o
                0x0000000008000000                g_pfnVectors
                0x0000000008000198                . = ALIGN (0x4)

.text           0x00000000080001a0     0x7884
                0x00000000080001a0                . = ALIGN (0x4)
 *(.text)
 .text          0x00000000080001a0       0x40 /home/julian/programs/stm32/Ac6/SystemWorkbench/plugins/fr.ac6.mcu.externaltools.arm-none.linux64_1.17.0.201812190825/tools/compiler/bin/../lib/gcc/arm-none-eabi/7.3.1/thumb/v7e-m/fpv4-sp/hard/crtbegin.o
 .text          0x00000000080001e0       0x30 /home/julian/programs/stm32/Ac6/SystemWorkbench/plugins/fr.ac6.mcu.externaltools.arm-none.linux64_1.17.0.201812190825/tools/compiler/bin/../lib/gcc/arm-none-eabi/7.3.1/thumb/v7e-m/fpv4-sp/hard/libgcc.a(_aeabi_uldivmod.o)
                0x00000000080001e0                __aeabi_uldivmod
 .text          0x0000000008000210      0x2cc /home/julian/programs/stm32/Ac6/SystemWorkbench/plugins/fr.ac6.mcu.externaltools.arm-none.linux64_1.17.0.201812190825/tools/compiler/bin/../lib/gcc/arm-none-eabi/7.3.1/thumb/v7e-m/fpv4-sp/hard/libgcc.a(_udivmoddi4.o)
                0x0000000008000210                __udivmoddi4
 .text          0x00000000080004dc        0x4 /home/julian/programs/stm32/Ac6/SystemWorkbench/plugins/fr.ac6.mcu.externaltools.arm-none.linux64_1.17.0.201812190825/tools/compiler/bin/../lib/gcc/arm-none-eabi/7.3.1/thumb/v7e-m/fpv4-sp/hard/libgcc.a(_dvmd_tls.o)
                0x00000000080004dc                __aeabi_ldiv0
                0x00000000080004dc                __aeabi_idiv0
 .text          0x00000000080004e0       0x14 /home/julian/programs/stm32/Ac6/SystemWorkbench/plugins/fr.ac6.mcu.externaltools.arm-none.linux64_1.17.0.201812190825/tools/compiler/bin/../lib/gcc/arm-none-eabi/7.3.1/../../../../arm-none-eabi/lib/thumb/v7e-m/fpv4-sp/hard/libc_nano.a(lib_a-strcmp.o)
                0x00000000080004e0                strcmp
 .text          0x00000000080004f4       0x10 /home/julian/programs/stm32/Ac6/SystemWorkbench/plugins/fr.ac6.mcu.externaltools.arm-none.linux64_1.17.0.201812190825/tools/compiler/bin/../lib/gcc/arm-none-eabi/7.3.1/../../../../arm-none-eabi/lib/thumb/v7e-m/fpv4-sp/hard/libc_nano.a(lib_a-strlen.o)
                0x00000000080004f4                strlen
 *fill*         0x0000000008000504        0xc 
 .text          0x0000000008000510       0xa0 /home/julian/programs/stm32/Ac6/SystemWorkbench/plugins/fr.ac6.mcu.externaltools.arm-none.linux64_1.17.0.201812190825/tools/compiler/bin/../lib/gcc/arm-none-eabi/7.3.1/../../../../arm-none-eabi/lib/thumb/v7e-m/fpv4-sp/hard/libc_nano.a(lib_a-memchr.o)
                0x0000000008000510                memchr
 .text          0x00000000080005b0      0x378 /home/julian/programs/stm32/Ac6/SystemWorkbench/plugins/fr.ac6.mcu.externaltools.arm-none.linux64_1.17.0.201812190825/tools/compiler/bin/../lib/gcc/arm-none-eabi/7.3.1/thumb/v7e-m/fpv4-sp/hard/libgcc.a(_arm_addsubdf3.o)
                0x00000000080005b0                __aeabi_drsub
                0x00000000080005b8                __aeabi_dsub
                0x00000000080005b8                __subdf3
                0x00000000080005bc                __adddf3
                0x00000000080005bc                __aeabi_dadd
                0x0000000008000834                __aeabi_ui2d
                0x0000000008000834                __floatunsidf
                0x0000000008000854                __floatsidf
                0x0000000008000854                __aeabi_i2d
                0x0000000008000878                __extendsfdf2
                0x0000000008000878                __aeabi_f2d
                0x00000000080008bc                __aeabi_ul2d
                0x00000000080008bc                __floatundidf
                0x00000000080008cc                __floatdidf
                0x00000000080008cc                __aeabi_l2d
 .text          0x0000000008000928      0x424 /home/julian/programs/stm32/Ac6/SystemWorkbench/plugins/fr.ac6.mcu.externaltools.arm-none.linux64_1.17.0.201812190825/tools/compiler/bin/../lib/gcc/arm-none-eabi/7.3.1/thumb/v7e-m/fpv4-sp/hard/libgcc.a(_arm_muldivdf3.o)
                0x0000000008000928                __aeabi_dmul
                0x0000000008000928                __muldf3
                0x0000000008000b7c                __aeabi_ddiv
                0x0000000008000b7c                __divdf3
 .text          0x0000000008000d4c      0x110 /home/julian/programs/stm32/Ac6/SystemWorkbench/plugins/fr.ac6.mcu.externaltools.arm-none.linux64_1.17.0.201812190825/tools/compiler/bin/../lib/gcc/arm-none-eabi/7.3.1/thumb/v7e-m/fpv4-sp/hard/libgcc.a(_arm_cmpdf2.o)
                0x0000000008000d4c                __gtdf2
                0x0000000008000d4c                __gedf2
                0x0000000008000d54                __ltdf2
                0x0000000008000d54                __ledf2
                0x0000000008000d5c                __cmpdf2
                0x0000000008000d5c                __eqdf2
                0x0000000008000d5c                __nedf2
                0x0000000008000dd8                __aeabi_cdrcmple
                0x0000000008000de8                __aeabi_cdcmple
                0x0000000008000de8                __aeabi_cdcmpeq
                0x0000000008000df8                __aeabi_dcmpeq
                0x0000000008000e0c                __aeabi_dcmplt
                0x0000000008000e20                __aeabi_dcmple
                0x0000000008000e34                __aeabi_dcmpge
                0x0000000008000e48                __aeabi_dcmpgt
 .text          0x0000000008000e5c       0x2c /home/julian/programs/stm32/Ac6/SystemWorkbench/plugins/fr.ac6.mcu.externaltools.arm-none.linux64_1.17.0.201812190825/tools/compiler/bin/../lib/gcc/arm-none-eabi/7.3.1/thumb/v7e-m/fpv4-sp/hard/libgcc.a(_arm_unorddf2.o)
                0x0000000008000e5c                __aeabi_dcmpun
                0x0000000008000e5c                __unorddf2
 .text          0x0000000008000e88       0x50 /home/julian/programs/stm32/Ac6/SystemWorkbench/plugins/fr.ac6.mcu.externaltools.arm-none.linux64_1.17.0.201812190825/tools/compiler/bin/../lib/gcc/arm-none-eabi/7.3.1/thumb/v7e-m/fpv4-sp/hard/libgcc.a(_arm_fixdfsi.o)
                0x0000000008000e88                __fixdfsi
                0x0000000008000e88                __aeabi_d2iz
 *(.text*)
 .text.DWT_Delay_Init
                0x0000000008000ed8       0x44 BSP/Src/DHT.o
                0x0000000008000ed8                DWT_Delay_Init
 .text.Set_Pin_Output
                0x0000000008000f1c       0x1e BSP/Src/DHT.o
                0x0000000008000f1c                Set_Pin_Output
 .text.Set_Pin_Input
                0x0000000008000f3a       0x20 BSP/Src/DHT.o
                0x0000000008000f3a                Set_Pin_Input
 *fill*         0x0000000008000f5a        0x2 
 .text.DHT_Start
                0x0000000008000f5c       0x7c BSP/Src/DHT.o
                0x0000000008000f5c                DHT_Start
 .text.DHT_Check_Response
                0x0000000008000fd8       0x7c BSP/Src/DHT.o
                0x0000000008000fd8                DHT_Check_Response
 .text.DHT_Read
                0x0000000008001054       0x80 BSP/Src/DHT.o
                0x0000000008001054                DHT_Read
 .text.DHT_GetData
                0x00000000080010d4       0x7c BSP/Src/DHT.o
                0x00000000080010d4                DHT_GetData
 .text.Ringbuf_init
                0x0000000008001150       0x64 BSP/Src/UartRingbuffer.o
                0x0000000008001150                Ringbuf_init
 .text.store_char
                0x00000000080011b4       0x1e BSP/Src/UartRingbuffer.o
                0x00000000080011b4                store_char
 .text.Look_for
                0x00000000080011d2       0x36 BSP/Src/UartRingbuffer.o
                0x00000000080011d2                Look_for
 .text.Uart_read
                0x0000000008001208       0x7c BSP/Src/UartRingbuffer.o
                0x0000000008001208                Uart_read
 .text.Uart_write
                0x0000000008001284       0x90 BSP/Src/UartRingbuffer.o
                0x0000000008001284                Uart_write
 .text.IsDataAvailable
                0x0000000008001314       0x4c BSP/Src/UartRingbuffer.o
                0x0000000008001314                IsDataAvailable
 .text.Uart_sendstring
                0x0000000008001360       0x18 BSP/Src/UartRingbuffer.o
                0x0000000008001360                Uart_sendstring
 .text.GetDataFromBuffer
                0x0000000008001378       0x7a BSP/Src/UartRingbuffer.o
                0x0000000008001378                GetDataFromBuffer
 *fill*         0x00000000080013f2        0x2 
 .text.Uart_flush
                0x00000000080013f4       0x54 BSP/Src/UartRingbuffer.o
                0x00000000080013f4                Uart_flush
 .text.Uart_peek
                0x0000000008001448       0x60 BSP/Src/UartRingbuffer.o
                0x0000000008001448                Uart_peek
 .text.Copy_upto
                0x00000000080014a8       0x94 BSP/Src/UartRingbuffer.o
                0x00000000080014a8                Copy_upto
 .text.Wait_for
                0x000000000800153c       0x68 BSP/Src/UartRingbuffer.o
                0x000000000800153c                Wait_for
 .text.Get_after
                0x00000000080015a4       0x36 BSP/Src/UartRingbuffer.o
                0x00000000080015a4                Get_after
 *fill*         0x00000000080015da        0x2 
 .text.Wait_for_timeout
                0x00000000080015dc       0x84 BSP/Src/UartRingbuffer.o
                0x00000000080015dc                Wait_for_timeout
 .text.Uart_isr
                0x0000000008001660       0xe0 BSP/Src/UartRingbuffer.o
                0x0000000008001660                Uart_isr
 .text.vSetTemp
                0x0000000008001740       0x30 BSP/Src/bsp.o
                0x0000000008001740                vSetTemp
 .text.vSetHum  0x0000000008001770       0x30 BSP/Src/bsp.o
                0x0000000008001770                vSetHum
 .text.vConnectWifi_StaticIp
                0x00000000080017a0        0x8 BSP/Src/bsp.o
                0x00000000080017a0                vConnectWifi_StaticIp
 .text.vRefreshWebserver
                0x00000000080017a8        0x8 BSP/Src/bsp.o
                0x00000000080017a8                vRefreshWebserver
 .text.vReadDHTSensor
                0x00000000080017b0        0x8 BSP/Src/bsp.o
                0x00000000080017b0                vReadDHTSensor
 .text.vLogDataThingSpeaker
                0x00000000080017b8        0x8 BSP/Src/bsp.o
                0x00000000080017b8                vLogDataThingSpeaker
 .text.vSendToUart
                0x00000000080017c0        0x8 BSP/Src/bsp.o
                0x00000000080017c0                vSendToUart
 .text.vTurnLedOn
                0x00000000080017c8        0x8 BSP/Src/bsp.o
                0x00000000080017c8                vTurnLedOn
 .text.vTurnLedOff
                0x00000000080017d0        0x8 BSP/Src/bsp.o
                0x00000000080017d0                vTurnLedOff
 .text.Error_Handler
                0x00000000080017d8        0x4 BSP/Src/bsp.o
                0x00000000080017d8                Error_Handler
 .text.SystemClock_Config
                0x00000000080017dc       0xa4 BSP/Src/bsp.o
                0x00000000080017dc                SystemClock_Config
 .text.BSP_Init
                0x0000000008001880       0x1c BSP/Src/bsp.o
                0x0000000008001880                BSP_Init
 .text.setValue
                0x000000000800189c       0x34 BSP/Src/esp8266.o
 .text.setRanges
                0x00000000080018d0       0x38 BSP/Src/esp8266.o
 .text.bufclr   0x0000000008001908       0x18 BSP/Src/esp8266.o
 .text.strtoIntValue
                0x0000000008001920       0x16 BSP/Src/esp8266.o
 *fill*         0x0000000008001936        0x2 
 .text.Handle_controlData
                0x0000000008001938       0xc0 BSP/Src/esp8266.o
 .text.ESP_Init
                0x00000000080019f8      0x104 BSP/Src/esp8266.o
                0x00000000080019f8                ESP_Init
 .text.Server_Send
                0x0000000008001afc       0x90 BSP/Src/esp8266.o
                0x0000000008001afc                Server_Send
 .text.HandleScheduleData
                0x0000000008001b8c       0x88 BSP/Src/esp8266.o
                0x0000000008001b8c                HandleScheduleData
 .text.wait_timeout
                0x0000000008001c14       0x1e BSP/Src/esp8266.o
                0x0000000008001c14                wait_timeout
 *fill*         0x0000000008001c32        0x2 
 .text.Server_Send_main
                0x0000000008001c34      0x17c BSP/Src/esp8266.o
                0x0000000008001c34                Server_Send_main
 .text.Server_Handle
                0x0000000008001db0       0xec BSP/Src/esp8266.o
                0x0000000008001db0                Server_Handle
 .text.Server_Start
                0x0000000008001e9c      0x368 BSP/Src/esp8266.o
                0x0000000008001e9c                Server_Start
 .text.ESP_Send_Multi
                0x0000000008002204      0x124 BSP/Src/esp8266.o
                0x0000000008002204                ESP_Send_Multi
 .text.MX_GPIO_Init
                0x0000000008002328       0x90 BSP/Src/gpio.o
                0x0000000008002328                MX_GPIO_Init
 .text.vLED_on  0x00000000080023b8        0xe BSP/Src/led.o
                0x00000000080023b8                vLED_on
 .text.vLED_off
                0x00000000080023c6        0xe BSP/Src/led.o
                0x00000000080023c6                vLED_off
 .text.vLED_Init
                0x00000000080023d4       0x94 BSP/Src/led.o
                0x00000000080023d4                vLED_Init
 .text.MX_USART1_UART_Init
                0x0000000008002468       0x34 BSP/Src/usart.o
                0x0000000008002468                MX_USART1_UART_Init
 .text.MX_USART2_UART_Init
                0x000000000800249c       0x34 BSP/Src/usart.o
                0x000000000800249c                MX_USART2_UART_Init
 .text.HAL_UART_MspInit
                0x00000000080024d0      0x170 BSP/Src/usart.o
                0x00000000080024d0                HAL_UART_MspInit
 .text.vTaskSendDataThingSpeak
                0x0000000008002640       0x5c Core/Src/main.o
                0x0000000008002640                vTaskSendDataThingSpeak
 .text.vTaskRefreshWebserver
                0x000000000800269c       0x16 Core/Src/main.o
                0x000000000800269c                vTaskRefreshWebserver
 .text.vTaskControlTempHum
                0x00000000080026b2       0x7e Core/Src/main.o
                0x00000000080026b2                vTaskControlTempHum
 .text.vTaskGetDataDHT
                0x0000000008002730       0x50 Core/Src/main.o
                0x0000000008002730                vTaskGetDataDHT
 .text.vTaskCreateTimer
                0x0000000008002780       0x6c Core/Src/main.o
                0x0000000008002780                vTaskCreateTimer
 .text.prvTimerCallbackHandler
                0x00000000080027ec       0x2c Core/Src/main.o
                0x00000000080027ec                prvTimerCallbackHandler
 .text.HandleScheduledCommand
                0x0000000008002818      0x1a8 Core/Src/main.o
                0x0000000008002818                HandleScheduledCommand
 .text.vScheduleTask
                0x00000000080029c0       0x54 Core/Src/main.o
                0x00000000080029c0                vScheduleTask
 .text.main     0x0000000008002a14      0x214 Core/Src/main.o
                0x0000000008002a14                main
 .text.HAL_MspInit
                0x0000000008002c28       0x54 Core/Src/stm32f4xx_hal_msp.o
                0x0000000008002c28                HAL_MspInit
 .text.NMI_Handler
                0x0000000008002c7c        0x2 Core/Src/stm32f4xx_it.o
                0x0000000008002c7c                NMI_Handler
 .text.HardFault_Handler
                0x0000000008002c7e        0x2 Core/Src/stm32f4xx_it.o
                0x0000000008002c7e                HardFault_Handler
 .text.MemManage_Handler
                0x0000000008002c80        0x2 Core/Src/stm32f4xx_it.o
                0x0000000008002c80                MemManage_Handler
 .text.BusFault_Handler
                0x0000000008002c82        0x2 Core/Src/stm32f4xx_it.o
                0x0000000008002c82                BusFault_Handler
 .text.UsageFault_Handler
                0x0000000008002c84        0x2 Core/Src/stm32f4xx_it.o
                0x0000000008002c84                UsageFault_Handler
 .text.DebugMon_Handler
                0x0000000008002c86        0x2 Core/Src/stm32f4xx_it.o
                0x0000000008002c86                DebugMon_Handler
 .text.SysTick_Handler
                0x0000000008002c88       0x14 Core/Src/stm32f4xx_it.o
                0x0000000008002c88                SysTick_Handler
 .text.USART1_IRQHandler
                0x0000000008002c9c       0x10 Core/Src/stm32f4xx_it.o
                0x0000000008002c9c                USART1_IRQHandler
 .text.USART2_IRQHandler
                0x0000000008002cac       0x10 Core/Src/stm32f4xx_it.o
                0x0000000008002cac                USART2_IRQHandler
 .text.USART6_IRQHandler
                0x0000000008002cbc       0x10 Core/Src/stm32f4xx_it.o
                0x0000000008002cbc                USART6_IRQHandler
 .text.FPU_IRQHandler
                0x0000000008002ccc        0x2 Core/Src/stm32f4xx_it.o
                0x0000000008002ccc                FPU_IRQHandler
 *fill*         0x0000000008002cce        0x2 
 .text._sbrk    0x0000000008002cd0       0x3c Core/Src/syscalls.o
                0x0000000008002cd0                _sbrk
 .text.SystemInit
                0x0000000008002d0c       0x14 Core/Src/system_stm32f4xx.o
                0x0000000008002d0c                SystemInit
 .text.HAL_InitTick
                0x0000000008002d20       0x48 Drivers/STM32F4xx_HAL_Driver/Src/stm32f4xx_hal.o
                0x0000000008002d20                HAL_InitTick
 .text.HAL_Init
                0x0000000008002d68       0x34 Drivers/STM32F4xx_HAL_Driver/Src/stm32f4xx_hal.o
                0x0000000008002d68                HAL_Init
 .text.HAL_IncTick
                0x0000000008002d9c       0x18 Drivers/STM32F4xx_HAL_Driver/Src/stm32f4xx_hal.o
                0x0000000008002d9c                HAL_IncTick
 .text.HAL_GetTick
                0x0000000008002db4        0xc Drivers/STM32F4xx_HAL_Driver/Src/stm32f4xx_hal.o
                0x0000000008002db4                HAL_GetTick
 .text.HAL_Delay
                0x0000000008002dc0       0x28 Drivers/STM32F4xx_HAL_Driver/Src/stm32f4xx_hal.o
                0x0000000008002dc0                HAL_Delay
 .text.HAL_NVIC_SetPriorityGrouping
                0x0000000008002de8       0x24 Drivers/STM32F4xx_HAL_Driver/Src/stm32f4xx_hal_cortex.o
                0x0000000008002de8                HAL_NVIC_SetPriorityGrouping
 .text.HAL_NVIC_SetPriority
                0x0000000008002e0c       0x68 Drivers/STM32F4xx_HAL_Driver/Src/stm32f4xx_hal_cortex.o
                0x0000000008002e0c                HAL_NVIC_SetPriority
 .text.HAL_NVIC_EnableIRQ
                0x0000000008002e74       0x1c Drivers/STM32F4xx_HAL_Driver/Src/stm32f4xx_hal_cortex.o
                0x0000000008002e74                HAL_NVIC_EnableIRQ
 .text.HAL_SYSTICK_Config
                0x0000000008002e90       0x2c Drivers/STM32F4xx_HAL_Driver/Src/stm32f4xx_hal_cortex.o
                0x0000000008002e90                HAL_SYSTICK_Config
 .text.HAL_GPIO_Init
                0x0000000008002ebc      0x1b0 Drivers/STM32F4xx_HAL_Driver/Src/stm32f4xx_hal_gpio.o
                0x0000000008002ebc                HAL_GPIO_Init
 .text.HAL_GPIO_ReadPin
                0x000000000800306c        0xe Drivers/STM32F4xx_HAL_Driver/Src/stm32f4xx_hal_gpio.o
                0x000000000800306c                HAL_GPIO_ReadPin
 .text.HAL_GPIO_WritePin
                0x000000000800307a        0xc Drivers/STM32F4xx_HAL_Driver/Src/stm32f4xx_hal_gpio.o
                0x000000000800307a                HAL_GPIO_WritePin
 *fill*         0x0000000008003086        0x2 
 .text.HAL_RCC_OscConfig
                0x0000000008003088      0x3f8 Drivers/STM32F4xx_HAL_Driver/Src/stm32f4xx_hal_rcc.o
                0x0000000008003088                HAL_RCC_OscConfig
 .text.HAL_RCC_GetSysClockFreq
                0x0000000008003480       0xd8 Drivers/STM32F4xx_HAL_Driver/Src/stm32f4xx_hal_rcc.o
                0x0000000008003480                HAL_RCC_GetSysClockFreq
 .text.HAL_RCC_ClockConfig
                0x0000000008003558      0x160 Drivers/STM32F4xx_HAL_Driver/Src/stm32f4xx_hal_rcc.o
                0x0000000008003558                HAL_RCC_ClockConfig
 .text.HAL_RCC_GetHCLKFreq
                0x00000000080036b8        0xc Drivers/STM32F4xx_HAL_Driver/Src/stm32f4xx_hal_rcc.o
                0x00000000080036b8                HAL_RCC_GetHCLKFreq
 .text.HAL_RCC_GetPCLK1Freq
                0x00000000080036c4       0x20 Drivers/STM32F4xx_HAL_Driver/Src/stm32f4xx_hal_rcc.o
                0x00000000080036c4                HAL_RCC_GetPCLK1Freq
 .text.HAL_RCC_GetPCLK2Freq
                0x00000000080036e4       0x20 Drivers/STM32F4xx_HAL_Driver/Src/stm32f4xx_hal_rcc.o
                0x00000000080036e4                HAL_RCC_GetPCLK2Freq
 .text.UART_SetConfig
                0x0000000008003704      0x134 Drivers/STM32F4xx_HAL_Driver/Src/stm32f4xx_hal_uart.o
 .text.HAL_UART_Init
                0x0000000008003838       0x5e Drivers/STM32F4xx_HAL_Driver/Src/stm32f4xx_hal_uart.o
                0x0000000008003838                HAL_UART_Init
 .text.vListInitialise
                0x0000000008003896       0x16 Middlewares/Third_Party/FreeRTOS/Source/list.o
                0x0000000008003896                vListInitialise
 .text.vListInitialiseItem
                0x00000000080038ac        0x6 Middlewares/Third_Party/FreeRTOS/Source/list.o
                0x00000000080038ac                vListInitialiseItem
 .text.vListInsertEnd
                0x00000000080038b2       0x18 Middlewares/Third_Party/FreeRTOS/Source/list.o
                0x00000000080038b2                vListInsertEnd
 .text.vListInsert
                0x00000000080038ca       0x34 Middlewares/Third_Party/FreeRTOS/Source/list.o
                0x00000000080038ca                vListInsert
 .text.uxListRemove
                0x00000000080038fe       0x28 Middlewares/Third_Party/FreeRTOS/Source/list.o
                0x00000000080038fe                uxListRemove
 .text.prvGetDisinheritPriorityAfterTimeout
                0x0000000008003926       0x12 Middlewares/Third_Party/FreeRTOS/Source/queue.o
 .text.prvIsQueueFull
                0x0000000008003938       0x1e Middlewares/Third_Party/FreeRTOS/Source/queue.o
 .text.prvIsQueueEmpty
                0x0000000008003956       0x1a Middlewares/Third_Party/FreeRTOS/Source/queue.o
 .text.prvCopyDataToQueue
                0x0000000008003970       0x76 Middlewares/Third_Party/FreeRTOS/Source/queue.o
 .text.prvCopyDataFromQueue
                0x00000000080039e6       0x24 Middlewares/Third_Party/FreeRTOS/Source/queue.o
 .text.prvUnlockQueue
                0x0000000008003a0a       0x6e Middlewares/Third_Party/FreeRTOS/Source/queue.o
 .text.xQueueGenericReset
                0x0000000008003a78       0x84 Middlewares/Third_Party/FreeRTOS/Source/queue.o
                0x0000000008003a78                xQueueGenericReset
 .text.prvInitialiseNewQueue
                0x0000000008003afc       0x1c Middlewares/Third_Party/FreeRTOS/Source/queue.o
 .text.xQueueGenericCreate
                0x0000000008003b18       0x42 Middlewares/Third_Party/FreeRTOS/Source/queue.o
                0x0000000008003b18                xQueueGenericCreate
 *fill*         0x0000000008003b5a        0x2 
 .text.xQueueGenericSend
                0x0000000008003b5c      0x17c Middlewares/Third_Party/FreeRTOS/Source/queue.o
                0x0000000008003b5c                xQueueGenericSend
 .text.xQueueGenericSendFromISR
                0x0000000008003cd8       0xce Middlewares/Third_Party/FreeRTOS/Source/queue.o
                0x0000000008003cd8                xQueueGenericSendFromISR
 *fill*         0x0000000008003da6        0x2 
 .text.xQueueReceive
                0x0000000008003da8      0x158 Middlewares/Third_Party/FreeRTOS/Source/queue.o
                0x0000000008003da8                xQueueReceive
 .text.xQueueSemaphoreTake
                0x0000000008003f00      0x19c Middlewares/Third_Party/FreeRTOS/Source/queue.o
                0x0000000008003f00                xQueueSemaphoreTake
 .text.vQueueAddToRegistry
                0x000000000800409c       0x28 Middlewares/Third_Party/FreeRTOS/Source/queue.o
                0x000000000800409c                vQueueAddToRegistry
 .text.vQueueWaitForMessageRestricted
                0x00000000080040c4       0x52 Middlewares/Third_Party/FreeRTOS/Source/queue.o
                0x00000000080040c4                vQueueWaitForMessageRestricted
 *fill*         0x0000000008004116        0x2 
 .text.prvResetNextTaskUnblockTime
                0x0000000008004118       0x24 Middlewares/Third_Party/FreeRTOS/Source/tasks.o
 .text.prvDeleteTCB
                0x000000000800413c       0x12 Middlewares/Third_Party/FreeRTOS/Source/tasks.o
 .text.prvInitialiseNewTask
                0x000000000800414e       0x9a Middlewares/Third_Party/FreeRTOS/Source/tasks.o
 .text.prvInitialiseTaskLists
                0x00000000080041e8       0x58 Middlewares/Third_Party/FreeRTOS/Source/tasks.o
 .text.prvAddNewTaskToReadyList
                0x0000000008004240       0xac Middlewares/Third_Party/FreeRTOS/Source/tasks.o
 .text.prvCheckTasksWaitingTermination
                0x00000000080042ec       0x44 Middlewares/Third_Party/FreeRTOS/Source/tasks.o
 .text.prvIdleTask
                0x0000000008004330       0x28 Middlewares/Third_Party/FreeRTOS/Source/tasks.o
 .text.prvAddCurrentTaskToDelayedList
                0x0000000008004358       0x88 Middlewares/Third_Party/FreeRTOS/Source/tasks.o
 .text.xTaskCreate
                0x00000000080043e0       0x62 Middlewares/Third_Party/FreeRTOS/Source/tasks.o
                0x00000000080043e0                xTaskCreate
 *fill*         0x0000000008004442        0x2 
 .text.vTaskDelete
                0x0000000008004444       0xdc Middlewares/Third_Party/FreeRTOS/Source/tasks.o
                0x0000000008004444                vTaskDelete
 .text.vTaskStartScheduler
                0x0000000008004520       0x7c Middlewares/Third_Party/FreeRTOS/Source/tasks.o
                0x0000000008004520                vTaskStartScheduler
 .text.vTaskSuspendAll
                0x000000000800459c       0x14 Middlewares/Third_Party/FreeRTOS/Source/tasks.o
                0x000000000800459c                vTaskSuspendAll
 .text.xTaskGetTickCount
                0x00000000080045b0        0xc Middlewares/Third_Party/FreeRTOS/Source/tasks.o
                0x00000000080045b0                xTaskGetTickCount
 .text.xTaskIncrementTick
                0x00000000080045bc      0x10c Middlewares/Third_Party/FreeRTOS/Source/tasks.o
                0x00000000080045bc                xTaskIncrementTick
 .text.xTaskResumeAll
                0x00000000080046c8       0xf0 Middlewares/Third_Party/FreeRTOS/Source/tasks.o
                0x00000000080046c8                xTaskResumeAll
 .text.vTaskDelayUntil
                0x00000000080047b8       0xa4 Middlewares/Third_Party/FreeRTOS/Source/tasks.o
                0x00000000080047b8                vTaskDelayUntil
 .text.vTaskDelay
                0x000000000800485c       0x4c Middlewares/Third_Party/FreeRTOS/Source/tasks.o
                0x000000000800485c                vTaskDelay
 .text.vTaskSwitchContext
                0x00000000080048a8       0x90 Middlewares/Third_Party/FreeRTOS/Source/tasks.o
                0x00000000080048a8                vTaskSwitchContext
 .text.vTaskPlaceOnEventList
                0x0000000008004938       0x34 Middlewares/Third_Party/FreeRTOS/Source/tasks.o
                0x0000000008004938                vTaskPlaceOnEventList
 .text.vTaskPlaceOnEventListRestricted
                0x000000000800496c       0x3c Middlewares/Third_Party/FreeRTOS/Source/tasks.o
                0x000000000800496c                vTaskPlaceOnEventListRestricted
 .text.xTaskRemoveFromEventList
                0x00000000080049a8       0x84 Middlewares/Third_Party/FreeRTOS/Source/tasks.o
                0x00000000080049a8                xTaskRemoveFromEventList
 .text.vTaskInternalSetTimeOutState
                0x0000000008004a2c       0x14 Middlewares/Third_Party/FreeRTOS/Source/tasks.o
                0x0000000008004a2c                vTaskInternalSetTimeOutState
 .text.xTaskCheckForTimeOut
                0x0000000008004a40       0x80 Middlewares/Third_Party/FreeRTOS/Source/tasks.o
                0x0000000008004a40                xTaskCheckForTimeOut
 .text.vTaskMissedYield
                0x0000000008004ac0       0x10 Middlewares/Third_Party/FreeRTOS/Source/tasks.o
                0x0000000008004ac0                vTaskMissedYield
 .text.xTaskGetSchedulerState
                0x0000000008004ad0       0x20 Middlewares/Third_Party/FreeRTOS/Source/tasks.o
                0x0000000008004ad0                xTaskGetSchedulerState
 .text.xTaskPriorityInherit
                0x0000000008004af0       0xb8 Middlewares/Third_Party/FreeRTOS/Source/tasks.o
                0x0000000008004af0                xTaskPriorityInherit
 .text.xTaskPriorityDisinherit
                0x0000000008004ba8       0xb0 Middlewares/Third_Party/FreeRTOS/Source/tasks.o
                0x0000000008004ba8                xTaskPriorityDisinherit
 .text.vTaskPriorityDisinheritAfterTimeout
                0x0000000008004c58       0xb8 Middlewares/Third_Party/FreeRTOS/Source/tasks.o
                0x0000000008004c58                vTaskPriorityDisinheritAfterTimeout
 .text.pvTaskIncrementMutexHeldCount
                0x0000000008004d10       0x20 Middlewares/Third_Party/FreeRTOS/Source/tasks.o
                0x0000000008004d10                pvTaskIncrementMutexHeldCount
 .text.prvGetNextExpireTime
                0x0000000008004d30       0x20 Middlewares/Third_Party/FreeRTOS/Source/timers.o
 .text.prvInsertTimerInActiveList
                0x0000000008004d50       0x44 Middlewares/Third_Party/FreeRTOS/Source/timers.o
 .text.prvCheckForValidListAndQueue
                0x0000000008004d94       0x4c Middlewares/Third_Party/FreeRTOS/Source/timers.o
 .text.prvInitialiseNewTimer
                0x0000000008004de0       0x4c Middlewares/Third_Party/FreeRTOS/Source/timers.o
 .text.xTimerCreateTimerTask
                0x0000000008004e2c       0x4c Middlewares/Third_Party/FreeRTOS/Source/timers.o
                0x0000000008004e2c                xTimerCreateTimerTask
 .text.xTimerCreate
                0x0000000008004e78       0x38 Middlewares/Third_Party/FreeRTOS/Source/timers.o
                0x0000000008004e78                xTimerCreate
 .text.xTimerGenericCommand
                0x0000000008004eb0       0x6c Middlewares/Third_Party/FreeRTOS/Source/timers.o
                0x0000000008004eb0                xTimerGenericCommand
 .text.prvSwitchTimerLists
                0x0000000008004f1c       0x8c Middlewares/Third_Party/FreeRTOS/Source/timers.o
 .text.prvSampleTimeNow
                0x0000000008004fa8       0x2c Middlewares/Third_Party/FreeRTOS/Source/timers.o
 .text.prvProcessExpiredTimer
                0x0000000008004fd4       0x6c Middlewares/Third_Party/FreeRTOS/Source/timers.o
 .text.prvProcessTimerOrBlockTask
                0x0000000008005040       0x70 Middlewares/Third_Party/FreeRTOS/Source/timers.o
 .text.prvProcessReceivedCommands
                0x00000000080050b0       0xfc Middlewares/Third_Party/FreeRTOS/Source/timers.o
 .text.prvTimerTask
                0x00000000080051ac       0x16 Middlewares/Third_Party/FreeRTOS/Source/timers.o
 .text.pvTimerGetTimerID
                0x00000000080051c2       0x26 Middlewares/Third_Party/FreeRTOS/Source/timers.o
                0x00000000080051c2                pvTimerGetTimerID
 .text.prvTaskExitError
                0x00000000080051e8       0x40 Middlewares/Third_Party/FreeRTOS/Source/portable/GCC/ARM_CM4F/port.o
 .text.prvPortStartFirstTask
                0x0000000008005228       0x28 Middlewares/Third_Party/FreeRTOS/Source/portable/GCC/ARM_CM4F/port.o
 .text.vPortEnableVFP
                0x0000000008005250       0x14 Middlewares/Third_Party/FreeRTOS/Source/portable/GCC/ARM_CM4F/port.o
 .text.pxPortInitialiseStack
                0x0000000008005264       0x2c Middlewares/Third_Party/FreeRTOS/Source/portable/GCC/ARM_CM4F/port.o
                0x0000000008005264                pxPortInitialiseStack
 .text.SVC_Handler
                0x0000000008005290       0x24 Middlewares/Third_Party/FreeRTOS/Source/portable/GCC/ARM_CM4F/port.o
                0x0000000008005290                SVC_Handler
 .text.vPortEnterCritical
                0x00000000080052b4       0x44 Middlewares/Third_Party/FreeRTOS/Source/portable/GCC/ARM_CM4F/port.o
                0x00000000080052b4                vPortEnterCritical
 .text.vPortExitCritical
                0x00000000080052f8       0x2c Middlewares/Third_Party/FreeRTOS/Source/portable/GCC/ARM_CM4F/port.o
                0x00000000080052f8                vPortExitCritical
 *fill*         0x0000000008005324        0xc 
 .text.PendSV_Handler
                0x0000000008005330       0x64 Middlewares/Third_Party/FreeRTOS/Source/portable/GCC/ARM_CM4F/port.o
                0x0000000008005330                PendSV_Handler
 .text.xPortSysTickHandler
                0x0000000008005394       0x2c Middlewares/Third_Party/FreeRTOS/Source/portable/GCC/ARM_CM4F/port.o
                0x0000000008005394                xPortSysTickHandler
 .text.vPortSetupTimerInterrupt
                0x00000000080053c0       0x38 Middlewares/Third_Party/FreeRTOS/Source/portable/GCC/ARM_CM4F/port.o
                0x00000000080053c0                vPortSetupTimerInterrupt
 .text.xPortStartScheduler
                0x00000000080053f8      0x108 Middlewares/Third_Party/FreeRTOS/Source/portable/GCC/ARM_CM4F/port.o
                0x00000000080053f8                xPortStartScheduler
 .text.vPortValidateInterruptPriority
                0x0000000008005500       0x58 Middlewares/Third_Party/FreeRTOS/Source/portable/GCC/ARM_CM4F/port.o
                0x0000000008005500                vPortValidateInterruptPriority
 .text.prvHeapInit
                0x0000000008005558       0x4c Middlewares/Third_Party/FreeRTOS/Source/portable/MemMang/heap_4.o
 .text.prvInsertBlockIntoFreeList
                0x00000000080055a4       0x54 Middlewares/Third_Party/FreeRTOS/Source/portable/MemMang/heap_4.o
 .text.pvPortMalloc
                0x00000000080055f8       0xfc Middlewares/Third_Party/FreeRTOS/Source/portable/MemMang/heap_4.o
                0x00000000080055f8                pvPortMalloc
 .text.vPortFree
                0x00000000080056f4       0x70 Middlewares/Third_Party/FreeRTOS/Source/portable/MemMang/heap_4.o
                0x00000000080056f4                vPortFree
 .text.Reset_Handler
                0x0000000008005764       0x50 startup/startup_stm32f411xe.o
                0x0000000008005764                Reset_Handler
 .text.Default_Handler
                0x00000000080057b4        0x2 startup/startup_stm32f411xe.o
                0x00000000080057b4                RTC_Alarm_IRQHandler
                0x00000000080057b4                EXTI2_IRQHandler
                0x00000000080057b4                SPI4_IRQHandler
                0x00000000080057b4                TIM1_CC_IRQHandler
                0x00000000080057b4                DMA2_Stream5_IRQHandler
                0x00000000080057b4                DMA1_Stream5_IRQHandler
                0x00000000080057b4                PVD_IRQHandler
                0x00000000080057b4                SDIO_IRQHandler
                0x00000000080057b4                TAMP_STAMP_IRQHandler
                0x00000000080057b4                EXTI3_IRQHandler
                0x00000000080057b4                TIM1_UP_TIM10_IRQHandler
                0x00000000080057b4                I2C3_ER_IRQHandler
                0x00000000080057b4                EXTI0_IRQHandler
                0x00000000080057b4                I2C2_EV_IRQHandler
                0x00000000080057b4                DMA1_Stream2_IRQHandler
                0x00000000080057b4                DMA2_Stream2_IRQHandler
                0x00000000080057b4                SPI1_IRQHandler
                0x00000000080057b4                TIM1_BRK_TIM9_IRQHandler
                0x00000000080057b4                DMA2_Stream3_IRQHandler
                0x00000000080057b4                DMA2_Stream0_IRQHandler
                0x00000000080057b4                TIM4_IRQHandler
                0x00000000080057b4                I2C1_EV_IRQHandler
                0x00000000080057b4                DMA1_Stream6_IRQHandler
                0x00000000080057b4                DMA1_Stream1_IRQHandler
                0x00000000080057b4                TIM3_IRQHandler
                0x00000000080057b4                RCC_IRQHandler
                0x00000000080057b4                Default_Handler
                0x00000000080057b4                EXTI15_10_IRQHandler
                0x00000000080057b4                ADC_IRQHandler
                0x00000000080057b4                DMA1_Stream7_IRQHandler
                0x00000000080057b4                SPI5_IRQHandler
                0x00000000080057b4                TIM5_IRQHandler
                0x00000000080057b4                DMA2_Stream7_IRQHandler
                0x00000000080057b4                I2C3_EV_IRQHandler
                0x00000000080057b4                EXTI9_5_IRQHandler
                0x00000000080057b4                RTC_WKUP_IRQHandler
                0x00000000080057b4                SPI2_IRQHandler
                0x00000000080057b4                DMA1_Stream0_IRQHandler
                0x00000000080057b4                EXTI4_IRQHandler
                0x00000000080057b4                WWDG_IRQHandler
                0x00000000080057b4                TIM2_IRQHandler
                0x00000000080057b4                OTG_FS_WKUP_IRQHandler
                0x00000000080057b4                TIM1_TRG_COM_TIM11_IRQHandler
                0x00000000080057b4                EXTI1_IRQHandler
                0x00000000080057b4                I2C2_ER_IRQHandler
                0x00000000080057b4                DMA2_Stream1_IRQHandler
                0x00000000080057b4                FLASH_IRQHandler
                0x00000000080057b4                DMA2_Stream4_IRQHandler
                0x00000000080057b4                OTG_FS_IRQHandler
                0x00000000080057b4                SPI3_IRQHandler
                0x00000000080057b4                DMA1_Stream4_IRQHandler
                0x00000000080057b4                I2C1_ER_IRQHandler
                0x00000000080057b4                DMA2_Stream6_IRQHandler
                0x00000000080057b4                DMA1_Stream3_IRQHandler
 .text.atoi     0x00000000080057b6        0x8 /home/julian/programs/stm32/Ac6/SystemWorkbench/plugins/fr.ac6.mcu.externaltools.arm-none.linux64_1.17.0.201812190825/tools/compiler/bin/../lib/gcc/arm-none-eabi/7.3.1/../../../../arm-none-eabi/lib/thumb/v7e-m/fpv4-sp/hard/libc_nano.a(lib_a-atoi.o)
                0x00000000080057b6                atoi
 *fill*         0x00000000080057be        0x2 
 .text.calloc   0x00000000080057c0       0x10 /home/julian/programs/stm32/Ac6/SystemWorkbench/plugins/fr.ac6.mcu.externaltools.arm-none.linux64_1.17.0.201812190825/tools/compiler/bin/../lib/gcc/arm-none-eabi/7.3.1/../../../../arm-none-eabi/lib/thumb/v7e-m/fpv4-sp/hard/libc_nano.a(lib_a-calloc.o)
                0x00000000080057c0                calloc
 .text.__errno  0x00000000080057d0        0xc /home/julian/programs/stm32/Ac6/SystemWorkbench/plugins/fr.ac6.mcu.externaltools.arm-none.linux64_1.17.0.201812190825/tools/compiler/bin/../lib/gcc/arm-none-eabi/7.3.1/../../../../arm-none-eabi/lib/thumb/v7e-m/fpv4-sp/hard/libc_nano.a(lib_a-errno.o)
                0x00000000080057d0                __errno
 .text.__libc_init_array
                0x00000000080057dc       0x48 /home/julian/programs/stm32/Ac6/SystemWorkbench/plugins/fr.ac6.mcu.externaltools.arm-none.linux64_1.17.0.201812190825/tools/compiler/bin/../lib/gcc/arm-none-eabi/7.3.1/../../../../arm-none-eabi/lib/thumb/v7e-m/fpv4-sp/hard/libc_nano.a(lib_a-init.o)
                0x00000000080057dc                __libc_init_array
 .text.memcpy   0x0000000008005824       0x16 /home/julian/programs/stm32/Ac6/SystemWorkbench/plugins/fr.ac6.mcu.externaltools.arm-none.linux64_1.17.0.201812190825/tools/compiler/bin/../lib/gcc/arm-none-eabi/7.3.1/../../../../arm-none-eabi/lib/thumb/v7e-m/fpv4-sp/hard/libc_nano.a(lib_a-memcpy-stub.o)
                0x0000000008005824                memcpy
 .text.memset   0x000000000800583a       0x10 /home/julian/programs/stm32/Ac6/SystemWorkbench/plugins/fr.ac6.mcu.externaltools.arm-none.linux64_1.17.0.201812190825/tools/compiler/bin/../lib/gcc/arm-none-eabi/7.3.1/../../../../arm-none-eabi/lib/thumb/v7e-m/fpv4-sp/hard/libc_nano.a(lib_a-memset.o)
                0x000000000800583a                memset
 .text._calloc_r
                0x000000000800584a       0x1c /home/julian/programs/stm32/Ac6/SystemWorkbench/plugins/fr.ac6.mcu.externaltools.arm-none.linux64_1.17.0.201812190825/tools/compiler/bin/../lib/gcc/arm-none-eabi/7.3.1/../../../../arm-none-eabi/lib/thumb/v7e-m/fpv4-sp/hard/libc_nano.a(lib_a-nano-callocr.o)
                0x000000000800584a                _calloc_r
 *fill*         0x0000000008005866        0x2 
 .text._malloc_r
                0x0000000008005868       0xb4 /home/julian/programs/stm32/Ac6/SystemWorkbench/plugins/fr.ac6.mcu.externaltools.arm-none.linux64_1.17.0.201812190825/tools/compiler/bin/../lib/gcc/arm-none-eabi/7.3.1/../../../../arm-none-eabi/lib/thumb/v7e-m/fpv4-sp/hard/libc_nano.a(lib_a-nano-mallocr.o)
                0x0000000008005868                _malloc_r
 .text.__cvt    0x000000000800591c       0xc2 /home/julian/programs/stm32/Ac6/SystemWorkbench/plugins/fr.ac6.mcu.externaltools.arm-none.linux64_1.17.0.201812190825/tools/compiler/bin/../lib/gcc/arm-none-eabi/7.3.1/../../../../arm-none-eabi/lib/thumb/v7e-m/fpv4-sp/hard/libc_nano.a(lib_a-nano-vfprintf_float.o)
                0x000000000800591c                __cvt
 .text.__exponent
                0x00000000080059de       0x66 /home/julian/programs/stm32/Ac6/SystemWorkbench/plugins/fr.ac6.mcu.externaltools.arm-none.linux64_1.17.0.201812190825/tools/compiler/bin/../lib/gcc/arm-none-eabi/7.3.1/../../../../arm-none-eabi/lib/thumb/v7e-m/fpv4-sp/hard/libc_nano.a(lib_a-nano-vfprintf_float.o)
                0x00000000080059de                __exponent
 .text._printf_float
                0x0000000008005a44      0x480 /home/julian/programs/stm32/Ac6/SystemWorkbench/plugins/fr.ac6.mcu.externaltools.arm-none.linux64_1.17.0.201812190825/tools/compiler/bin/../lib/gcc/arm-none-eabi/7.3.1/../../../../arm-none-eabi/lib/thumb/v7e-m/fpv4-sp/hard/libc_nano.a(lib_a-nano-vfprintf_float.o)
                0x0000000008005a44                _printf_float
 .text._printf_common
                0x0000000008005ec4       0xea /home/julian/programs/stm32/Ac6/SystemWorkbench/plugins/fr.ac6.mcu.externaltools.arm-none.linux64_1.17.0.201812190825/tools/compiler/bin/../lib/gcc/arm-none-eabi/7.3.1/../../../../arm-none-eabi/lib/thumb/v7e-m/fpv4-sp/hard/libc_nano.a(lib_a-nano-vfprintf_i.o)
                0x0000000008005ec4                _printf_common
 *fill*         0x0000000008005fae        0x2 
 .text._printf_i
                0x0000000008005fb0      0x224 /home/julian/programs/stm32/Ac6/SystemWorkbench/plugins/fr.ac6.mcu.externaltools.arm-none.linux64_1.17.0.201812190825/tools/compiler/bin/../lib/gcc/arm-none-eabi/7.3.1/../../../../arm-none-eabi/lib/thumb/v7e-m/fpv4-sp/hard/libc_nano.a(lib_a-nano-vfprintf_i.o)
                0x0000000008005fb0                _printf_i
 .text._sbrk_r  0x00000000080061d4       0x20 /home/julian/programs/stm32/Ac6/SystemWorkbench/plugins/fr.ac6.mcu.externaltools.arm-none.linux64_1.17.0.201812190825/tools/compiler/bin/../lib/gcc/arm-none-eabi/7.3.1/../../../../arm-none-eabi/lib/thumb/v7e-m/fpv4-sp/hard/libc_nano.a(lib_a-sbrkr.o)
                0x00000000080061d4                _sbrk_r
 .text.sprintf  0x00000000080061f4       0x40 /home/julian/programs/stm32/Ac6/SystemWorkbench/plugins/fr.ac6.mcu.externaltools.arm-none.linux64_1.17.0.201812190825/tools/compiler/bin/../lib/gcc/arm-none-eabi/7.3.1/../../../../arm-none-eabi/lib/thumb/v7e-m/fpv4-sp/hard/libc_nano.a(lib_a-sprintf.o)
                0x00000000080061f4                sprintf
                0x00000000080061f4                siprintf
 .text.strcat   0x0000000008006234       0x1e /home/julian/programs/stm32/Ac6/SystemWorkbench/plugins/fr.ac6.mcu.externaltools.arm-none.linux64_1.17.0.201812190825/tools/compiler/bin/../lib/gcc/arm-none-eabi/7.3.1/../../../../arm-none-eabi/lib/thumb/v7e-m/fpv4-sp/hard/libc_nano.a(lib_a-strcat.o)
                0x0000000008006234                strcat
 .text.strcpy   0x0000000008006252       0x10 /home/julian/programs/stm32/Ac6/SystemWorkbench/plugins/fr.ac6.mcu.externaltools.arm-none.linux64_1.17.0.201812190825/tools/compiler/bin/../lib/gcc/arm-none-eabi/7.3.1/../../../../arm-none-eabi/lib/thumb/v7e-m/fpv4-sp/hard/libc_nano.a(lib_a-strcpy.o)
                0x0000000008006252                strcpy
 .text._strtol_l.isra.0
                0x0000000008006262       0xf6 /home/julian/programs/stm32/Ac6/SystemWorkbench/plugins/fr.ac6.mcu.externaltools.arm-none.linux64_1.17.0.201812190825/tools/compiler/bin/../lib/gcc/arm-none-eabi/7.3.1/../../../../arm-none-eabi/lib/thumb/v7e-m/fpv4-sp/hard/libc_nano.a(lib_a-strtol.o)
 .text.strtol   0x0000000008006358       0x2c /home/julian/programs/stm32/Ac6/SystemWorkbench/plugins/fr.ac6.mcu.externaltools.arm-none.linux64_1.17.0.201812190825/tools/compiler/bin/../lib/gcc/arm-none-eabi/7.3.1/../../../../arm-none-eabi/lib/thumb/v7e-m/fpv4-sp/hard/libc_nano.a(lib_a-strtol.o)
                0x0000000008006358                strtol
 .text.quorem   0x0000000008006384      0x118 /home/julian/programs/stm32/Ac6/SystemWorkbench/plugins/fr.ac6.mcu.externaltools.arm-none.linux64_1.17.0.201812190825/tools/compiler/bin/../lib/gcc/arm-none-eabi/7.3.1/../../../../arm-none-eabi/lib/thumb/v7e-m/fpv4-sp/hard/libc_nano.a(lib_a-dtoa.o)
 *fill*         0x000000000800649c        0x4 
 .text._dtoa_r  0x00000000080064a0      0xb70 /home/julian/programs/stm32/Ac6/SystemWorkbench/plugins/fr.ac6.mcu.externaltools.arm-none.linux64_1.17.0.201812190825/tools/compiler/bin/../lib/gcc/arm-none-eabi/7.3.1/../../../../arm-none-eabi/lib/thumb/v7e-m/fpv4-sp/hard/libc_nano.a(lib_a-dtoa.o)
                0x00000000080064a0                _dtoa_r
 .text.__locale_ctype_ptr_l
                0x0000000008007010        0x6 /home/julian/programs/stm32/Ac6/SystemWorkbench/plugins/fr.ac6.mcu.externaltools.arm-none.linux64_1.17.0.201812190825/tools/compiler/bin/../lib/gcc/arm-none-eabi/7.3.1/../../../../arm-none-eabi/lib/thumb/v7e-m/fpv4-sp/hard/libc_nano.a(lib_a-locale.o)
                0x0000000008007010                __locale_ctype_ptr_l
 *fill*         0x0000000008007016        0x2 
 .text._localeconv_r
                0x0000000008007018       0x1c /home/julian/programs/stm32/Ac6/SystemWorkbench/plugins/fr.ac6.mcu.externaltools.arm-none.linux64_1.17.0.201812190825/tools/compiler/bin/../lib/gcc/arm-none-eabi/7.3.1/../../../../arm-none-eabi/lib/thumb/v7e-m/fpv4-sp/hard/libc_nano.a(lib_a-localeconv.o)
                0x0000000008007018                _localeconv_r
 .text.malloc   0x0000000008007034       0x10 /home/julian/programs/stm32/Ac6/SystemWorkbench/plugins/fr.ac6.mcu.externaltools.arm-none.linux64_1.17.0.201812190825/tools/compiler/bin/../lib/gcc/arm-none-eabi/7.3.1/../../../../arm-none-eabi/lib/thumb/v7e-m/fpv4-sp/hard/libc_nano.a(lib_a-malloc.o)
                0x0000000008007034                malloc
 .text.__ascii_mbtowc
                0x0000000008007044       0x24 /home/julian/programs/stm32/Ac6/SystemWorkbench/plugins/fr.ac6.mcu.externaltools.arm-none.linux64_1.17.0.201812190825/tools/compiler/bin/../lib/gcc/arm-none-eabi/7.3.1/../../../../arm-none-eabi/lib/thumb/v7e-m/fpv4-sp/hard/libc_nano.a(lib_a-mbtowc_r.o)
                0x0000000008007044                __ascii_mbtowc
 .text.__malloc_lock
                0x0000000008007068        0x2 /home/julian/programs/stm32/Ac6/SystemWorkbench/plugins/fr.ac6.mcu.externaltools.arm-none.linux64_1.17.0.201812190825/tools/compiler/bin/../lib/gcc/arm-none-eabi/7.3.1/../../../../arm-none-eabi/lib/thumb/v7e-m/fpv4-sp/hard/libc_nano.a(lib_a-mlock.o)
                0x0000000008007068                __malloc_lock
 .text.__malloc_unlock
                0x000000000800706a        0x2 /home/julian/programs/stm32/Ac6/SystemWorkbench/plugins/fr.ac6.mcu.externaltools.arm-none.linux64_1.17.0.201812190825/tools/compiler/bin/../lib/gcc/arm-none-eabi/7.3.1/../../../../arm-none-eabi/lib/thumb/v7e-m/fpv4-sp/hard/libc_nano.a(lib_a-mlock.o)
                0x000000000800706a                __malloc_unlock
 .text._Balloc  0x000000000800706c       0x68 /home/julian/programs/stm32/Ac6/SystemWorkbench/plugins/fr.ac6.mcu.externaltools.arm-none.linux64_1.17.0.201812190825/tools/compiler/bin/../lib/gcc/arm-none-eabi/7.3.1/../../../../arm-none-eabi/lib/thumb/v7e-m/fpv4-sp/hard/libc_nano.a(lib_a-mprec.o)
                0x000000000800706c                _Balloc
 .text._Bfree   0x00000000080070d4       0x2e /home/julian/programs/stm32/Ac6/SystemWorkbench/plugins/fr.ac6.mcu.externaltools.arm-none.linux64_1.17.0.201812190825/tools/compiler/bin/../lib/gcc/arm-none-eabi/7.3.1/../../../../arm-none-eabi/lib/thumb/v7e-m/fpv4-sp/hard/libc_nano.a(lib_a-mprec.o)
                0x00000000080070d4                _Bfree
 .text.__multadd
                0x0000000008007102       0x76 /home/julian/programs/stm32/Ac6/SystemWorkbench/plugins/fr.ac6.mcu.externaltools.arm-none.linux64_1.17.0.201812190825/tools/compiler/bin/../lib/gcc/arm-none-eabi/7.3.1/../../../../arm-none-eabi/lib/thumb/v7e-m/fpv4-sp/hard/libc_nano.a(lib_a-mprec.o)
                0x0000000008007102                __multadd
 .text.__hi0bits
                0x0000000008007178       0x3e /home/julian/programs/stm32/Ac6/SystemWorkbench/plugins/fr.ac6.mcu.externaltools.arm-none.linux64_1.17.0.201812190825/tools/compiler/bin/../lib/gcc/arm-none-eabi/7.3.1/../../../../arm-none-eabi/lib/thumb/v7e-m/fpv4-sp/hard/libc_nano.a(lib_a-mprec.o)
                0x0000000008007178                __hi0bits
 .text.__lo0bits
                0x00000000080071b6       0x5e /home/julian/programs/stm32/Ac6/SystemWorkbench/plugins/fr.ac6.mcu.externaltools.arm-none.linux64_1.17.0.201812190825/tools/compiler/bin/../lib/gcc/arm-none-eabi/7.3.1/../../../../arm-none-eabi/lib/thumb/v7e-m/fpv4-sp/hard/libc_nano.a(lib_a-mprec.o)
                0x00000000080071b6                __lo0bits
 .text.__i2b    0x0000000008007214       0x12 /home/julian/programs/stm32/Ac6/SystemWorkbench/plugins/fr.ac6.mcu.externaltools.arm-none.linux64_1.17.0.201812190825/tools/compiler/bin/../lib/gcc/arm-none-eabi/7.3.1/../../../../arm-none-eabi/lib/thumb/v7e-m/fpv4-sp/hard/libc_nano.a(lib_a-mprec.o)
                0x0000000008007214                __i2b
 .text.__multiply
                0x0000000008007226      0x12c /home/julian/programs/stm32/Ac6/SystemWorkbench/plugins/fr.ac6.mcu.externaltools.arm-none.linux64_1.17.0.201812190825/tools/compiler/bin/../lib/gcc/arm-none-eabi/7.3.1/../../../../arm-none-eabi/lib/thumb/v7e-m/fpv4-sp/hard/libc_nano.a(lib_a-mprec.o)
                0x0000000008007226                __multiply
 *fill*         0x0000000008007352        0x2 
 .text.__pow5mult
                0x0000000008007354       0x9c /home/julian/programs/stm32/Ac6/SystemWorkbench/plugins/fr.ac6.mcu.externaltools.arm-none.linux64_1.17.0.201812190825/tools/compiler/bin/../lib/gcc/arm-none-eabi/7.3.1/../../../../arm-none-eabi/lib/thumb/v7e-m/fpv4-sp/hard/libc_nano.a(lib_a-mprec.o)
                0x0000000008007354                __pow5mult
 .text.__lshift
                0x00000000080073f0       0xa8 /home/julian/programs/stm32/Ac6/SystemWorkbench/plugins/fr.ac6.mcu.externaltools.arm-none.linux64_1.17.0.201812190825/tools/compiler/bin/../lib/gcc/arm-none-eabi/7.3.1/../../../../arm-none-eabi/lib/thumb/v7e-m/fpv4-sp/hard/libc_nano.a(lib_a-mprec.o)
                0x00000000080073f0                __lshift
 .text.__mcmp   0x0000000008007498       0x34 /home/julian/programs/stm32/Ac6/SystemWorkbench/plugins/fr.ac6.mcu.externaltools.arm-none.linux64_1.17.0.201812190825/tools/compiler/bin/../lib/gcc/arm-none-eabi/7.3.1/../../../../arm-none-eabi/lib/thumb/v7e-m/fpv4-sp/hard/libc_nano.a(lib_a-mprec.o)
                0x0000000008007498                __mcmp
 .text.__mdiff  0x00000000080074cc       0xba /home/julian/programs/stm32/Ac6/SystemWorkbench/plugins/fr.ac6.mcu.externaltools.arm-none.linux64_1.17.0.201812190825/tools/compiler/bin/../lib/gcc/arm-none-eabi/7.3.1/../../../../arm-none-eabi/lib/thumb/v7e-m/fpv4-sp/hard/libc_nano.a(lib_a-mprec.o)
                0x00000000080074cc                __mdiff
 .text.__d2b    0x0000000008007586       0x9e /home/julian/programs/stm32/Ac6/SystemWorkbench/plugins/fr.ac6.mcu.externaltools.arm-none.linux64_1.17.0.201812190825/tools/compiler/bin/../lib/gcc/arm-none-eabi/7.3.1/../../../../arm-none-eabi/lib/thumb/v7e-m/fpv4-sp/hard/libc_nano.a(lib_a-mprec.o)
                0x0000000008007586                __d2b
 .text._free_r  0x0000000008007624       0x9c /home/julian/programs/stm32/Ac6/SystemWorkbench/plugins/fr.ac6.mcu.externaltools.arm-none.linux64_1.17.0.201812190825/tools/compiler/bin/../lib/gcc/arm-none-eabi/7.3.1/../../../../arm-none-eabi/lib/thumb/v7e-m/fpv4-sp/hard/libc_nano.a(lib_a-nano-freer.o)
                0x0000000008007624                _free_r
 .text.__ssputs_r
                0x00000000080076c0       0xb4 /home/julian/programs/stm32/Ac6/SystemWorkbench/plugins/fr.ac6.mcu.externaltools.arm-none.linux64_1.17.0.201812190825/tools/compiler/bin/../lib/gcc/arm-none-eabi/7.3.1/../../../../arm-none-eabi/lib/thumb/v7e-m/fpv4-sp/hard/libc_nano.a(lib_a-nano-svfprintf.o)
                0x00000000080076c0                __ssputs_r
 .text._svfprintf_r
                0x0000000008007774      0x1f0 /home/julian/programs/stm32/Ac6/SystemWorkbench/plugins/fr.ac6.mcu.externaltools.arm-none.linux64_1.17.0.201812190825/tools/compiler/bin/../lib/gcc/arm-none-eabi/7.3.1/../../../../arm-none-eabi/lib/thumb/v7e-m/fpv4-sp/hard/libc_nano.a(lib_a-nano-svfprintf.o)
                0x0000000008007774                _svfprintf_r
                0x0000000008007774                _svfiprintf_r
 .text.__ascii_wctomb
                0x0000000008007964       0x1a /home/julian/programs/stm32/Ac6/SystemWorkbench/plugins/fr.ac6.mcu.externaltools.arm-none.linux64_1.17.0.201812190825/tools/compiler/bin/../lib/gcc/arm-none-eabi/7.3.1/../../../../arm-none-eabi/lib/thumb/v7e-m/fpv4-sp/hard/libc_nano.a(lib_a-wctomb_r.o)
                0x0000000008007964                __ascii_wctomb
 .text.memmove  0x000000000800797e       0x32 /home/julian/programs/stm32/Ac6/SystemWorkbench/plugins/fr.ac6.mcu.externaltools.arm-none.linux64_1.17.0.201812190825/tools/compiler/bin/../lib/gcc/arm-none-eabi/7.3.1/../../../../arm-none-eabi/lib/thumb/v7e-m/fpv4-sp/hard/libc_nano.a(lib_a-memmove.o)
                0x000000000800797e                memmove
 .text._realloc_r
                0x00000000080079b0       0x4c /home/julian/programs/stm32/Ac6/SystemWorkbench/plugins/fr.ac6.mcu.externaltools.arm-none.linux64_1.17.0.201812190825/tools/compiler/bin/../lib/gcc/arm-none-eabi/7.3.1/../../../../arm-none-eabi/lib/thumb/v7e-m/fpv4-sp/hard/libc_nano.a(lib_a-nano-reallocr.o)
                0x00000000080079b0                _realloc_r
 .text._malloc_usable_size_r
                0x00000000080079fc       0x10 /home/julian/programs/stm32/Ac6/SystemWorkbench/plugins/fr.ac6.mcu.externaltools.arm-none.linux64_1.17.0.201812190825/tools/compiler/bin/../lib/gcc/arm-none-eabi/7.3.1/../../../../arm-none-eabi/lib/thumb/v7e-m/fpv4-sp/hard/libc_nano.a(lib_a-nano-msizer.o)
                0x00000000080079fc                _malloc_usable_size_r
 *(.glue_7)
 .glue_7        0x0000000008007a0c        0x0 linker stubs
 *(.glue_7t)
 .glue_7t       0x0000000008007a0c        0x0 linker stubs
 *(.eh_frame)
 .eh_frame      0x0000000008007a0c        0x0 /home/julian/programs/stm32/Ac6/SystemWorkbench/plugins/fr.ac6.mcu.externaltools.arm-none.linux64_1.17.0.201812190825/tools/compiler/bin/../lib/gcc/arm-none-eabi/7.3.1/thumb/v7e-m/fpv4-sp/hard/crtbegin.o
 *(.init)
 .init          0x0000000008007a0c        0x4 /home/julian/programs/stm32/Ac6/SystemWorkbench/plugins/fr.ac6.mcu.externaltools.arm-none.linux64_1.17.0.201812190825/tools/compiler/bin/../lib/gcc/arm-none-eabi/7.3.1/thumb/v7e-m/fpv4-sp/hard/crti.o
                0x0000000008007a0c                _init
 .init          0x0000000008007a10        0x8 /home/julian/programs/stm32/Ac6/SystemWorkbench/plugins/fr.ac6.mcu.externaltools.arm-none.linux64_1.17.0.201812190825/tools/compiler/bin/../lib/gcc/arm-none-eabi/7.3.1/thumb/v7e-m/fpv4-sp/hard/crtn.o
 *(.fini)
 .fini          0x0000000008007a18        0x4 /home/julian/programs/stm32/Ac6/SystemWorkbench/plugins/fr.ac6.mcu.externaltools.arm-none.linux64_1.17.0.201812190825/tools/compiler/bin/../lib/gcc/arm-none-eabi/7.3.1/thumb/v7e-m/fpv4-sp/hard/crti.o
                0x0000000008007a18                _fini
 .fini          0x0000000008007a1c        0x8 /home/julian/programs/stm32/Ac6/SystemWorkbench/plugins/fr.ac6.mcu.externaltools.arm-none.linux64_1.17.0.201812190825/tools/compiler/bin/../lib/gcc/arm-none-eabi/7.3.1/thumb/v7e-m/fpv4-sp/hard/crtn.o
                0x0000000008007a24                . = ALIGN (0x4)
                0x0000000008007a24                _etext = .

.vfp11_veneer   0x0000000008007a24        0x0
 .vfp11_veneer  0x0000000008007a24        0x0 linker stubs

.v4_bx          0x0000000008007a24        0x0
 .v4_bx         0x0000000008007a24        0x0 linker stubs

.iplt           0x0000000008007a24        0x0
 .iplt          0x0000000008007a24        0x0 /home/julian/programs/stm32/Ac6/SystemWorkbench/plugins/fr.ac6.mcu.externaltools.arm-none.linux64_1.17.0.201812190825/tools/compiler/bin/../lib/gcc/arm-none-eabi/7.3.1/thumb/v7e-m/fpv4-sp/hard/crtbegin.o

.rodata         0x0000000008007a28     0x1888
                0x0000000008007a28                . = ALIGN (0x4)
 *(.rodata)
 .rodata        0x0000000008007a28       0x18 Core/Src/system_stm32f4xx.o
                0x0000000008007a28                AHBPrescTable
                0x0000000008007a38                APBPrescTable
 *(.rodata*)
 .rodata.str1.4
                0x0000000008007a40       0x42 BSP/Src/bsp.o
 *fill*         0x0000000008007a82        0x2 
 .rodata.str1.4
                0x0000000008007a84     0x13ae BSP/Src/esp8266.o
                                       0x13b6 (size before relaxing)
 *fill*         0x0000000008008e32        0x2 
 .rodata.str1.4
                0x0000000008008e34      0x205 Core/Src/main.o
                                        0x225 (size before relaxing)
 *fill*         0x0000000008009039        0x3 
 .rodata.str1.4
                0x000000000800903c        0x5 Middlewares/Third_Party/FreeRTOS/Source/tasks.o
 *fill*         0x0000000008009041        0x3 
 .rodata.str1.4
                0x0000000008009044       0x10 Middlewares/Third_Party/FreeRTOS/Source/timers.o
 .rodata._printf_float.str1.1
                0x0000000008009054       0x12 /home/julian/programs/stm32/Ac6/SystemWorkbench/plugins/fr.ac6.mcu.externaltools.arm-none.linux64_1.17.0.201812190825/tools/compiler/bin/../lib/gcc/arm-none-eabi/7.3.1/../../../../arm-none-eabi/lib/thumb/v7e-m/fpv4-sp/hard/libc_nano.a(lib_a-nano-vfprintf_float.o)
 .rodata._printf_i.str1.1
                0x0000000008009066       0x22 /home/julian/programs/stm32/Ac6/SystemWorkbench/plugins/fr.ac6.mcu.externaltools.arm-none.linux64_1.17.0.201812190825/tools/compiler/bin/../lib/gcc/arm-none-eabi/7.3.1/../../../../arm-none-eabi/lib/thumb/v7e-m/fpv4-sp/hard/libc_nano.a(lib_a-nano-vfprintf_i.o)
 .rodata._dtoa_r.str1.1
                0x0000000008009088        0xd /home/julian/programs/stm32/Ac6/SystemWorkbench/plugins/fr.ac6.mcu.externaltools.arm-none.linux64_1.17.0.201812190825/tools/compiler/bin/../lib/gcc/arm-none-eabi/7.3.1/../../../../arm-none-eabi/lib/thumb/v7e-m/fpv4-sp/hard/libc_nano.a(lib_a-dtoa.o)
                                          0xf (size before relaxing)
 .rodata._setlocale_r.str1.1
                0x0000000008009095        0x8 /home/julian/programs/stm32/Ac6/SystemWorkbench/plugins/fr.ac6.mcu.externaltools.arm-none.linux64_1.17.0.201812190825/tools/compiler/bin/../lib/gcc/arm-none-eabi/7.3.1/../../../../arm-none-eabi/lib/thumb/v7e-m/fpv4-sp/hard/libc_nano.a(lib_a-locale.o)
                                          0x9 (size before relaxing)
 .rodata.str1.1
                0x000000000800909d        0x2 /home/julian/programs/stm32/Ac6/SystemWorkbench/plugins/fr.ac6.mcu.externaltools.arm-none.linux64_1.17.0.201812190825/tools/compiler/bin/../lib/gcc/arm-none-eabi/7.3.1/../../../../arm-none-eabi/lib/thumb/v7e-m/fpv4-sp/hard/libc_nano.a(lib_a-locale.o)
 *fill*         0x000000000800909f        0x1 
 .rodata.__mprec_bigtens
                0x00000000080090a0       0x28 /home/julian/programs/stm32/Ac6/SystemWorkbench/plugins/fr.ac6.mcu.externaltools.arm-none.linux64_1.17.0.201812190825/tools/compiler/bin/../lib/gcc/arm-none-eabi/7.3.1/../../../../arm-none-eabi/lib/thumb/v7e-m/fpv4-sp/hard/libc_nano.a(lib_a-mprec.o)
                0x00000000080090a0                __mprec_bigtens
 .rodata.__mprec_tens
                0x00000000080090c8       0xc8 /home/julian/programs/stm32/Ac6/SystemWorkbench/plugins/fr.ac6.mcu.externaltools.arm-none.linux64_1.17.0.201812190825/tools/compiler/bin/../lib/gcc/arm-none-eabi/7.3.1/../../../../arm-none-eabi/lib/thumb/v7e-m/fpv4-sp/hard/libc_nano.a(lib_a-mprec.o)
                0x00000000080090c8                __mprec_tens
 .rodata.p05.7359
                0x0000000008009190        0xc /home/julian/programs/stm32/Ac6/SystemWorkbench/plugins/fr.ac6.mcu.externaltools.arm-none.linux64_1.17.0.201812190825/tools/compiler/bin/../lib/gcc/arm-none-eabi/7.3.1/../../../../arm-none-eabi/lib/thumb/v7e-m/fpv4-sp/hard/libc_nano.a(lib_a-mprec.o)
 .rodata._svfprintf_r.str1.1
                0x000000000800919c       0x11 /home/julian/programs/stm32/Ac6/SystemWorkbench/plugins/fr.ac6.mcu.externaltools.arm-none.linux64_1.17.0.201812190825/tools/compiler/bin/../lib/gcc/arm-none-eabi/7.3.1/../../../../arm-none-eabi/lib/thumb/v7e-m/fpv4-sp/hard/libc_nano.a(lib_a-nano-svfprintf.o)
 .rodata._ctype_
                0x00000000080091ad      0x101 /home/julian/programs/stm32/Ac6/SystemWorkbench/plugins/fr.ac6.mcu.externaltools.arm-none.linux64_1.17.0.201812190825/tools/compiler/bin/../lib/gcc/arm-none-eabi/7.3.1/../../../../arm-none-eabi/lib/thumb/v7e-m/fpv4-sp/hard/libc_nano.a(lib_a-ctype_.o)
                0x00000000080091ad                _ctype_
                0x00000000080092b0                . = ALIGN (0x4)
 *fill*         0x00000000080092ae        0x2 

.ARM.extab
 *(.ARM.extab* .gnu.linkonce.armextab.*)

.ARM            0x00000000080092b0        0x8
                0x00000000080092b0                __exidx_start = .
 *(.ARM.exidx*)
 .ARM.exidx     0x00000000080092b0        0x8 /home/julian/programs/stm32/Ac6/SystemWorkbench/plugins/fr.ac6.mcu.externaltools.arm-none.linux64_1.17.0.201812190825/tools/compiler/bin/../lib/gcc/arm-none-eabi/7.3.1/thumb/v7e-m/fpv4-sp/hard/libgcc.a(_udivmoddi4.o)
                0x00000000080092b8                __exidx_end = .

.rel.dyn        0x00000000080092b8        0x0
 .rel.iplt      0x00000000080092b8        0x0 /home/julian/programs/stm32/Ac6/SystemWorkbench/plugins/fr.ac6.mcu.externaltools.arm-none.linux64_1.17.0.201812190825/tools/compiler/bin/../lib/gcc/arm-none-eabi/7.3.1/thumb/v7e-m/fpv4-sp/hard/crtbegin.o

.preinit_array  0x00000000080092b8        0x0
                0x00000000080092b8                PROVIDE (__preinit_array_start = .)
 *(.preinit_array*)
                0x00000000080092b8                PROVIDE (__preinit_array_end = .)

.init_array     0x00000000080092b8        0x4
                0x00000000080092b8                PROVIDE (__init_array_start = .)
 *(SORT_BY_NAME(.init_array.*))
 *(.init_array*)
 .init_array    0x00000000080092b8        0x4 /home/julian/programs/stm32/Ac6/SystemWorkbench/plugins/fr.ac6.mcu.externaltools.arm-none.linux64_1.17.0.201812190825/tools/compiler/bin/../lib/gcc/arm-none-eabi/7.3.1/thumb/v7e-m/fpv4-sp/hard/crtbegin.o
                0x00000000080092bc                PROVIDE (__init_array_end = .)

.fini_array     0x00000000080092bc        0x4
                [!provide]                        PROVIDE (__fini_array_start = .)
 *(SORT_BY_NAME(.fini_array.*))
 *(.fini_array*)
 .fini_array    0x00000000080092bc        0x4 /home/julian/programs/stm32/Ac6/SystemWorkbench/plugins/fr.ac6.mcu.externaltools.arm-none.linux64_1.17.0.201812190825/tools/compiler/bin/../lib/gcc/arm-none-eabi/7.3.1/thumb/v7e-m/fpv4-sp/hard/crtbegin.o
                [!provide]                        PROVIDE (__fini_array_end = .)
                0x00000000080092c0                _sidata = LOADADDR (.data)

.data           0x0000000020000000      0x214 load address 0x00000000080092c0
                0x0000000020000000                . = ALIGN (0x4)
                0x0000000020000000                _sdata = .
 *(.data)
 .data          0x0000000020000000       0x14 BSP/Src/esp8266.o
                0x0000000020000000                receiveCommand
                0x0000000020000004                scheduledCommands
                0x0000000020000008                home_tail
                0x000000002000000c                home_header
                0x0000000020000010                error
 .data          0x0000000020000014       0x20 BSP/Src/led.o
                0x0000000020000014                gpio_ledRed
                0x000000002000001c                gpio_ledBlue
                0x0000000020000024                gpio_ledOrange
                0x000000002000002c                gpio_ledGreen
 .data          0x0000000020000034        0x4 Core/Src/system_stm32f4xx.o
                0x0000000020000034                SystemCoreClock
 .data          0x0000000020000038        0x8 Drivers/STM32F4xx_HAL_Driver/Src/stm32f4xx_hal.o
                0x0000000020000038                uwTickFreq
                0x000000002000003c                uwTickPrio
 .data          0x0000000020000040        0x4 Middlewares/Third_Party/FreeRTOS/Source/portable/GCC/ARM_CM4F/port.o
 *(.data*)
 .data._impure_ptr
                0x0000000020000044        0x4 /home/julian/programs/stm32/Ac6/SystemWorkbench/plugins/fr.ac6.mcu.externaltools.arm-none.linux64_1.17.0.201812190825/tools/compiler/bin/../lib/gcc/arm-none-eabi/7.3.1/../../../../arm-none-eabi/lib/thumb/v7e-m/fpv4-sp/hard/libc_nano.a(lib_a-impure.o)
                0x0000000020000044                _impure_ptr
 .data.impure_data
                0x0000000020000048       0x60 /home/julian/programs/stm32/Ac6/SystemWorkbench/plugins/fr.ac6.mcu.externaltools.arm-none.linux64_1.17.0.201812190825/tools/compiler/bin/../lib/gcc/arm-none-eabi/7.3.1/../../../../arm-none-eabi/lib/thumb/v7e-m/fpv4-sp/hard/libc_nano.a(lib_a-impure.o)
 .data.__global_locale
                0x00000000200000a8      0x16c /home/julian/programs/stm32/Ac6/SystemWorkbench/plugins/fr.ac6.mcu.externaltools.arm-none.linux64_1.17.0.201812190825/tools/compiler/bin/../lib/gcc/arm-none-eabi/7.3.1/../../../../arm-none-eabi/lib/thumb/v7e-m/fpv4-sp/hard/libc_nano.a(lib_a-locale.o)
                0x00000000200000a8                __global_locale
                0x0000000020000214                . = ALIGN (0x4)
                0x0000000020000214                _edata = .

.igot.plt       0x0000000020000214        0x0 load address 0x00000000080094d4
 .igot.plt      0x0000000020000214        0x0 /home/julian/programs/stm32/Ac6/SystemWorkbench/plugins/fr.ac6.mcu.externaltools.arm-none.linux64_1.17.0.201812190825/tools/compiler/bin/../lib/gcc/arm-none-eabi/7.3.1/thumb/v7e-m/fpv4-sp/hard/crtbegin.o
                0x0000000020000214                . = ALIGN (0x4)

.bss            0x0000000020000214     0x4744 load address 0x00000000080094d4
                0x0000000020000214                _sbss = .
                0x0000000020000214                __bss_start__ = _sbss
 *(.bss)
 .bss           0x0000000020000214       0x1c /home/julian/programs/stm32/Ac6/SystemWorkbench/plugins/fr.ac6.mcu.externaltools.arm-none.linux64_1.17.0.201812190825/tools/compiler/bin/../lib/gcc/arm-none-eabi/7.3.1/thumb/v7e-m/fpv4-sp/hard/crtbegin.o
 .bss           0x0000000020000230        0x1 BSP/Src/DHT.o
                0x0000000020000230                Presence
 *fill*         0x0000000020000231        0x3 
 .bss           0x0000000020000234      0x820 BSP/Src/UartRingbuffer.o
                0x0000000020000234                rx_buffer1
                0x000000002000043c                tx_buffer1
                0x0000000020000644                rx_buffer2
                0x000000002000084c                tx_buffer2
 .bss           0x0000000020000a54       0x24 Core/Src/main.o
 .bss           0x0000000020000a78        0x8 Core/Src/syscalls.o
                0x0000000020000a7c                __env
 .bss           0x0000000020000a80      0x12c Middlewares/Third_Party/FreeRTOS/Source/tasks.o
                0x0000000020000b80                pxCurrentTCB
 .bss           0x0000000020000bac       0x3c Middlewares/Third_Party/FreeRTOS/Source/timers.o
 .bss           0x0000000020000be8        0x8 Middlewares/Third_Party/FreeRTOS/Source/portable/GCC/ARM_CM4F/port.o
 .bss           0x0000000020000bf0     0x3c20 Middlewares/Third_Party/FreeRTOS/Source/portable/MemMang/heap_4.o
 *(.bss*)
 .bss.__malloc_free_list
                0x0000000020004810        0x4 /home/julian/programs/stm32/Ac6/SystemWorkbench/plugins/fr.ac6.mcu.externaltools.arm-none.linux64_1.17.0.201812190825/tools/compiler/bin/../lib/gcc/arm-none-eabi/7.3.1/../../../../arm-none-eabi/lib/thumb/v7e-m/fpv4-sp/hard/libc_nano.a(lib_a-nano-mallocr.o)
                0x0000000020004810                __malloc_free_list
 .bss.__malloc_sbrk_start
                0x0000000020004814        0x4 /home/julian/programs/stm32/Ac6/SystemWorkbench/plugins/fr.ac6.mcu.externaltools.arm-none.linux64_1.17.0.201812190825/tools/compiler/bin/../lib/gcc/arm-none-eabi/7.3.1/../../../../arm-none-eabi/lib/thumb/v7e-m/fpv4-sp/hard/libc_nano.a(lib_a-nano-mallocr.o)
                0x0000000020004814                __malloc_sbrk_start
 *(COMMON)
 COMMON         0x0000000020004818        0x7 BSP/Src/DHT.o
                0x0000000020004818                Rh_byte1
                0x0000000020004819                Temp_byte1
                0x000000002000481a                Rh_byte2
                0x000000002000481c                SUM
                0x000000002000481e                Temp_byte2
 *fill*         0x000000002000481f        0x1 
 COMMON         0x0000000020004820       0x10 BSP/Src/UartRingbuffer.o
                0x0000000020004820                _tx_buffer2
                0x0000000020004824                _rx_buffer1
                0x0000000020004828                _tx_buffer1
                0x000000002000482c                _rx_buffer2
 COMMON         0x0000000020004830       0xcc BSP/Src/usart.o
                0x0000000020004830                huart1
                0x0000000020004874                huart6
                0x00000000200048b8                huart2
 COMMON         0x00000000200048fc       0x14 Core/Src/main.o
                0x00000000200048fc                vLedGreen
                0x0000000020004900                vLedRed
                0x0000000020004904                vLedBlue
                0x0000000020004908                vLedOrange
                0x000000002000490c                xMutex
 COMMON         0x0000000020004910        0x4 Drivers/STM32F4xx_HAL_Driver/Src/stm32f4xx_hal.o
                0x0000000020004910                uwTick
 COMMON         0x0000000020004914       0x40 Middlewares/Third_Party/FreeRTOS/Source/queue.o
                0x0000000020004914                xQueueRegistry
 COMMON         0x0000000020004954        0x4 /home/julian/programs/stm32/Ac6/SystemWorkbench/plugins/fr.ac6.mcu.externaltools.arm-none.linux64_1.17.0.201812190825/tools/compiler/bin/../lib/gcc/arm-none-eabi/7.3.1/../../../../arm-none-eabi/lib/thumb/v7e-m/fpv4-sp/hard/libc_nano.a(lib_a-reent.o)
                0x0000000020004954                errno
                0x0000000020004958                . = ALIGN (0x4)
                0x0000000020004958                _ebss = .
                0x0000000020004958                __bss_end__ = _ebss

._user_heap_stack
                0x0000000020004958      0x600 load address 0x00000000080094d4
                0x0000000020004958                . = ALIGN (0x8)
                0x0000000020004958                PROVIDE (end = .)
                [!provide]                        PROVIDE (_end = .)
                0x0000000020004b58                . = (. + _Min_Heap_Size)
 *fill*         0x0000000020004958      0x200 
                0x0000000020004f58                . = (. + _Min_Stack_Size)
 *fill*         0x0000000020004b58      0x400 
                0x0000000020004f58                . = ALIGN (0x8)

/DISCARD/
 libc.a(*)
 libm.a(*)
 libgcc.a(*)

.ARM.attributes
                0x0000000000000000       0x30
 *(.ARM.attributes)
 .ARM.attributes
                0x0000000000000000       0x22 /home/julian/programs/stm32/Ac6/SystemWorkbench/plugins/fr.ac6.mcu.externaltools.arm-none.linux64_1.17.0.201812190825/tools/compiler/bin/../lib/gcc/arm-none-eabi/7.3.1/thumb/v7e-m/fpv4-sp/hard/crti.o
 .ARM.attributes
                0x0000000000000022       0x34 /home/julian/programs/stm32/Ac6/SystemWorkbench/plugins/fr.ac6.mcu.externaltools.arm-none.linux64_1.17.0.201812190825/tools/compiler/bin/../lib/gcc/arm-none-eabi/7.3.1/thumb/v7e-m/fpv4-sp/hard/crtbegin.o
 .ARM.attributes
                0x0000000000000056       0x39 BSP/Src/DHT.o
 .ARM.attributes
                0x000000000000008f       0x39 BSP/Src/UartRingbuffer.o
 .ARM.attributes
                0x00000000000000c8       0x39 BSP/Src/bsp.o
 .ARM.attributes
                0x0000000000000101       0x39 BSP/Src/esp8266.o
 .ARM.attributes
                0x000000000000013a       0x39 BSP/Src/gpio.o
 .ARM.attributes
                0x0000000000000173       0x39 BSP/Src/led.o
 .ARM.attributes
                0x00000000000001ac       0x39 BSP/Src/usart.o
 .ARM.attributes
                0x00000000000001e5       0x39 Core/Src/main.o
 .ARM.attributes
                0x000000000000021e       0x39 Core/Src/stm32f4xx_hal_msp.o
 .ARM.attributes
                0x0000000000000257       0x39 Core/Src/stm32f4xx_it.o
 .ARM.attributes
                0x0000000000000290       0x39 Core/Src/syscalls.o
 .ARM.attributes
                0x00000000000002c9       0x39 Core/Src/system_stm32f4xx.o
 .ARM.attributes
                0x0000000000000302       0x39 Drivers/STM32F4xx_HAL_Driver/Src/stm32f4xx_hal.o
 .ARM.attributes
                0x000000000000033b       0x39 Drivers/STM32F4xx_HAL_Driver/Src/stm32f4xx_hal_cortex.o
 .ARM.attributes
                0x0000000000000374       0x39 Drivers/STM32F4xx_HAL_Driver/Src/stm32f4xx_hal_gpio.o
 .ARM.attributes
                0x00000000000003ad       0x39 Drivers/STM32F4xx_HAL_Driver/Src/stm32f4xx_hal_rcc.o
 .ARM.attributes
                0x00000000000003e6       0x39 Drivers/STM32F4xx_HAL_Driver/Src/stm32f4xx_hal_uart.o
 .ARM.attributes
                0x000000000000041f       0x39 Middlewares/Third_Party/FreeRTOS/Source/list.o
 .ARM.attributes
                0x0000000000000458       0x39 Middlewares/Third_Party/FreeRTOS/Source/queue.o
 .ARM.attributes
                0x0000000000000491       0x39 Middlewares/Third_Party/FreeRTOS/Source/tasks.o
 .ARM.attributes
                0x00000000000004ca       0x39 Middlewares/Third_Party/FreeRTOS/Source/timers.o
 .ARM.attributes
                0x0000000000000503       0x39 Middlewares/Third_Party/FreeRTOS/Source/portable/GCC/ARM_CM4F/port.o
 .ARM.attributes
                0x000000000000053c       0x39 Middlewares/Third_Party/FreeRTOS/Source/portable/MemMang/heap_4.o
 .ARM.attributes
                0x0000000000000575       0x21 startup/startup_stm32f411xe.o
 .ARM.attributes
                0x0000000000000596       0x22 /home/julian/programs/stm32/Ac6/SystemWorkbench/plugins/fr.ac6.mcu.externaltools.arm-none.linux64_1.17.0.201812190825/tools/compiler/bin/../lib/gcc/arm-none-eabi/7.3.1/thumb/v7e-m/fpv4-sp/hard/libgcc.a(_aeabi_uldivmod.o)
 .ARM.attributes
                0x00000000000005b8       0x34 /home/julian/programs/stm32/Ac6/SystemWorkbench/plugins/fr.ac6.mcu.externaltools.arm-none.linux64_1.17.0.201812190825/tools/compiler/bin/../lib/gcc/arm-none-eabi/7.3.1/thumb/v7e-m/fpv4-sp/hard/libgcc.a(_udivmoddi4.o)
 .ARM.attributes
                0x00000000000005ec       0x22 /home/julian/programs/stm32/Ac6/SystemWorkbench/plugins/fr.ac6.mcu.externaltools.arm-none.linux64_1.17.0.201812190825/tools/compiler/bin/../lib/gcc/arm-none-eabi/7.3.1/thumb/v7e-m/fpv4-sp/hard/libgcc.a(_dvmd_tls.o)
 .ARM.attributes
                0x000000000000060e       0x34 /home/julian/programs/stm32/Ac6/SystemWorkbench/plugins/fr.ac6.mcu.externaltools.arm-none.linux64_1.17.0.201812190825/tools/compiler/bin/../lib/gcc/arm-none-eabi/7.3.1/../../../../arm-none-eabi/lib/thumb/v7e-m/fpv4-sp/hard/libc_nano.a(lib_a-atoi.o)
 .ARM.attributes
                0x0000000000000642       0x34 /home/julian/programs/stm32/Ac6/SystemWorkbench/plugins/fr.ac6.mcu.externaltools.arm-none.linux64_1.17.0.201812190825/tools/compiler/bin/../lib/gcc/arm-none-eabi/7.3.1/../../../../arm-none-eabi/lib/thumb/v7e-m/fpv4-sp/hard/libc_nano.a(lib_a-calloc.o)
 .ARM.attributes
                0x0000000000000676       0x34 /home/julian/programs/stm32/Ac6/SystemWorkbench/plugins/fr.ac6.mcu.externaltools.arm-none.linux64_1.17.0.201812190825/tools/compiler/bin/../lib/gcc/arm-none-eabi/7.3.1/../../../../arm-none-eabi/lib/thumb/v7e-m/fpv4-sp/hard/libc_nano.a(lib_a-errno.o)
 .ARM.attributes
                0x00000000000006aa       0x34 /home/julian/programs/stm32/Ac6/SystemWorkbench/plugins/fr.ac6.mcu.externaltools.arm-none.linux64_1.17.0.201812190825/tools/compiler/bin/../lib/gcc/arm-none-eabi/7.3.1/../../../../arm-none-eabi/lib/thumb/v7e-m/fpv4-sp/hard/libc_nano.a(lib_a-impure.o)
 .ARM.attributes
                0x00000000000006de       0x34 /home/julian/programs/stm32/Ac6/SystemWorkbench/plugins/fr.ac6.mcu.externaltools.arm-none.linux64_1.17.0.201812190825/tools/compiler/bin/../lib/gcc/arm-none-eabi/7.3.1/../../../../arm-none-eabi/lib/thumb/v7e-m/fpv4-sp/hard/libc_nano.a(lib_a-init.o)
 .ARM.attributes
                0x0000000000000712       0x34 /home/julian/programs/stm32/Ac6/SystemWorkbench/plugins/fr.ac6.mcu.externaltools.arm-none.linux64_1.17.0.201812190825/tools/compiler/bin/../lib/gcc/arm-none-eabi/7.3.1/../../../../arm-none-eabi/lib/thumb/v7e-m/fpv4-sp/hard/libc_nano.a(lib_a-memcpy-stub.o)
 .ARM.attributes
                0x0000000000000746       0x34 /home/julian/programs/stm32/Ac6/SystemWorkbench/plugins/fr.ac6.mcu.externaltools.arm-none.linux64_1.17.0.201812190825/tools/compiler/bin/../lib/gcc/arm-none-eabi/7.3.1/../../../../arm-none-eabi/lib/thumb/v7e-m/fpv4-sp/hard/libc_nano.a(lib_a-memset.o)
 .ARM.attributes
                0x000000000000077a       0x34 /home/julian/programs/stm32/Ac6/SystemWorkbench/plugins/fr.ac6.mcu.externaltools.arm-none.linux64_1.17.0.201812190825/tools/compiler/bin/../lib/gcc/arm-none-eabi/7.3.1/../../../../arm-none-eabi/lib/thumb/v7e-m/fpv4-sp/hard/libc_nano.a(lib_a-nano-callocr.o)
 .ARM.attributes
                0x00000000000007ae       0x34 /home/julian/programs/stm32/Ac6/SystemWorkbench/plugins/fr.ac6.mcu.externaltools.arm-none.linux64_1.17.0.201812190825/tools/compiler/bin/../lib/gcc/arm-none-eabi/7.3.1/../../../../arm-none-eabi/lib/thumb/v7e-m/fpv4-sp/hard/libc_nano.a(lib_a-nano-mallocr.o)
 .ARM.attributes
                0x00000000000007e2       0x34 /home/julian/programs/stm32/Ac6/SystemWorkbench/plugins/fr.ac6.mcu.externaltools.arm-none.linux64_1.17.0.201812190825/tools/compiler/bin/../lib/gcc/arm-none-eabi/7.3.1/../../../../arm-none-eabi/lib/thumb/v7e-m/fpv4-sp/hard/libc_nano.a(lib_a-nano-vfprintf_float.o)
 .ARM.attributes
                0x0000000000000816       0x34 /home/julian/programs/stm32/Ac6/SystemWorkbench/plugins/fr.ac6.mcu.externaltools.arm-none.linux64_1.17.0.201812190825/tools/compiler/bin/../lib/gcc/arm-none-eabi/7.3.1/../../../../arm-none-eabi/lib/thumb/v7e-m/fpv4-sp/hard/libc_nano.a(lib_a-nano-vfprintf_i.o)
 .ARM.attributes
                0x000000000000084a       0x34 /home/julian/programs/stm32/Ac6/SystemWorkbench/plugins/fr.ac6.mcu.externaltools.arm-none.linux64_1.17.0.201812190825/tools/compiler/bin/../lib/gcc/arm-none-eabi/7.3.1/../../../../arm-none-eabi/lib/thumb/v7e-m/fpv4-sp/hard/libc_nano.a(lib_a-sbrkr.o)
 .ARM.attributes
                0x000000000000087e       0x34 /home/julian/programs/stm32/Ac6/SystemWorkbench/plugins/fr.ac6.mcu.externaltools.arm-none.linux64_1.17.0.201812190825/tools/compiler/bin/../lib/gcc/arm-none-eabi/7.3.1/../../../../arm-none-eabi/lib/thumb/v7e-m/fpv4-sp/hard/libc_nano.a(lib_a-sprintf.o)
 .ARM.attributes
                0x00000000000008b2       0x34 /home/julian/programs/stm32/Ac6/SystemWorkbench/plugins/fr.ac6.mcu.externaltools.arm-none.linux64_1.17.0.201812190825/tools/compiler/bin/../lib/gcc/arm-none-eabi/7.3.1/../../../../arm-none-eabi/lib/thumb/v7e-m/fpv4-sp/hard/libc_nano.a(lib_a-strcat.o)
 .ARM.attributes
                0x00000000000008e6       0x20 /home/julian/programs/stm32/Ac6/SystemWorkbench/plugins/fr.ac6.mcu.externaltools.arm-none.linux64_1.17.0.201812190825/tools/compiler/bin/../lib/gcc/arm-none-eabi/7.3.1/../../../../arm-none-eabi/lib/thumb/v7e-m/fpv4-sp/hard/libc_nano.a(lib_a-strcmp.o)
 .ARM.attributes
                0x0000000000000906       0x34 /home/julian/programs/stm32/Ac6/SystemWorkbench/plugins/fr.ac6.mcu.externaltools.arm-none.linux64_1.17.0.201812190825/tools/compiler/bin/../lib/gcc/arm-none-eabi/7.3.1/../../../../arm-none-eabi/lib/thumb/v7e-m/fpv4-sp/hard/libc_nano.a(lib_a-strcpy.o)
 .ARM.attributes
                0x000000000000093a       0x1b /home/julian/programs/stm32/Ac6/SystemWorkbench/plugins/fr.ac6.mcu.externaltools.arm-none.linux64_1.17.0.201812190825/tools/compiler/bin/../lib/gcc/arm-none-eabi/7.3.1/../../../../arm-none-eabi/lib/thumb/v7e-m/fpv4-sp/hard/libc_nano.a(lib_a-strlen.o)
 .ARM.attributes
                0x0000000000000955       0x34 /home/julian/programs/stm32/Ac6/SystemWorkbench/plugins/fr.ac6.mcu.externaltools.arm-none.linux64_1.17.0.201812190825/tools/compiler/bin/../lib/gcc/arm-none-eabi/7.3.1/../../../../arm-none-eabi/lib/thumb/v7e-m/fpv4-sp/hard/libc_nano.a(lib_a-strtol.o)
 .ARM.attributes
                0x0000000000000989       0x34 /home/julian/programs/stm32/Ac6/SystemWorkbench/plugins/fr.ac6.mcu.externaltools.arm-none.linux64_1.17.0.201812190825/tools/compiler/bin/../lib/gcc/arm-none-eabi/7.3.1/../../../../arm-none-eabi/lib/thumb/v7e-m/fpv4-sp/hard/libc_nano.a(lib_a-dtoa.o)
 .ARM.attributes
                0x00000000000009bd       0x34 /home/julian/programs/stm32/Ac6/SystemWorkbench/plugins/fr.ac6.mcu.externaltools.arm-none.linux64_1.17.0.201812190825/tools/compiler/bin/../lib/gcc/arm-none-eabi/7.3.1/../../../../arm-none-eabi/lib/thumb/v7e-m/fpv4-sp/hard/libc_nano.a(lib_a-locale.o)
 .ARM.attributes
                0x00000000000009f1       0x34 /home/julian/programs/stm32/Ac6/SystemWorkbench/plugins/fr.ac6.mcu.externaltools.arm-none.linux64_1.17.0.201812190825/tools/compiler/bin/../lib/gcc/arm-none-eabi/7.3.1/../../../../arm-none-eabi/lib/thumb/v7e-m/fpv4-sp/hard/libc_nano.a(lib_a-localeconv.o)
 .ARM.attributes
                0x0000000000000a25       0x34 /home/julian/programs/stm32/Ac6/SystemWorkbench/plugins/fr.ac6.mcu.externaltools.arm-none.linux64_1.17.0.201812190825/tools/compiler/bin/../lib/gcc/arm-none-eabi/7.3.1/../../../../arm-none-eabi/lib/thumb/v7e-m/fpv4-sp/hard/libc_nano.a(lib_a-malloc.o)
 .ARM.attributes
                0x0000000000000a59       0x34 /home/julian/programs/stm32/Ac6/SystemWorkbench/plugins/fr.ac6.mcu.externaltools.arm-none.linux64_1.17.0.201812190825/tools/compiler/bin/../lib/gcc/arm-none-eabi/7.3.1/../../../../arm-none-eabi/lib/thumb/v7e-m/fpv4-sp/hard/libc_nano.a(lib_a-mbtowc_r.o)
 .ARM.attributes
                0x0000000000000a8d       0x20 /home/julian/programs/stm32/Ac6/SystemWorkbench/plugins/fr.ac6.mcu.externaltools.arm-none.linux64_1.17.0.201812190825/tools/compiler/bin/../lib/gcc/arm-none-eabi/7.3.1/../../../../arm-none-eabi/lib/thumb/v7e-m/fpv4-sp/hard/libc_nano.a(lib_a-memchr.o)
 .ARM.attributes
                0x0000000000000aad       0x34 /home/julian/programs/stm32/Ac6/SystemWorkbench/plugins/fr.ac6.mcu.externaltools.arm-none.linux64_1.17.0.201812190825/tools/compiler/bin/../lib/gcc/arm-none-eabi/7.3.1/../../../../arm-none-eabi/lib/thumb/v7e-m/fpv4-sp/hard/libc_nano.a(lib_a-mlock.o)
 .ARM.attributes
                0x0000000000000ae1       0x34 /home/julian/programs/stm32/Ac6/SystemWorkbench/plugins/fr.ac6.mcu.externaltools.arm-none.linux64_1.17.0.201812190825/tools/compiler/bin/../lib/gcc/arm-none-eabi/7.3.1/../../../../arm-none-eabi/lib/thumb/v7e-m/fpv4-sp/hard/libc_nano.a(lib_a-mprec.o)
 .ARM.attributes
                0x0000000000000b15       0x34 /home/julian/programs/stm32/Ac6/SystemWorkbench/plugins/fr.ac6.mcu.externaltools.arm-none.linux64_1.17.0.201812190825/tools/compiler/bin/../lib/gcc/arm-none-eabi/7.3.1/../../../../arm-none-eabi/lib/thumb/v7e-m/fpv4-sp/hard/libc_nano.a(lib_a-nano-freer.o)
 .ARM.attributes
                0x0000000000000b49       0x34 /home/julian/programs/stm32/Ac6/SystemWorkbench/plugins/fr.ac6.mcu.externaltools.arm-none.linux64_1.17.0.201812190825/tools/compiler/bin/../lib/gcc/arm-none-eabi/7.3.1/../../../../arm-none-eabi/lib/thumb/v7e-m/fpv4-sp/hard/libc_nano.a(lib_a-nano-svfprintf.o)
 .ARM.attributes
                0x0000000000000b7d       0x34 /home/julian/programs/stm32/Ac6/SystemWorkbench/plugins/fr.ac6.mcu.externaltools.arm-none.linux64_1.17.0.201812190825/tools/compiler/bin/../lib/gcc/arm-none-eabi/7.3.1/../../../../arm-none-eabi/lib/thumb/v7e-m/fpv4-sp/hard/libc_nano.a(lib_a-reent.o)
 .ARM.attributes
                0x0000000000000bb1       0x34 /home/julian/programs/stm32/Ac6/SystemWorkbench/plugins/fr.ac6.mcu.externaltools.arm-none.linux64_1.17.0.201812190825/tools/compiler/bin/../lib/gcc/arm-none-eabi/7.3.1/../../../../arm-none-eabi/lib/thumb/v7e-m/fpv4-sp/hard/libc_nano.a(lib_a-wctomb_r.o)
 .ARM.attributes
                0x0000000000000be5       0x34 /home/julian/programs/stm32/Ac6/SystemWorkbench/plugins/fr.ac6.mcu.externaltools.arm-none.linux64_1.17.0.201812190825/tools/compiler/bin/../lib/gcc/arm-none-eabi/7.3.1/../../../../arm-none-eabi/lib/thumb/v7e-m/fpv4-sp/hard/libc_nano.a(lib_a-ctype_.o)
 .ARM.attributes
                0x0000000000000c19       0x34 /home/julian/programs/stm32/Ac6/SystemWorkbench/plugins/fr.ac6.mcu.externaltools.arm-none.linux64_1.17.0.201812190825/tools/compiler/bin/../lib/gcc/arm-none-eabi/7.3.1/../../../../arm-none-eabi/lib/thumb/v7e-m/fpv4-sp/hard/libc_nano.a(lib_a-memmove.o)
 .ARM.attributes
                0x0000000000000c4d       0x34 /home/julian/programs/stm32/Ac6/SystemWorkbench/plugins/fr.ac6.mcu.externaltools.arm-none.linux64_1.17.0.201812190825/tools/compiler/bin/../lib/gcc/arm-none-eabi/7.3.1/../../../../arm-none-eabi/lib/thumb/v7e-m/fpv4-sp/hard/libc_nano.a(lib_a-nano-reallocr.o)
 .ARM.attributes
                0x0000000000000c81       0x34 /home/julian/programs/stm32/Ac6/SystemWorkbench/plugins/fr.ac6.mcu.externaltools.arm-none.linux64_1.17.0.201812190825/tools/compiler/bin/../lib/gcc/arm-none-eabi/7.3.1/../../../../arm-none-eabi/lib/thumb/v7e-m/fpv4-sp/hard/libc_nano.a(lib_a-nano-msizer.o)
 .ARM.attributes
                0x0000000000000cb5       0x22 /home/julian/programs/stm32/Ac6/SystemWorkbench/plugins/fr.ac6.mcu.externaltools.arm-none.linux64_1.17.0.201812190825/tools/compiler/bin/../lib/gcc/arm-none-eabi/7.3.1/thumb/v7e-m/fpv4-sp/hard/libgcc.a(_arm_addsubdf3.o)
 .ARM.attributes
                0x0000000000000cd7       0x22 /home/julian/programs/stm32/Ac6/SystemWorkbench/plugins/fr.ac6.mcu.externaltools.arm-none.linux64_1.17.0.201812190825/tools/compiler/bin/../lib/gcc/arm-none-eabi/7.3.1/thumb/v7e-m/fpv4-sp/hard/libgcc.a(_arm_muldivdf3.o)
 .ARM.attributes